Component: ARM Compiler 5.06 update 5 (build 528) Tool: armlink [4d35e2]

==============================================================================

Section Cross References

    startup_stm32f103xb.o(RESET) refers to startup_stm32f103xb.o(STACK) for __initial_sp
    startup_stm32f103xb.o(RESET) refers to startup_stm32f103xb.o(.text) for Reset_Handler
    startup_stm32f103xb.o(RESET) refers to stm32f1xx_it.o(i.NMI_Handler) for NMI_Handler
    startup_stm32f103xb.o(RESET) refers to stm32f1xx_it.o(i.HardFault_Handler) for HardFault_Handler
    startup_stm32f103xb.o(RESET) refers to stm32f1xx_it.o(i.MemManage_Handler) for MemManage_Handler
    startup_stm32f103xb.o(RESET) refers to stm32f1xx_it.o(i.BusFault_Handler) for BusFault_Handler
    startup_stm32f103xb.o(RESET) refers to stm32f1xx_it.o(i.UsageFault_Handler) for UsageFault_Handler
    startup_stm32f103xb.o(RESET) refers to stm32f1xx_it.o(i.SVC_Handler) for SVC_Handler
    startup_stm32f103xb.o(RESET) refers to stm32f1xx_it.o(i.DebugMon_Handler) for DebugMon_Handler
    startup_stm32f103xb.o(RESET) refers to stm32f1xx_it.o(i.PendSV_Handler) for PendSV_Handler
    startup_stm32f103xb.o(RESET) refers to stm32f1xx_it.o(i.SysTick_Handler) for SysTick_Handler
    startup_stm32f103xb.o(RESET) refers to stm32f1xx_it.o(i.USB_LP_CAN1_RX0_IRQHandler) for USB_LP_CAN1_RX0_IRQHandler
    startup_stm32f103xb.o(RESET) refers to stm32f1xx_it.o(i.TIM1_UP_IRQHandler) for TIM1_UP_IRQHandler
    startup_stm32f103xb.o(.text) refers to system_stm32f1xx.o(i.SystemInit) for SystemInit
    startup_stm32f103xb.o(.text) refers to entry.o(.ARM.Collect$$$$00000000) for __main
    main.o(i.SystemClock_Config) refers to stm32f1xx_hal_rcc.o(i.HAL_RCC_OscConfig) for HAL_RCC_OscConfig
    main.o(i.SystemClock_Config) refers to stm32f1xx_hal_rcc.o(i.HAL_RCC_ClockConfig) for HAL_RCC_ClockConfig
    main.o(i.SystemClock_Config) refers to stm32f1xx_hal_rcc_ex.o(i.HAL_RCCEx_PeriphCLKConfig) for HAL_RCCEx_PeriphCLKConfig
    main.o(i.SystemClock_Config) refers to stm32f1xx_hal_rcc.o(i.HAL_RCC_GetHCLKFreq) for HAL_RCC_GetHCLKFreq
    main.o(i.SystemClock_Config) refers to stm32f1xx_hal_cortex.o(i.HAL_SYSTICK_Config) for HAL_SYSTICK_Config
    main.o(i.SystemClock_Config) refers to stm32f1xx_hal_cortex.o(i.HAL_SYSTICK_CLKSourceConfig) for HAL_SYSTICK_CLKSourceConfig
    main.o(i.SystemClock_Config) refers to stm32f1xx_hal_cortex.o(i.HAL_NVIC_SetPriority) for HAL_NVIC_SetPriority
    main.o(i.main) refers to stm32f1xx_hal.o(i.HAL_Init) for HAL_Init
    main.o(i.main) refers to main.o(i.SystemClock_Config) for SystemClock_Config
    main.o(i.main) refers to gpio.o(i.MX_GPIO_Init) for MX_GPIO_Init
    main.o(i.main) refers to tim.o(i.MX_TIM1_Init) for MX_TIM1_Init
    main.o(i.main) refers to usb_device.o(i.MX_USB_DEVICE_Init) for MX_USB_DEVICE_Init
    main.o(i.main) refers to stm32f1xx_hal_tim.o(i.HAL_TIM_PWM_Start) for HAL_TIM_PWM_Start
    main.o(i.main) refers to stm32f1xx_hal_tim_ex.o(i.HAL_TIMEx_PWMN_Start) for HAL_TIMEx_PWMN_Start
    main.o(i.main) refers to stm32f1xx_hal_tim.o(i.HAL_TIM_Base_Start_IT) for HAL_TIM_Base_Start_IT
    main.o(i.main) refers to sin.o(i.sin) for sin
    main.o(i.main) refers to dfltui.o(.text) for __aeabi_ui2d
    main.o(i.main) refers to dmul.o(.text) for __aeabi_dmul
    main.o(i.main) refers to dscalb.o(.text) for __ARM_scalbn
    main.o(i.main) refers to dadd.o(.text) for __aeabi_dadd
    main.o(i.main) refers to dfixui.o(.text) for __aeabi_d2uiz
    main.o(i.main) refers to tim.o(.bss) for htim1
    main.o(i.main) refers to main.o(.data) for .data
    tim.o(i.HAL_TIM_Base_MspDeInit) refers to stm32f1xx_hal_cortex.o(i.HAL_NVIC_DisableIRQ) for HAL_NVIC_DisableIRQ
    tim.o(i.HAL_TIM_Base_MspInit) refers to stm32f1xx_hal_cortex.o(i.HAL_NVIC_SetPriority) for HAL_NVIC_SetPriority
    tim.o(i.HAL_TIM_Base_MspInit) refers to stm32f1xx_hal_cortex.o(i.HAL_NVIC_EnableIRQ) for HAL_NVIC_EnableIRQ
    tim.o(i.HAL_TIM_MspPostInit) refers to stm32f1xx_hal_gpio.o(i.HAL_GPIO_Init) for HAL_GPIO_Init
    tim.o(i.MX_TIM1_Init) refers to stm32f1xx_hal_tim.o(i.HAL_TIM_Base_Init) for HAL_TIM_Base_Init
    tim.o(i.MX_TIM1_Init) refers to main.o(i._Error_Handler) for _Error_Handler
    tim.o(i.MX_TIM1_Init) refers to stm32f1xx_hal_tim.o(i.HAL_TIM_ConfigClockSource) for HAL_TIM_ConfigClockSource
    tim.o(i.MX_TIM1_Init) refers to stm32f1xx_hal_tim.o(i.HAL_TIM_PWM_Init) for HAL_TIM_PWM_Init
    tim.o(i.MX_TIM1_Init) refers to stm32f1xx_hal_tim_ex.o(i.HAL_TIMEx_MasterConfigSynchronization) for HAL_TIMEx_MasterConfigSynchronization
    tim.o(i.MX_TIM1_Init) refers to stm32f1xx_hal_tim.o(i.HAL_TIM_PWM_ConfigChannel) for HAL_TIM_PWM_ConfigChannel
    tim.o(i.MX_TIM1_Init) refers to stm32f1xx_hal_tim_ex.o(i.HAL_TIMEx_ConfigBreakDeadTime) for HAL_TIMEx_ConfigBreakDeadTime
    tim.o(i.MX_TIM1_Init) refers to tim.o(i.HAL_TIM_MspPostInit) for HAL_TIM_MspPostInit
    tim.o(i.MX_TIM1_Init) refers to tim.o(.bss) for .bss
[...]
    .text                                    0x08000ab0   Section        0  dfixi.o(.text)
    .text                                    0x08000af0   Section        0  ctype_c.o(.text)
    .text                                    0x08000b18   Section        0  dfltul.o(.text)
    .text                                    0x08000b30   Section        0  d2f.o(.text)
    .text                                    0x08000b68   Section        0  fepilogue.o(.text)
    .text                                    0x08000bd6   Section        0  __dczerorl2.o(.text)
    i.BusFault_Handler                       0x08000c2c   Section        0  stm32f1xx_it.o(i.BusFault_Handler)
    i.CDC_Control_FS                         0x08000c2e   Section        0  usbd_cdc_if.o(i.CDC_Control_FS)
    CDC_Control_FS                           0x08000c2f   Thumb Code     4  usbd_cdc_if.o(i.CDC_Control_FS)
    i.CDC_DeInit_FS                          0x08000c32   Section        0  usbd_cdc_if.o(i.CDC_DeInit_FS)
    CDC_DeInit_FS                            0x08000c33   Thumb Code     4  usbd_cdc_if.o(i.CDC_DeInit_FS)
    i.CDC_Init_FS                            0x08000c38   Section        0  usbd_cdc_if.o(i.CDC_Init_FS)
    CDC_Init_FS                              0x08000c39   Thumb Code    24  usbd_cdc_if.o(i.CDC_Init_FS)
    i.CDC_Receive_FS                         0x08000c5c   Section        0  usbd_cdc_if.o(i.CDC_Receive_FS)
    CDC_Receive_FS                           0x08000c5d   Thumb Code    32  usbd_cdc_if.o(i.CDC_Receive_FS)
    i.DebugMon_Handler                       0x08000c84   Section        0  stm32f1xx_it.o(i.DebugMon_Handler)
    i.HAL_GPIO_Init                          0x08000c88   Section        0  stm32f1xx_hal_gpio.o(i.HAL_GPIO_Init)
    i.HAL_GetTick                            0x08000e44   Section        0  stm32f1xx_hal.o(i.HAL_GetTick)
    i.HAL_IncTick                            0x08000e50   Section        0  stm32f1xx_hal.o(i.HAL_IncTick)
    i.HAL_Init                               0x08000e60   Section        0  stm32f1xx_hal.o(i.HAL_Init)
    i.HAL_InitTick                           0x08000e84   Section        0  stm32f1xx_hal.o(i.HAL_InitTick)
    i.HAL_MspInit                            0x08000ec4   Section        0  stm32f1xx_hal_msp.o(i.HAL_MspInit)
    i.HAL_NVIC_EnableIRQ                     0x08000f54   Section        0  stm32f1xx_hal_cortex.o(i.HAL_NVIC_EnableIRQ)
    i.HAL_NVIC_SetPriority                   0x08000f6c   Section        0  stm32f1xx_hal_cortex.o(i.HAL_NVIC_SetPriority)
    i.HAL_NVIC_SetPriorityGrouping           0x08000fac   Section        0  stm32f1xx_hal_cortex.o(i.HAL_NVIC_SetPriorityGrouping)
    i.HAL_PCDEx_PMAConfig                    0x08000fd0   Section        0  stm32f1xx_hal_pcd_ex.o(i.HAL_PCDEx_PMAConfig)
    i.HAL_PCDEx_SetConnectionState           0x08001004   Section        0  usbd_conf.o(i.HAL_PCDEx_SetConnectionState)
    i.HAL_PCD_DataInStageCallback            0x08001006   Section        0  usbd_conf.o(i.HAL_PCD_DataInStageCallback)
    i.HAL_PCD_DataOutStageCallback           0x08001014   Section        0  usbd_conf.o(i.HAL_PCD_DataOutStageCallback)
    i.HAL_PCD_EP_Close                       0x08001024   Section        0  stm32f1xx_hal_pcd.o(i.HAL_PCD_EP_Close)
    i.HAL_PCD_EP_ClrStall                    0x08001064   Section        0  stm32f1xx_hal_pcd.o(i.HAL_PCD_EP_ClrStall)
    i.HAL_PCD_EP_GetRxCount                  0x080010ac   Section        0  stm32f1xx_hal_pcd.o(i.HAL_PCD_EP_GetRxCount)
    i.HAL_PCD_EP_Open                        0x080010bc   Section        0  stm32f1xx_hal_pcd.o(i.HAL_PCD_EP_Open)
    i.HAL_PCD_EP_Receive                     0x08001100   Section        0  stm32f1xx_hal_pcd.o(i.HAL_PCD_EP_Receive)
    i.HAL_PCD_EP_SetStall                    0x0800112e   Section        0  stm32f1xx_hal_pcd.o(i.HAL_PCD_EP_SetStall)
    i.HAL_PCD_EP_Transmit                    0x08001184   Section        0  stm32f1xx_hal_pcd.o(i.HAL_PCD_EP_Transmit)
    i.HAL_PCD_IRQHandler                     0x080011ae   Section        0  stm32f1xx_hal_pcd.o(i.HAL_PCD_IRQHandler)
    i.HAL_PCD_Init                           0x080012bc   Section        0  stm32f1xx_hal_pcd.o(i.HAL_PCD_Init)
    i.HAL_PCD_MspInit                        0x0800137c   Section        0  usbd_conf.o(i.HAL_PCD_MspInit)
    i.HAL_PCD_ResetCallback                  0x080013b8   Section        0  usbd_conf.o(i.HAL_PCD_ResetCallback)
    i.HAL_PCD_ResumeCallback                 0x080013d2   Section        0  usbd_conf.o(i.HAL_PCD_ResumeCallback)
    i.HAL_PCD_SOFCallback                    0x080013da   Section        0  usbd_conf.o(i.HAL_PCD_SOFCallback)
    i.HAL_PCD_SetAddress                     0x080013e2   Section        0  stm32f1xx_hal_pcd.o(i.HAL_PCD_SetAddress)
    i.HAL_PCD_SetupStageCallback             0x0800140a   Section        0  usbd_conf.o(i.HAL_PCD_SetupStageCallback)
    i.HAL_PCD_Start                          0x08001418   Section        0  stm32f1xx_hal_pcd.o(i.HAL_PCD_Start)
    i.HAL_PCD_SuspendCallback                0x0800144c   Section        0  usbd_conf.o(i.HAL_PCD_SuspendCallback)
    i.HAL_RCCEx_PeriphCLKConfig              0x08001470   Section        0  stm32f1xx_hal_rcc_ex.o(i.HAL_RCCEx_PeriphCLKConfig)
    i.HAL_RCC_ClockConfig                    0x0800155c   Section        0  stm32f1xx_hal_rcc.o(i.HAL_RCC_ClockConfig)
    i.HAL_RCC_GetHCLKFreq                    0x080016b0   Section        0  stm32f1xx_hal_rcc.o(i.HAL_RCC_GetHCLKFreq)
    i.HAL_RCC_GetSysClockFreq                0x080016bc   Section        0  stm32f1xx_hal_rcc.o(i.HAL_RCC_GetSysClockFreq)
    i.HAL_RCC_OscConfig                      0x08001728   Section        0  stm32f1xx_hal_rcc.o(i.HAL_RCC_OscConfig)
    i.HAL_SYSTICK_CLKSourceConfig            0x08001a2c   Section        0  stm32f1xx_hal_cortex.o(i.HAL_SYSTICK_CLKSourceConfig)
    i.HAL_SYSTICK_Callback                   0x08001a44   Section        0  stm32f1xx_hal_cortex.o(i.HAL_SYSTICK_Callback)
    i.HAL_SYSTICK_Config                     0x08001a46   Section        0  stm32f1xx_hal_cortex.o(i.HAL_SYSTICK_Config)
    i.HAL_SYSTICK_IRQHandler                 0x08001a6e   Section        0  stm32f1xx_hal_cortex.o(i.HAL_SYSTICK_IRQHandler)
    i.HAL_TIMEx_BreakCallback                0x08001a76   Section        0  stm32f1xx_hal_tim_ex.o(i.HAL_TIMEx_BreakCallback)
    i.HAL_TIMEx_CommutationCallback          0x08001a78   Section        0  stm32f1xx_hal_tim_ex.o(i.HAL_TIMEx_CommutationCallback)
    i.HAL_TIMEx_ConfigBreakDeadTime          0x08001a7a   Section        0  stm32f1xx_hal_tim_ex.o(i.HAL_TIMEx_ConfigBreakDeadTime)
    i.HAL_TIMEx_MasterConfigSynchronization  0x08001ad4   Section        0  stm32f1xx_hal_tim_ex.o(i.HAL_TIMEx_MasterConfigSynchronization)
    i.HAL_TIMEx_PWMN_Start                   0x08001b24   Section        0  stm32f1xx_hal_tim_ex.o(i.HAL_TIMEx_PWMN_Start)
    i.HAL_TIM_Base_Init                      0x08001b48   Section        0  stm32f1xx_hal_tim.o(i.HAL_TIM_Base_Init)
    i.HAL_TIM_Base_MspInit                   0x08001b80   Section        0  tim.o(i.HAL_TIM_Base_MspInit)
    i.HAL_TIM_Base_Start_IT                  0x08001bbc   Section        0  stm32f1xx_hal_tim.o(i.HAL_TIM_Base_Start_IT)
    i.HAL_TIM_ConfigClockSource              0x08001bd4   Section        0  stm32f1xx_hal_tim.o(i.HAL_TIM_ConfigClockSource)
    i.HAL_TIM_IC_CaptureCallback             0x08001cc6   Section        0  stm32f1xx_hal_tim.o(i.HAL_TIM_IC_CaptureCallback)
    i.HAL_TIM_IRQHandler                     0x08001cc8   Section        0  stm32f1xx_hal_tim.o(i.HAL_TIM_IRQHandler)
    i.HAL_TIM_MspPostInit                    0x08001e30   Section        0  tim.o(i.HAL_TIM_MspPostInit)
    i.HAL_TIM_OC_DelayElapsedCallback        0x08001e70   Section        0  stm32f1xx_hal_tim.o(i.HAL_TIM_OC_DelayElapsedCallback)
    i.HAL_TIM_PWM_ConfigChannel              0x08001e72   Section        0  stm32f1xx_hal_tim.o(i.HAL_TIM_PWM_ConfigChannel)
    i.HAL_TIM_PWM_Init                       0x08001f42   Section        0  stm32f1xx_hal_tim.o(i.HAL_TIM_PWM_Init)
    i.HAL_TIM_PWM_MspInit                    0x08001f78   Section        0  stm32f1xx_hal_tim.o(i.HAL_TIM_PWM_MspInit)
    i.HAL_TIM_PWM_PulseFinishedCallback      0x08001f7a   Section        0  stm32f1xx_hal_tim.o(i.HAL_TIM_PWM_PulseFinishedCallback)
    i.HAL_TIM_PWM_Start                      0x08001f7c   Section        0  stm32f1xx_hal_tim.o(i.HAL_TIM_PWM_Start)
    i.HAL_TIM_PeriodElapsedCallback          0x08001fac   Section        0  stm32f1xx_hal_tim.o(i.HAL_TIM_PeriodElapsedCallback)
    i.HAL_TIM_TriggerCallback                0x08001fae   Section        0  stm32f1xx_hal_tim.o(i.HAL_TIM_TriggerCallback)
    i.HardFault_Handler                      0x08001fb0   Section        0  stm32f1xx_it.o(i.HardFault_Handler)
    i.MX_GPIO_Init                           0x08001fb4   Section        0  gpio.o(i.MX_GPIO_Init)
    i.MX_TIM1_Init                           0x08001ff0   Section        0  tim.o(i.MX_TIM1_Init)
    i.MX_USB_DEVICE_Init                     0x080020f0   Section        0  usb_device.o(i.MX_USB_DEVICE_Init)
    i.MemManage_Handler                      0x08002128   Section        0  stm32f1xx_it.o(i.MemManage_Handler)
    i.NMI_Handler                            0x0800212a   Section        0  stm32f1xx_it.o(i.NMI_Handler)
    i.NVIC_SetPriority                       0x0800212c   Section        0  stm32f1xx_hal_cortex.o(i.NVIC_SetPriority)
    NVIC_SetPriority                         0x0800212d   Thumb Code    32  stm32f1xx_hal_cortex.o(i.NVIC_SetPriority)
    i.PCD_EP_ISR_Handler                     0x0800214c   Section        0  stm32f1xx_hal_pcd.o(i.PCD_EP_ISR_Handler)
    PCD_EP_ISR_Handler                       0x0800214d   Thumb Code   866  stm32f1xx_hal_pcd.o(i.PCD_EP_ISR_Handler)
    i.PendSV_Handler                         0x080024ae   Section        0  stm32f1xx_it.o(i.PendSV_Handler)
    i.SVC_Handler                            0x080024b0   Section        0  stm32f1xx_it.o(i.SVC_Handler)
    i.SysTick_Handler                        0x080024b2   Section        0  stm32f1xx_it.o(i.SysTick_Handler)
    i.SystemClock_Config                     0x080024c0   Section        0  main.o(i.SystemClock_Config)
    i.SystemInit                             0x08002538   Section        0  system_stm32f1xx.o(i.SystemInit)
    i.TIM1_UP_IRQHandler                     0x08002580   Section        0  stm32f1xx_it.o(i.TIM1_UP_IRQHandler)
    i.TIM_Base_SetConfig                     0x080025c0   Section        0  stm32f1xx_hal_tim.o(i.TIM_Base_SetConfig)
    i.TIM_CCxChannelCmd                      0x0800262c   Section        0  stm32f1xx_hal_tim.o(i.TIM_CCxChannelCmd)
    i.TIM_CCxNChannelCmd                     0x08002642   Section        0  stm32f1xx_hal_tim_ex.o(i.TIM_CCxNChannelCmd)
    TIM_CCxNChannelCmd                       0x08002643   Thumb Code    22  stm32f1xx_hal_tim_ex.o(i.TIM_CCxNChannelCmd)
    i.TIM_ETR_SetConfig                      0x08002658   Section        0  stm32f1xx_hal_tim.o(i.TIM_ETR_SetConfig)
    TIM_ETR_SetConfig                        0x08002659   Thumb Code    20  stm32f1xx_hal_tim.o(i.TIM_ETR_SetConfig)
    i.TIM_ITRx_SetConfig                     0x0800266c   Section        0  stm32f1xx_hal_tim.o(i.TIM_ITRx_SetConfig)
    TIM_ITRx_SetConfig                       0x0800266d   Thumb Code    16  stm32f1xx_hal_tim.o(i.TIM_ITRx_SetConfig)
    i.TIM_OC1_SetConfig                      0x0800267c   Section        0  stm32f1xx_hal_tim.o(i.TIM_OC1_SetConfig)
    TIM_OC1_SetConfig                        0x0800267d   Thumb Code    74  stm32f1xx_hal_tim.o(i.TIM_OC1_SetConfig)
    i.TIM_OC2_SetConfig                      0x080026cc   Section        0  stm32f1xx_hal_tim.o(i.TIM_OC2_SetConfig)
    i.TIM_OC3_SetConfig                      0x08002724   Section        0  stm32f1xx_hal_tim.o(i.TIM_OC3_SetConfig)
    TIM_OC3_SetConfig                        0x08002725   Thumb Code    82  stm32f1xx_hal_tim.o(i.TIM_OC3_SetConfig)
    i.TIM_OC4_SetConfig                      0x0800277c   Section        0  stm32f1xx_hal_tim.o(i.TIM_OC4_SetConfig)
    TIM_OC4_SetConfig                        0x0800277d   Thumb Code    64  stm32f1xx_hal_tim.o(i.TIM_OC4_SetConfig)
    i.TIM_TI1_ConfigInputStage               0x080027c0   Section        0  stm32f1xx_hal_tim.o(i.TIM_TI1_ConfigInputStage)
    TIM_TI1_ConfigInputStage                 0x080027c1   Thumb Code    34  stm32f1xx_hal_tim.o(i.TIM_TI1_ConfigInputStage)
    i.TIM_TI2_ConfigInputStage               0x080027e2   Section        0  stm32f1xx_hal_tim.o(i.TIM_TI2_ConfigInputStage)
    TIM_TI2_ConfigInputStage                 0x080027e3   Thumb Code    36  stm32f1xx_hal_tim.o(i.TIM_TI2_ConfigInputStage)
    i.USBD_CDC_DataIn                        0x08002806   Section        0  usbd_cdc.o(i.USBD_CDC_DataIn)
    USBD_CDC_DataIn                          0x08002807   Thumb Code    20  usbd_cdc.o(i.USBD_CDC_DataIn)
    i.USBD_CDC_DataOut                       0x0800281a   Section        0  usbd_cdc.o(i.USBD_CDC_DataOut)
    USBD_CDC_DataOut                         0x0800281b   Thumb Code    46  usbd_cdc.o(i.USBD_CDC_DataOut)
    i.USBD_CDC_DeInit                        0x08002848   Section        0  usbd_cdc.o(i.USBD_CDC_DeInit)
    USBD_CDC_DeInit                          0x08002849   Thumb Code    60  usbd_cdc.o(i.USBD_CDC_DeInit)
    i.USBD_CDC_EP0_RxReady                   0x08002884   Section        0  usbd_cdc.o(i.USBD_CDC_EP0_RxReady)
    USBD_CDC_EP0_RxReady                     0x08002885   Thumb Code    36  usbd_cdc.o(i.USBD_CDC_EP0_RxReady)
    i.USBD_CDC_GetDeviceQualifierDescriptor  0x080028a8   Section        0  usbd_cdc.o(i.USBD_CDC_GetDeviceQualifierDescriptor)
    i.USBD_CDC_GetFSCfgDesc                  0x080028b4   Section        0  usbd_cdc.o(i.USBD_CDC_GetFSCfgDesc)
    USBD_CDC_GetFSCfgDesc                    0x080028b5   Thumb Code     8  usbd_cdc.o(i.USBD_CDC_GetFSCfgDesc)
    i.USBD_CDC_GetHSCfgDesc                  0x080028c0   Section        0  usbd_cdc.o(i.USBD_CDC_GetHSCfgDesc)
    USBD_CDC_GetHSCfgDesc                    0x080028c1   Thumb Code     8  usbd_cdc.o(i.USBD_CDC_GetHSCfgDesc)
    i.USBD_CDC_GetOtherSpeedCfgDesc          0x080028cc   Section        0  usbd_cdc.o(i.USBD_CDC_GetOtherSpeedCfgDesc)
    USBD_CDC_GetOtherSpeedCfgDesc            0x080028cd   Thumb Code     8  usbd_cdc.o(i.USBD_CDC_GetOtherSpeedCfgDesc)
    i.USBD_CDC_Init                          0x080028d8   Section        0  usbd_cdc.o(i.USBD_CDC_Init)
    USBD_CDC_Init                            0x080028d9   Thumb Code   136  usbd_cdc.o(i.USBD_CDC_Init)
    i.USBD_CDC_ReceivePacket                 0x08002960   Section        0  usbd_cdc.o(i.USBD_CDC_ReceivePacket)
    i.USBD_CDC_RegisterInterface             0x08002988   Section        0  usbd_cdc.o(i.USBD_CDC_RegisterInterface)
    i.USBD_CDC_SetRxBuffer                   0x08002998   Section        0  usbd_cdc.o(i.USBD_CDC_SetRxBuffer)
    i.USBD_CDC_SetTxBuffer                   0x080029a4   Section        0  usbd_cdc.o(i.USBD_CDC_SetTxBuffer)
    i.USBD_CDC_Setup                         0x080029b4   Section        0  usbd_cdc.o(i.USBD_CDC_Setup)
    USBD_CDC_Setup                           0x080029b5   Thumb Code   106  usbd_cdc.o(i.USBD_CDC_Setup)
    i.USBD_ClrClassConfig                    0x08002a24   Section        0  usbd_core.o(i.USBD_ClrClassConfig)
    i.USBD_CtlContinueRx                     0x08002a32   Section        0  usbd_ioreq.o(i.USBD_CtlContinueRx)
    i.USBD_CtlContinueSendData               0x08002a42   Section        0  usbd_ioreq.o(i.USBD_CtlContinueSendData)
    i.USBD_CtlError                          0x08002a52   Section        0  usbd_ctlreq.o(i.USBD_CtlError)
    i.USBD_CtlPrepareRx                      0x08002a68   Section        0  usbd_ioreq.o(i.USBD_CtlPrepareRx)
    i.USBD_CtlReceiveStatus                  0x08002a86   Section        0  usbd_ioreq.o(i.USBD_CtlReceiveStatus)
    i.USBD_CtlSendData                       0x08002a9c   Section        0  usbd_ioreq.o(i.USBD_CtlSendData)
    i.USBD_CtlSendStatus                     0x08002ab6   Section        0  usbd_ioreq.o(i.USBD_CtlSendStatus)
    i.USBD_FS_ConfigStrDescriptor            0x08002acc   Section        0  usbd_desc.o(i.USBD_FS_ConfigStrDescriptor)
    i.USBD_FS_DeviceDescriptor               0x08002aec   Section        0  usbd_desc.o(i.USBD_FS_DeviceDescriptor)
    i.USBD_FS_InterfaceStrDescriptor         0x08002af8   Section        0  usbd_desc.o(i.USBD_FS_InterfaceStrDescriptor)
    i.USBD_FS_LangIDStrDescriptor            0x08002b1c   Section        0  usbd_desc.o(i.USBD_FS_LangIDStrDescriptor)
    i.USBD_FS_ManufacturerStrDescriptor      0x08002b28   Section        0  usbd_desc.o(i.USBD_FS_ManufacturerStrDescriptor)
    i.USBD_FS_ProductStrDescriptor           0x08002b50   Section        0  usbd_desc.o(i.USBD_FS_ProductStrDescriptor)
    i.USBD_FS_SerialStrDescriptor            0x08002b7c   Section        0  usbd_desc.o(i.USBD_FS_SerialStrDescriptor)
    i.USBD_GetDescriptor                     0x08002ba0   Section        0  usbd_ctlreq.o(i.USBD_GetDescriptor)
    USBD_GetDescriptor                       0x08002ba1   Thumb Code   224  usbd_ctlreq.o(i.USBD_GetDescriptor)
    i.USBD_GetString                         0x08002c80   Section        0  usbd_ctlreq.o(i.USBD_GetString)
    i.USBD_Init                              0x08002cc6   Section        0  usbd_core.o(i.USBD_Init)
    i.USBD_LL_ClearStallEP                   0x08002cf0   Section        0  usbd_conf.o(i.USBD_LL_ClearStallEP)
    i.USBD_LL_CloseEP                        0x08002d10   Section        0  usbd_conf.o(i.USBD_LL_CloseEP)
    i.USBD_LL_DataInStage                    0x08002d30   Section        0  usbd_core.o(i.USBD_LL_DataInStage)
    i.USBD_LL_DataOutStage                   0x08002dda   Section        0  usbd_core.o(i.USBD_LL_DataOutStage)
    i.USBD_LL_GetRxDataSize                  0x08002e44   Section        0  usbd_conf.o(i.USBD_LL_GetRxDataSize)
    i.USBD_LL_Init                           0x08002e4c   Section        0  usbd_conf.o(i.USBD_LL_Init)
    i.USBD_LL_IsStallEP                      0x08002ef4   Section        0  usbd_conf.o(i.USBD_LL_IsStallEP)
    i.USBD_LL_OpenEP                         0x08002f10   Section        0  usbd_conf.o(i.USBD_LL_OpenEP)
    i.USBD_LL_PrepareReceive                 0x08002f36   Section        0  usbd_conf.o(i.USBD_LL_PrepareReceive)
    i.USBD_LL_Reset                          0x08002f56   Section        0  usbd_core.o(i.USBD_LL_Reset)
    i.USBD_LL_Resume                         0x08002f94   Section        0  usbd_core.o(i.USBD_LL_Resume)
    i.USBD_LL_SOF                            0x08002fa0   Section        0  usbd_core.o(i.USBD_LL_SOF)
    i.USBD_LL_SetSpeed                       0x08002fb8   Section        0  usbd_core.o(i.USBD_LL_SetSpeed)
    i.USBD_LL_SetUSBAddress                  0x08002fbe   Section        0  usbd_conf.o(i.USBD_LL_SetUSBAddress)
    i.USBD_LL_SetupStage                     0x08002fde   Section        0  usbd_core.o(i.USBD_LL_SetupStage)
    i.USBD_LL_StallEP                        0x08003038   Section        0  usbd_conf.o(i.USBD_LL_StallEP)
    i.USBD_LL_Start                          0x08003058   Section        0  usbd_conf.o(i.USBD_LL_Start)
    i.USBD_LL_Suspend                        0x08003078   Section        0  usbd_core.o(i.USBD_LL_Suspend)
    i.USBD_LL_Transmit                       0x0800308a   Section        0  usbd_conf.o(i.USBD_LL_Transmit)
    i.USBD_ParseSetupRequest                 0x080030aa   Section        0  usbd_ctlreq.o(i.USBD_ParseSetupRequest)
    i.USBD_RegisterClass                     0x080030d2   Section        0  usbd_core.o(i.USBD_RegisterClass)
    i.USBD_SetClassConfig                    0x080030e2   Section        0  usbd_core.o(i.USBD_SetClassConfig)
    i.USBD_SetConfig                         0x080030f8   Section        0  usbd_ctlreq.o(i.USBD_SetConfig)
    USBD_SetConfig                           0x080030f9   Thumb Code   110  usbd_ctlreq.o(i.USBD_SetConfig)
    i.USBD_Start                             0x0800316c   Section        0  usbd_core.o(i.USBD_Start)
    i.USBD_StdDevReq                         0x08003176   Section        0  usbd_ctlreq.o(i.USBD_StdDevReq)
    i.USBD_StdEPReq                          0x08003268   Section        0  usbd_ctlreq.o(i.USBD_StdEPReq)
    i.USBD_StdItfReq                         0x08003344   Section        0  usbd_ctlreq.o(i.USBD_StdItfReq)
    i.USBD_static_free                       0x08003378   Section        0  usbd_conf.o(i.USBD_static_free)
    i.USBD_static_malloc                     0x0800337c   Section        0  usbd_conf.o(i.USBD_static_malloc)
    i.USB_ActivateEndpoint                   0x08003384   Section        0  stm32f1xx_ll_usb.o(i.USB_ActivateEndpoint)
    i.USB_CoreInit                           0x080035e0   Section        0  stm32f1xx_ll_usb.o(i.USB_CoreInit)
    i.USB_DeactivateEndpoint                 0x080035e4   Section        0  stm32f1xx_ll_usb.o(i.USB_DeactivateEndpoint)
    i.USB_DevConnect                         0x08003708   Section        0  stm32f1xx_ll_usb.o(i.USB_DevConnect)
    i.USB_DevDisconnect                      0x0800370c   Section        0  stm32f1xx_ll_usb.o(i.USB_DevDisconnect)
    i.USB_DevInit                            0x08003710   Section        0  stm32f1xx_ll_usb.o(i.USB_DevInit)
    i.USB_DisableGlobalInt                   0x0800372e   Section        0  stm32f1xx_ll_usb.o(i.USB_DisableGlobalInt)
    i.USB_EP0_OutStart                       0x0800373c   Section        0  stm32f1xx_ll_usb.o(i.USB_EP0_OutStart)
    i.USB_EPClearStall                       0x08003740   Section        0  stm32f1xx_ll_usb.o(i.USB_EPClearStall)
    i.USB_EPSetStall                         0x080037aa   Section        0  stm32f1xx_ll_usb.o(i.USB_EPSetStall)
    i.USB_EPStartXfer                        0x080037f4   Section        0  stm32f1xx_ll_usb.o(i.USB_EPStartXfer)
    i.USB_EnableGlobalInt                    0x0800399e   Section        0  stm32f1xx_ll_usb.o(i.USB_EnableGlobalInt)
    i.USB_LP_CAN1_RX0_IRQHandler             0x080039ac   Section        0  stm32f1xx_it.o(i.USB_LP_CAN1_RX0_IRQHandler)
    i.USB_ReadInterrupts                     0x080039b8   Section        0  stm32f1xx_ll_usb.o(i.USB_ReadInterrupts)
    i.USB_ReadPMA                            0x080039c0   Section        0  stm32f1xx_ll_usb.o(i.USB_ReadPMA)
    i.USB_SetCurrentMode                     0x080039de   Section        0  stm32f1xx_ll_usb.o(i.USB_SetCurrentMode)
    i.USB_SetDevAddress                      0x080039e2   Section        0  stm32f1xx_ll_usb.o(i.USB_SetDevAddress)
    i.USB_WritePMA                           0x080039ee   Section        0  stm32f1xx_ll_usb.o(i.USB_WritePMA)
    i.UsageFault_Handler                     0x08003a14   Section        0  stm32f1xx_it.o(i.UsageFault_Handler)
    i._Error_Handler                         0x08003a16   Section        0  main.o(i._Error_Handler)
    i.__ARM_fpclassify                       0x08003a18   Section        0  fpclassify.o(i.__ARM_fpclassify)
    i.__ieee754_rem_pio2                     0x08003a40   Section        0  rred.o(i.__ieee754_rem_pio2)
    i.__kernel_cos                           0x08003dc8   Section        0  cos_i.o(i.__kernel_cos)
    i.__kernel_poly                          0x08003ec4   Section        0  poly.o(i.__kernel_poly)
    i.__kernel_sin                           0x08003f70   Section        0  sin_i.o(i.__kernel_sin)
    i.__mathlib_dbl_infnan                   0x0800405c   Section        0  dunder.o(i.__mathlib_dbl_infnan)
    i.__mathlib_dbl_invalid                  0x08004062   Section        0  dunder.o(i.__mathlib_dbl_invalid)
    i.__mathlib_dbl_underflow                0x08004070   Section        0  dunder.o(i.__mathlib_dbl_underflow)
    i.__read_errno                           0x08004080   Section        0  errno.o(i.__read_errno)
    i.__scatterload_copy                     0x0800408c   Section       14  handlers.o(i.__scatterload_copy)
    i.__scatterload_null                     0x0800409a   Section        2  handlers.o(i.__scatterload_null)
    i.__scatterload_zeroinit                 0x0800409c   Section       14  handlers.o(i.__scatterload_zeroinit)
    i.__set_errno                            0x080040ac   Section        0  errno.o(i.__set_errno)
    i._is_digit                              0x080040b8   Section        0  scanf_fp.o(i._is_digit)
    i.atof                                   0x080040c6   Section        0  atof.o(i.atof)
    i.main                                   0x080040f0   Section        0  main.o(i.main)
    i.sin                                    0x0800422c   Section        0  sin.o(i.sin)
    .constdata                               0x080042cc   Section       16  system_stm32f1xx.o(.constdata)
    .constdata                               0x080042e0   Section       48  cos_i.o(.constdata)
    C                                        0x080042e0   Data          48  cos_i.o(.constdata)
    .constdata                               0x08004310   Section      200  rred.o(.constdata)
    pio2s                                    0x08004310   Data          48  rred.o(.constdata)
    twooverpi                                0x08004340   Data         152  rred.o(.constdata)
    .constdata                               0x080043d8   Section       40  sin_i.o(.constdata)
    S                                        0x080043d8   Data          40  sin_i.o(.constdata)
    .constdata                               0x08004400   Section       64  ctype_c.o(.constdata)
    .data                                    0x20000000   Section       16  main.o(.data)
    .data                                    0x20000010   Section        8  main.o(.data)
    .data                                    0x20000018   Section       28  usbd_desc.o(.data)
    .data                                    0x20000034   Section       22  usbd_desc.o(.data)
    .data                                    0x2000004c   Section       16  usbd_cdc_if.o(.data)
    .data                                    0x2000005c   Section       12  stm32f1xx_hal.o(.data)
    .data                                    0x20000068   Section        4  system_stm32f1xx.o(.data)
    .data                                    0x2000006c   Section        1  usbd_ctlreq.o(.data)
    cfgidx                                   0x2000006c   Data           1  usbd_ctlreq.o(.data)
    .data                                    0x20000070   Section      219  usbd_cdc.o(.data)
    ifalt                                    0x20000070   Data           1  usbd_cdc.o(.data)
    USBD_CDC_DeviceQualifierDesc             0x20000074   Data          10  usbd_cdc.o(.data)
    .data                                    0x2000014c   Section       56  usbd_cdc.o(.data)
    .data                                    0x20000184   Section        4  errno.o(.data)
    _errno                                   0x20000184   Data           4  errno.o(.data)
    .bss                                     0x20000188   Section       64  tim.o(.bss)
    .bss                                     0x200001c8   Section      548  usb_device.o(.bss)
    .bss                                     0x200003ec   Section     1664  usbd_conf.o(.bss)
    mem                                      0x200003ec   Data         544  usbd_conf.o(.bss)
    .bss                                     0x20000a6c   Section      512  usbd_desc.o(.bss)
    .bss                                     0x20000c6c   Section     2000  usbd_cdc_if.o(.bss)
    STACK                                    0x20001440   Section     1536  startup_stm32f103xb.o(STACK)

    Global Symbols

    Symbol Name                              Value     Ov Type        Size  Object(Section)

    BuildAttributes$$THM_ISAv4$P$D$K$B$S$PE$A:L22UL41UL21$X:L11$S22US41US21$IEEE1$IW$USESV6$~STKCKD$USESV7$~SHL$OTIME$ROPI$IEEEX$EBA8$MICROLIB$REQ8$PRES8$EABIv2 0x00000000   Number         0  anon$$obj.o ABSOLUTE
    __ARM_use_no_argv                        0x00000000   Number         0  main.o ABSOLUTE
    __cpp_initialize__aeabi_                  - Undefined Weak Reference
    __cxa_finalize                            - Undefined Weak Reference
    _clock_init                               - Undefined Weak Reference
    _microlib_exit                            - Undefined Weak Reference
    __Vectors_Size                           0x000000ec   Number         0  startup_stm32f103xb.o ABSOLUTE
    __Vectors                                0x08000000   Data           4  startup_stm32f103xb.o(RESET)
    __Vectors_End                            0x080000ec   Data           0  startup_stm32f103xb.o(RESET)
    __main                                   0x080000ed   Thumb Code     0  entry.o(.ARM.Collect$$$$00000000)
    _main_stk                                0x080000ed   Thumb Code     0  entry2.o(.ARM.Collect$$$$00000001)
    _main_scatterload                        0x080000f1   Thumb Code     0  entry5.o(.ARM.Collect$$$$00000004)
    __main_after_scatterload                 0x080000f5   Thumb Code     0  entry5.o(.ARM.Collect$$$$00000004)
    _main_clock                              0x080000f5   Thumb Code     0  entry7b.o(.ARM.Collect$$$$00000008)
    _main_cpp_init                           0x080000f5   Thumb Code     0  entry8b.o(.ARM.Collect$$$$0000000A)
    _main_init                               0x080000f5   Thumb Code     0  entry9a.o(.ARM.Collect$$$$0000000B)
    __rt_final_cpp                           0x080000fd   Thumb Code     0  entry10a.o(.ARM.Collect$$$$0000000D)
    __rt_final_exit                          0x080000fd   Thumb Code     0  entry11a.o(.ARM.Collect$$$$0000000F)
    Reset_Handler                            0x08000101   Thumb Code     8  startup_stm32f103xb.o(.text)
    ADC1_2_IRQHandler                        0x0800011b   Thumb Code     0  startup_stm32f103xb.o(.text)
    CAN1_RX1_IRQHandler                      0x0800011b   Thumb Code     0  startup_stm32f103xb.o(.text)
    CAN1_SCE_IRQHandler                      0x0800011b   Thumb Code     0  startup_stm32f103xb.o(.text)
    DMA1_Channel1_IRQHandler                 0x0800011b   Thumb Code     0  startup_stm32f103xb.o(.text)
    DMA1_Channel2_IRQHandler                 0x0800011b   Thumb Code     0  startup_stm32f103xb.o(.text)
    DMA1_Channel3_IRQHandler                 0x0800011b   Thumb Code     0  startup_stm32f103xb.o(.text)
    DMA1_Channel4_IRQHandler                 0x0800011b   Thumb Code     0  startup_stm32f103xb.o(.text)
    DMA1_Channel5_IRQHandler                 0x0800011b   Thumb Code     0  startup_stm32f103xb.o(.text)
    DMA1_Channel6_IRQHandler                 0x0800011b   Thumb Code     0  startup_stm32f103xb.o(.text)
    DMA1_Channel7_IRQHandler                 0x0800011b   Thumb Code     0  startup_stm32f103xb.o(.text)
    EXTI0_IRQHandler                         0x0800011b   Thumb Code     0  startup_stm32f103xb.o(.text)
    EXTI15_10_IRQHandler                     0x0800011b   Thumb Code     0  startup_stm32f103xb.o(.text)
    EXTI1_IRQHandler                         0x0800011b   Thumb Code     0  startup_stm32f103xb.o(.text)
    EXTI2_IRQHandler                         0x0800011b   Thumb Code     0  startup_stm32f103xb.o(.text)
    EXTI3_IRQHandler                         0x0800011b   Thumb Code     0  startup_stm32f103xb.o(.text)
    EXTI4_IRQHandler                         0x0800011b   Thumb Code     0  startup_stm32f103xb.o(.text)
    EXTI9_5_IRQHandler                       0x0800011b   Thumb Code     0  startup_stm32f103xb.o(.text)
    FLASH_IRQHandler                         0x0800011b   Thumb Code     0  startup_stm32f103xb.o(.text)
    I2C1_ER_IRQHandler                       0x0800011b   Thumb Code     0  startup_stm32f103xb.o(.text)
    I2C1_EV_IRQHandler                       0x0800011b   Thumb Code     0  startup_stm32f103xb.o(.text)
    I2C2_ER_IRQHandler                       0x0800011b   Thumb Code     0  startup_stm32f103xb.o(.text)
    I2C2_EV_IRQHandler                       0x0800011b   Thumb Code     0  startup_stm32f103xb.o(.text)
    PVD_IRQHandler                           0x0800011b   Thumb Code     0  startup_stm32f103xb.o(.text)
    RCC_IRQHandler                           0x0800011b   Thumb Code     0  startup_stm32f103xb.o(.text)
    RTC_Alarm_IRQHandler                     0x0800011b   Thumb Code     0  startup_stm32f103xb.o(.text)
    RTC_IRQHandler                           0x0800011b   Thumb Code     0  startup_stm32f103xb.o(.text)
    SPI1_IRQHandler                          0x0800011b   Thumb Code     0  startup_stm32f103xb.o(.text)
    SPI2_IRQHandler                          0x0800011b   Thumb Code     0  startup_stm32f103xb.o(.text)
    TAMPER_IRQHandler                        0x0800011b   Thumb Code     0  startup_stm32f103xb.o(.text)
    TIM1_BRK_IRQHandler                      0x0800011b   Thumb Code     0  startup_stm32f103xb.o(.text)
    TIM1_CC_IRQHandler                       0x0800011b   Thumb Code     0  startup_stm32f103xb.o(.text)
    TIM1_TRG_COM_IRQHandler                  0x0800011b   Thumb Code     0  startup_stm32f103xb.o(.text)
    TIM2_IRQHandler                          0x0800011b   Thumb Code     0  startup_stm32f103xb.o(.text)
    TIM3_IRQHandler                          0x0800011b   Thumb Code     0  startup_stm32f103xb.o(.text)
    TIM4_IRQHandler                          0x0800011b   Thumb Code     0  startup_stm32f103xb.o(.text)
    USART1_IRQHandler                        0x0800011b   Thumb Code     0  startup_stm32f103xb.o(.text)
    USART2_IRQHandler                        0x0800011b   Thumb Code     0  startup_stm32f103xb.o(.text)
    USART3_IRQHandler                        0x0800011b   Thumb Code     0  startup_stm32f103xb.o(.text)
    USBWakeUp_IRQHandler                     0x0800011b   Thumb Code     0  startup_stm32f103xb.o(.text)
    USB_HP_CAN1_TX_IRQHandler                0x0800011b   Thumb Code     0  startup_stm32f103xb.o(.text)
    WWDG_IRQHandler                          0x0800011b   Thumb Code     0  startup_stm32f103xb.o(.text)
    __aeabi_llsr                             0x08000125   Thumb Code    32  llushr.o(.text)
    _ll_ushift_r                             0x08000125   Thumb Code     0  llushr.o(.text)
    __aeabi_memcpy                           0x08000145   Thumb Code    36  memcpya.o(.text)
    __aeabi_memcpy4                          0x08000145   Thumb Code     0  memcpya.o(.text)
    __aeabi_memcpy8                          0x08000145   Thumb Code     0  memcpya.o(.text)
    __aeabi_dadd                             0x08000169   Thumb Code   322  dadd.o(.text)
    __aeabi_dsub                             0x080002ab   Thumb Code     6  dadd.o(.text)
    __aeabi_drsub                            0x080002b1   Thumb Code     6  dadd.o(.text)
    __aeabi_dmul                             0x080002b7   Thumb Code   228  dmul.o(.text)
    __ARM_scalbn                             0x0800039b   Thumb Code    46  dscalb.o(.text)
    scalbn                                   0x0800039b   Thumb Code     0  dscalb.o(.text)
    __aeabi_ui2d                             0x080003c9   Thumb Code    26  dfltui.o(.text)
    __aeabi_d2uiz                            0x080003e3   Thumb Code    50  dfixui.o(.text)
    __aeabi_cdcmpeq                          0x08000415   Thumb Code     0  cdcmple.o(.text)
    __aeabi_cdcmple                          0x08000415   Thumb Code    48  cdcmple.o(.text)
    __aeabi_llsl                             0x08000445   Thumb Code    30  llshl.o(.text)
    _ll_shift_l                              0x08000445   Thumb Code     0  llshl.o(.text)
    __aeabi_lasr                             0x08000463   Thumb Code    36  llsshr.o(.text)
    _ll_sshift_r                             0x08000463   Thumb Code     0  llsshr.o(.text)
    __strtod_int                             0x080004bf   Thumb Code    90  strtod.o(.text)
    __I$use$fp                               0x08000525   Thumb Code     0  iusefp.o(.text)
    _double_round                            0x08000525   Thumb Code    30  depilogue.o(.text)
    _double_epilogue                         0x08000543   Thumb Code   156  depilogue.o(.text)
    __scatterload                            0x080005e1   Thumb Code    28  init.o(.text)
    __scatterload_rt2                        0x080005e1   Thumb Code     0  init.o(.text)
    isspace                                  0x08000605   Thumb Code    10  isspace_c.o(.text)
    _scanf_real                              0x08000739   Thumb Code     0  scanf_fp.o(.text)
    _scanf_really_real                       0x08000739   Thumb Code   556  scanf_fp.o(.text)
    _sgetc                                   0x08000971   Thumb Code    30  _sgetc.o(.text)
    _sbackspace                              0x0800098f   Thumb Code    34  _sgetc.o(.text)
    __aeabi_ddiv                             0x080009b1   Thumb Code   222  ddiv.o(.text)
    __aeabi_i2d                              0x08000a8f   Thumb Code    34  dflti.o(.text)
    __aeabi_d2iz                             0x08000ab1   Thumb Code    62  dfixi.o(.text)
    __ctype_lookup                           0x08000af1   Thumb Code    34  ctype_c.o(.text)
    __aeabi_ul2d                             0x08000b19   Thumb Code    24  dfltul.o(.text)
    __aeabi_d2f                              0x08000b31   Thumb Code    56  d2f.o(.text)
    _float_round                             0x08000b69   Thumb Code    18  fepilogue.o(.text)
    _float_epilogue                          0x08000b7b   Thumb Code    92  fepilogue.o(.text)
    __decompress                             0x08000bd7   Thumb Code     0  __dczerorl2.o(.text)
    __decompress1                            0x08000bd7   Thumb Code    86  __dczerorl2.o(.text)
    BusFault_Handler                         0x08000c2d   Thumb Code     2  stm32f1xx_it.o(i.BusFault_Handler)
    DebugMon_Handler                         0x08000c85   Thumb Code     2  stm32f1xx_it.o(i.DebugMon_Handler)
    HAL_GPIO_Init                            0x08000c89   Thumb Code   408  stm32f1xx_hal_gpio.o(i.HAL_GPIO_Init)
    HAL_GetTick                              0x08000e45   Thumb Code     6  stm32f1xx_hal.o(i.HAL_GetTick)
    HAL_IncTick                              0x08000e51   Thumb Code    12  stm32f1xx_hal.o(i.HAL_IncTick)
    HAL_Init                                 0x08000e61   Thumb Code    32  stm32f1xx_hal.o(i.HAL_Init)
    HAL_InitTick                             0x08000e85   Thumb Code    54  stm32f1xx_hal.o(i.HAL_InitTick)
    HAL_MspInit                              0x08000ec5   Thumb Code   134  stm32f1xx_hal_msp.o(i.HAL_MspInit)
    HAL_NVIC_EnableIRQ                       0x08000f55   Thumb Code    22  stm32f1xx_hal_cortex.o(i.HAL_NVIC_EnableIRQ)
    HAL_NVIC_SetPriority                     0x08000f6d   Thumb Code    60  stm32f1xx_hal_cortex.o(i.HAL_NVIC_SetPriority)
    HAL_NVIC_SetPriorityGrouping             0x08000fad   Thumb Code    26  stm32f1xx_hal_cortex.o(i.HAL_NVIC_SetPriorityGrouping)
    HAL_PCDEx_PMAConfig                      0x08000fd1   Thumb Code    52  stm32f1xx_hal_pcd_ex.o(i.HAL_PCDEx_PMAConfig)
    HAL_PCDEx_SetConnectionState             0x08001005   Thumb Code     2  usbd_conf.o(i.HAL_PCDEx_SetConnectionState)
    HAL_PCD_DataInStageCallback              0x08001007   Thumb Code    14  usbd_conf.o(i.HAL_PCD_DataInStageCallback)
    HAL_PCD_DataOutStageCallback             0x08001015   Thumb Code    16  usbd_conf.o(i.HAL_PCD_DataOutStageCallback)
    HAL_PCD_EP_Close                         0x08001025   Thumb Code    64  stm32f1xx_hal_pcd.o(i.HAL_PCD_EP_Close)
    HAL_PCD_EP_ClrStall                      0x08001065   Thumb Code    72  stm32f1xx_hal_pcd.o(i.HAL_PCD_EP_ClrStall)
    HAL_PCD_EP_GetRxCount                    0x080010ad   Thumb Code    16  stm32f1xx_hal_pcd.o(i.HAL_PCD_EP_GetRxCount)
    HAL_PCD_EP_Open                          0x080010bd   Thumb Code    68  stm32f1xx_hal_pcd.o(i.HAL_PCD_EP_Open)
    HAL_PCD_EP_Receive                       0x08001101   Thumb Code    46  stm32f1xx_hal_pcd.o(i.HAL_PCD_EP_Receive)
    HAL_PCD_EP_SetStall                      0x0800112f   Thumb Code    86  stm32f1xx_hal_pcd.o(i.HAL_PCD_EP_SetStall)
    HAL_PCD_EP_Transmit                      0x08001185   Thumb Code    42  stm32f1xx_hal_pcd.o(i.HAL_PCD_EP_Transmit)
    HAL_PCD_IRQHandler                       0x080011af   Thumb Code   268  stm32f1xx_hal_pcd.o(i.HAL_PCD_IRQHandler)
    HAL_PCD_Init                             0x080012bd   Thumb Code   192  stm32f1xx_hal_pcd.o(i.HAL_PCD_Init)
    HAL_PCD_MspInit                          0x0800137d   Thumb Code    50  usbd_conf.o(i.HAL_PCD_MspInit)
    HAL_PCD_ResetCallback                    0x080013b9   Thumb Code    26  usbd_conf.o(i.HAL_PCD_ResetCallback)
    HAL_PCD_ResumeCallback                   0x080013d3   Thumb Code     8  usbd_conf.o(i.HAL_PCD_ResumeCallback)
    HAL_PCD_SOFCallback                      0x080013db   Thumb Code     8  usbd_conf.o(i.HAL_PCD_SOFCallback)
    HAL_PCD_SetAddress                       0x080013e3   Thumb Code    40  stm32f1xx_hal_pcd.o(i.HAL_PCD_SetAddress)
    HAL_PCD_SetupStageCallback               0x0800140b   Thumb Code    14  usbd_conf.o(i.HAL_PCD_SetupStageCallback)
    HAL_PCD_Start                            0x08001419   Thumb Code    50  stm32f1xx_hal_pcd.o(i.HAL_PCD_Start)
    HAL_PCD_SuspendCallback                  0x0800144d   Thumb Code    30  usbd_conf.o(i.HAL_PCD_SuspendCallback)
    HAL_RCCEx_PeriphCLKConfig                0x08001471   Thumb Code   224  stm32f1xx_hal_rcc_ex.o(i.HAL_RCCEx_PeriphCLKConfig)
    HAL_RCC_ClockConfig                      0x0800155d   Thumb Code   322  stm32f1xx_hal_rcc.o(i.HAL_RCC_ClockConfig)
    HAL_RCC_GetHCLKFreq                      0x080016b1   Thumb Code     6  stm32f1xx_hal_rcc.o(i.HAL_RCC_GetHCLKFreq)
    HAL_RCC_GetSysClockFreq                  0x080016bd   Thumb Code    74  stm32f1xx_hal_rcc.o(i.HAL_RCC_GetSysClockFreq)
    HAL_RCC_OscConfig                        0x08001729   Thumb Code   750  stm32f1xx_hal_rcc.o(i.HAL_RCC_OscConfig)
    HAL_SYSTICK_CLKSourceConfig              0x08001a2d   Thumb Code    24  stm32f1xx_hal_cortex.o(i.HAL_SYSTICK_CLKSourceConfig)
    HAL_SYSTICK_Callback                     0x08001a45   Thumb Code     2  stm32f1xx_hal_cortex.o(i.HAL_SYSTICK_Callback)
    HAL_SYSTICK_Config                       0x08001a47   Thumb Code    40  stm32f1xx_hal_cortex.o(i.HAL_SYSTICK_Config)
    HAL_SYSTICK_IRQHandler                   0x08001a6f   Thumb Code     8  stm32f1xx_hal_cortex.o(i.HAL_SYSTICK_IRQHandler)
    HAL_TIMEx_BreakCallback                  0x08001a77   Thumb Code     2  stm32f1xx_hal_tim_ex.o(i.HAL_TIMEx_BreakCallback)
    HAL_TIMEx_CommutationCallback            0x08001a79   Thumb Code     2  stm32f1xx_hal_tim_ex.o(i.HAL_TIMEx_CommutationCallback)
    HAL_TIMEx_ConfigBreakDeadTime            0x08001a7b   Thumb Code    90  stm32f1xx_hal_tim_ex.o(i.HAL_TIMEx_ConfigBreakDeadTime)
    HAL_TIMEx_MasterConfigSynchronization    0x08001ad5   Thumb Code    80  stm32f1xx_hal_tim_ex.o(i.HAL_TIMEx_MasterConfigSynchronization)
    HAL_TIMEx_PWMN_Start                     0x08001b25   Thumb Code    36  stm32f1xx_hal_tim_ex.o(i.HAL_TIMEx_PWMN_Start)
    HAL_TIM_Base_Init                        0x08001b49   Thumb Code    54  stm32f1xx_hal_tim.o(i.HAL_TIM_Base_Init)
    HAL_TIM_Base_MspInit                     0x08001b81   Thumb Code    50  tim.o(i.HAL_TIM_Base_MspInit)
    HAL_TIM_Base_Start_IT                    0x08001bbd   Thumb Code    24  stm32f1xx_hal_tim.o(i.HAL_TIM_Base_Start_IT)
    HAL_TIM_ConfigClockSource                0x08001bd5   Thumb Code   242  stm32f1xx_hal_tim.o(i.HAL_TIM_ConfigClockSource)
    HAL_TIM_IC_CaptureCallback               0x08001cc7   Thumb Code     2  stm32f1xx_hal_tim.o(i.HAL_TIM_IC_CaptureCallback)
    HAL_TIM_IRQHandler                       0x08001cc9   Thumb Code   358  stm32f1xx_hal_tim.o(i.HAL_TIM_IRQHandler)
    HAL_TIM_MspPostInit                      0x08001e31   Thumb Code    52  tim.o(i.HAL_TIM_MspPostInit)
    HAL_TIM_OC_DelayElapsedCallback          0x08001e71   Thumb Code     2  stm32f1xx_hal_tim.o(i.HAL_TIM_OC_DelayElapsedCallback)
    HAL_TIM_PWM_ConfigChannel                0x08001e73   Thumb Code   208  stm32f1xx_hal_tim.o(i.HAL_TIM_PWM_ConfigChannel)
    HAL_TIM_PWM_Init                         0x08001f43   Thumb Code    54  stm32f1xx_hal_tim.o(i.HAL_TIM_PWM_Init)
    HAL_TIM_PWM_MspInit                      0x08001f79   Thumb Code     2  stm32f1xx_hal_tim.o(i.HAL_TIM_PWM_MspInit)
    HAL_TIM_PWM_PulseFinishedCallback        0x08001f7b   Thumb Code     2  stm32f1xx_hal_tim.o(i.HAL_TIM_PWM_PulseFinishedCallback)
    HAL_TIM_PWM_Start                        0x08001f7d   Thumb Code    42  stm32f1xx_hal_tim.o(i.HAL_TIM_PWM_Start)
    HAL_TIM_PeriodElapsedCallback            0x08001fad   Thumb Code     2  stm32f1xx_hal_tim.o(i.HAL_TIM_PeriodElapsedCallback)
    HAL_TIM_TriggerCallback                  0x08001faf   Thumb Code     2  stm32f1xx_hal_tim.o(i.HAL_TIM_TriggerCallback)
    HardFault_Handler                        0x08001fb1   Thumb Code     2  stm32f1xx_it.o(i.HardFault_Handler)
    MX_GPIO_Init                             0x08001fb5   Thumb Code    54  gpio.o(i.MX_GPIO_Init)
    MX_TIM1_Init                             0x08001ff1   Thumb Code   228  tim.o(i.MX_TIM1_Init)
    MX_USB_DEVICE_Init                       0x080020f1   Thumb Code    38  usb_device.o(i.MX_USB_DEVICE_Init)
    MemManage_Handler                        0x08002129   Thumb Code     2  stm32f1xx_it.o(i.MemManage_Handler)
    NMI_Handler                              0x0800212b   Thumb Code     2  stm32f1xx_it.o(i.NMI_Handler)
    PendSV_Handler                           0x080024af   Thumb Code     2  stm32f1xx_it.o(i.PendSV_Handler)
    SVC_Handler                              0x080024b1   Thumb Code     2  stm32f1xx_it.o(i.SVC_Handler)
    SysTick_Handler                          0x080024b3   Thumb Code    14  stm32f1xx_it.o(i.SysTick_Handler)
    SystemClock_Config                       0x080024c1   Thumb Code   120  main.o(i.SystemClock_Config)
    SystemInit                               0x08002539   Thumb Code    56  system_stm32f1xx.o(i.SystemInit)
    TIM1_UP_IRQHandler                       0x08002581   Thumb Code    46  stm32f1xx_it.o(i.TIM1_UP_IRQHandler)
    TIM_Base_SetConfig                       0x080025c1   Thumb Code    94  stm32f1xx_hal_tim.o(i.TIM_Base_SetConfig)
    TIM_CCxChannelCmd                        0x0800262d   Thumb Code    22  stm32f1xx_hal_tim.o(i.TIM_CCxChannelCmd)
    TIM_OC2_SetConfig                        0x080026cd   Thumb Code    84  stm32f1xx_hal_tim.o(i.TIM_OC2_SetConfig)
    USBD_CDC_GetDeviceQualifierDescriptor    0x080028a9   Thumb Code     8  usbd_cdc.o(i.USBD_CDC_GetDeviceQualifierDescriptor)
    USBD_CDC_ReceivePacket                   0x08002961   Thumb Code    40  usbd_cdc.o(i.USBD_CDC_ReceivePacket)
    USBD_CDC_RegisterInterface               0x08002989   Thumb Code    16  usbd_cdc.o(i.USBD_CDC_RegisterInterface)
    USBD_CDC_SetRxBuffer                     0x08002999   Thumb Code    12  usbd_cdc.o(i.USBD_CDC_SetRxBuffer)
    USBD_CDC_SetTxBuffer                     0x080029a5   Thumb Code    16  usbd_cdc.o(i.USBD_CDC_SetTxBuffer)
    USBD_ClrClassConfig                      0x08002a25   Thumb Code    14  usbd_core.o(i.USBD_ClrClassConfig)
    USBD_CtlContinueRx                       0x08002a33   Thumb Code    16  usbd_ioreq.o(i.USBD_CtlContinueRx)
    USBD_CtlContinueSendData                 0x08002a43   Thumb Code    16  usbd_ioreq.o(i.USBD_CtlContinueSendData)
    USBD_CtlError                            0x08002a53   Thumb Code    22  usbd_ctlreq.o(i.USBD_CtlError)
    USBD_CtlPrepareRx                        0x08002a69   Thumb Code    30  usbd_ioreq.o(i.USBD_CtlPrepareRx)
    USBD_CtlReceiveStatus                    0x08002a87   Thumb Code    22  usbd_ioreq.o(i.USBD_CtlReceiveStatus)
    USBD_CtlSendData                         0x08002a9d   Thumb Code    26  usbd_ioreq.o(i.USBD_CtlSendData)
    USBD_CtlSendStatus                       0x08002ab7   Thumb Code    22  usbd_ioreq.o(i.USBD_CtlSendStatus)
    USBD_FS_ConfigStrDescriptor              0x08002acd   Thumb Code    16  usbd_desc.o(i.USBD_FS_ConfigStrDescriptor)
    USBD_FS_DeviceDescriptor                 0x08002aed   Thumb Code     8  usbd_desc.o(i.USBD_FS_DeviceDescriptor)
    USBD_FS_InterfaceStrDescriptor           0x08002af9   Thumb Code    16  usbd_desc.o(i.USBD_FS_InterfaceStrDescriptor)
    USBD_FS_LangIDStrDescriptor              0x08002b1d   Thumb Code     8  usbd_desc.o(i.USBD_FS_LangIDStrDescriptor)
    USBD_FS_ManufacturerStrDescriptor        0x08002b29   Thumb Code    16  usbd_desc.o(i.USBD_FS_ManufacturerStrDescriptor)
    USBD_FS_ProductStrDescriptor             0x08002b51   Thumb Code    16  usbd_desc.o(i.USBD_FS_ProductStrDescriptor)
    USBD_FS_SerialStrDescriptor              0x08002b7d   Thumb Code    16  usbd_desc.o(i.USBD_FS_SerialStrDescriptor)
    USBD_GetString                           0x08002c81   Thumb Code    70  usbd_ctlreq.o(i.USBD_GetString)
    USBD_Init                                0x08002cc7   Thumb Code    42  usbd_core.o(i.USBD_Init)
    USBD_LL_ClearStallEP                     0x08002cf1   Thumb Code    32  usbd_conf.o(i.USBD_LL_ClearStallEP)
    USBD_LL_CloseEP                          0x08002d11   Thumb Code    32  usbd_conf.o(i.USBD_LL_CloseEP)
    USBD_LL_DataInStage                      0x08002d31   Thumb Code   170  usbd_core.o(i.USBD_LL_DataInStage)
    USBD_LL_DataOutStage                     0x08002ddb   Thumb Code   106  usbd_core.o(i.USBD_LL_DataOutStage)
    USBD_LL_GetRxDataSize                    0x08002e45   Thumb Code     8  usbd_conf.o(i.USBD_LL_GetRxDataSize)
    USBD_LL_Init                             0x08002e4d   Thumb Code   130  usbd_conf.o(i.USBD_LL_Init)
    USBD_LL_IsStallEP                        0x08002ef5   Thumb Code    28  usbd_conf.o(i.USBD_LL_IsStallEP)
    USBD_LL_OpenEP                           0x08002f11   Thumb Code    38  usbd_conf.o(i.USBD_LL_OpenEP)
    USBD_LL_PrepareReceive                   0x08002f37   Thumb Code    32  usbd_conf.o(i.USBD_LL_PrepareReceive)
    USBD_LL_Reset                            0x08002f57   Thumb Code    62  usbd_core.o(i.USBD_LL_Reset)
    USBD_LL_Resume                           0x08002f95   Thumb Code    12  usbd_core.o(i.USBD_LL_Resume)
    USBD_LL_SOF                              0x08002fa1   Thumb Code    24  usbd_core.o(i.USBD_LL_SOF)
    USBD_LL_SetSpeed                         0x08002fb9   Thumb Code     6  usbd_core.o(i.USBD_LL_SetSpeed)
    USBD_LL_SetUSBAddress                    0x08002fbf   Thumb Code    32  usbd_conf.o(i.USBD_LL_SetUSBAddress)
    USBD_LL_SetupStage                       0x08002fdf   Thumb Code    90  usbd_core.o(i.USBD_LL_SetupStage)
    USBD_LL_StallEP                          0x08003039   Thumb Code    32  usbd_conf.o(i.USBD_LL_StallEP)
    USBD_LL_Start                            0x08003059   Thumb Code    32  usbd_conf.o(i.USBD_LL_Start)
    USBD_LL_Suspend                          0x08003079   Thumb Code    18  usbd_core.o(i.USBD_LL_Suspend)
    USBD_LL_Transmit                         0x0800308b   Thumb Code    32  usbd_conf.o(i.USBD_LL_Transmit)
    USBD_ParseSetupRequest                   0x080030ab   Thumb Code    40  usbd_ctlreq.o(i.USBD_ParseSetupRequest)
    USBD_RegisterClass                       0x080030d3   Thumb Code    16  usbd_core.o(i.USBD_RegisterClass)
    USBD_SetClassConfig                      0x080030e3   Thumb Code    22  usbd_core.o(i.USBD_SetClassConfig)
    USBD_Start                               0x0800316d   Thumb Code    10  usbd_core.o(i.USBD_Start)
    USBD_StdDevReq                           0x08003177   Thumb Code   242  usbd_ctlreq.o(i.USBD_StdDevReq)
    USBD_StdEPReq                            0x08003269   Thumb Code   220  usbd_ctlreq.o(i.USBD_StdEPReq)
    USBD_StdItfReq                           0x08003345   Thumb Code    52  usbd_ctlreq.o(i.USBD_StdItfReq)
    USBD_static_free                         0x08003379   Thumb Code     2  usbd_conf.o(i.USBD_static_free)
    USBD_static_malloc                       0x0800337d   Thumb Code     4  usbd_conf.o(i.USBD_static_malloc)
    USB_ActivateEndpoint                     0x08003385   Thumb Code   604  stm32f1xx_ll_usb.o(i.USB_ActivateEndpoint)
    USB_CoreInit                             0x080035e1   Thumb Code     4  stm32f1xx_ll_usb.o(i.USB_CoreInit)
    USB_DeactivateEndpoint                   0x080035e5   Thumb Code   292  stm32f1xx_ll_usb.o(i.USB_DeactivateEndpoint)
    USB_DevConnect                           0x08003709   Thumb Code     4  stm32f1xx_ll_usb.o(i.USB_DevConnect)
    USB_DevDisconnect                        0x0800370d   Thumb Code     4  stm32f1xx_ll_usb.o(i.USB_DevDisconnect)
    USB_DevInit                              0x08003711   Thumb Code    30  stm32f1xx_ll_usb.o(i.USB_DevInit)
    USB_DisableGlobalInt                     0x0800372f   Thumb Code    14  stm32f1xx_ll_usb.o(i.USB_DisableGlobalInt)
    USB_EP0_OutStart                         0x0800373d   Thumb Code     4  stm32f1xx_ll_usb.o(i.USB_EP0_OutStart)
    USB_EPClearStall                         0x08003741   Thumb Code   106  stm32f1xx_ll_usb.o(i.USB_EPClearStall)
    USB_EPSetStall                           0x080037ab   Thumb Code    74  stm32f1xx_ll_usb.o(i.USB_EPSetStall)
    USB_EPStartXfer                          0x080037f5   Thumb Code   426  stm32f1xx_ll_usb.o(i.USB_EPStartXfer)
    USB_EnableGlobalInt                      0x0800399f   Thumb Code    14  stm32f1xx_ll_usb.o(i.USB_EnableGlobalInt)
    USB_LP_CAN1_RX0_IRQHandler               0x080039ad   Thumb Code     6  stm32f1xx_it.o(i.USB_LP_CAN1_RX0_IRQHandler)
    USB_ReadInterrupts                       0x080039b9   Thumb Code     6  stm32f1xx_ll_usb.o(i.USB_ReadInterrupts)
    USB_ReadPMA                              0x080039c1   Thumb Code    30  stm32f1xx_ll_usb.o(i.USB_ReadPMA)
    USB_SetCurrentMode                       0x080039df   Thumb Code     4  stm32f1xx_ll_usb.o(i.USB_SetCurrentMode)
    USB_SetDevAddress                        0x080039e3   Thumb Code    12  stm32f1xx_ll_usb.o(i.USB_SetDevAddress)
    USB_WritePMA                             0x080039ef   Thumb Code    38  stm32f1xx_ll_usb.o(i.USB_WritePMA)
    UsageFault_Handler                       0x08003a15   Thumb Code     2  stm32f1xx_it.o(i.UsageFault_Handler)
    _Error_Handler                           0x08003a17   Thumb Code     2  main.o(i._Error_Handler)
    __ARM_fpclassify                         0x08003a19   Thumb Code    40  fpclassify.o(i.__ARM_fpclassify)
    __ieee754_rem_pio2                       0x08003a41   Thumb Code   828  rred.o(i.__ieee754_rem_pio2)
    __kernel_cos                             0x08003dc9   Thumb Code   230  cos_i.o(i.__kernel_cos)
    __kernel_poly                            0x08003ec5   Thumb Code   170  poly.o(i.__kernel_poly)
    __kernel_sin                             0x08003f71   Thumb Code   224  sin_i.o(i.__kernel_sin)
    __mathlib_dbl_infnan                     0x0800405d   Thumb Code     6  dunder.o(i.__mathlib_dbl_infnan)
    __mathlib_dbl_invalid                    0x08004063   Thumb Code    12  dunder.o(i.__mathlib_dbl_invalid)
    __mathlib_dbl_underflow                  0x08004071   Thumb Code    10  dunder.o(i.__mathlib_dbl_underflow)
    __read_errno                             0x08004081   Thumb Code     6  errno.o(i.__read_errno)
    __scatterload_copy                       0x0800408d   Thumb Code    14  handlers.o(i.__scatterload_copy)
    __scatterload_null                       0x0800409b   Thumb Code     2  handlers.o(i.__scatterload_null)
    __scatterload_zeroinit                   0x0800409d   Thumb Code    14  handlers.o(i.__scatterload_zeroinit)
    __set_errno                              0x080040ad   Thumb Code     6  errno.o(i.__set_errno)
    _is_digit                                0x080040b9   Thumb Code    14  scanf_fp.o(i._is_digit)
    atof                                     0x080040c7   Thumb Code    42  atof.o(i.atof)
    main                                     0x080040f1   Thumb Code   294  main.o(i.main)
    sin                                      0x0800422d   Thumb Code   150  sin.o(i.sin)
    AHBPrescTable                            0x080042cc   Data          16  system_stm32f1xx.o(.constdata)
    __ctype_categories                       0x08004400   Data          64  ctype_c.o(.constdata)
    Region$$Table$$Base                      0x08004440   Number         0  anon$$obj.o(Region$$Table)
    Region$$Table$$Limit                     0x08004460   Number         0  anon$$obj.o(Region$$Table)
    PWM_MAX                                  0x20000000   Data           2  main.o(.data)
    angle                                    0x20000008   Data           8  main.o(.data)
    step                                     0x20000010   Data           8  main.o(.data)
    FS_Desc                                  0x20000018   Data          28  usbd_desc.o(.data)
    USBD_LangIDDesc                          0x20000034   Data           4  usbd_desc.o(.data)
    USBD_FS_DeviceDesc                       0x20000038   Data          18  usbd_desc.o(.data)
    USBD_Interface_fops_FS                   0x2000004c   Data          16  usbd_cdc_if.o(.data)
    uwTickFreq                               0x2000005c   Data           1  stm32f1xx_hal.o(.data)
    uwTickPrio                               0x20000060   Data           4  stm32f1xx_hal.o(.data)
    uwTick                                   0x20000064   Data           4  stm32f1xx_hal.o(.data)
    SystemCoreClock                          0x20000068   Data           4  system_stm32f1xx.o(.data)
    USBD_CDC_CfgHSDesc                       0x20000080   Data          67  usbd_cdc.o(.data)
    USBD_CDC_CfgFSDesc                       0x200000c4   Data          67  usbd_cdc.o(.data)
    USBD_CDC_OtherSpeedCfgDesc               0x20000108   Data          67  usbd_cdc.o(.data)
    USBD_CDC                                 0x2000014c   Data          56  usbd_cdc.o(.data)
    htim1                                    0x20000188   Data          64  tim.o(.bss)
    hUsbDeviceFS                             0x200001c8   Data         548  usb_device.o(.bss)
    hpcd_USB_FS                              0x2000060c   Data        1120  usbd_conf.o(.bss)
    USBD_StrDesc                             0x20000a6c   Data         512  usbd_desc.o(.bss)
    UserRxBufferFS                           0x20000c6c   Data        1000  usbd_cdc_if.o(.bss)
    UserTxBufferFS                           0x20001054   Data        1000  usbd_cdc_if.o(.bss)
    __initial_sp                             0x20001a40   Data           0  startup_stm32f103xb.o(STACK)



==============================================================================

Memory Map of the image

  Image Entry point : 0x080000ed

  Load Region LR_IROM1 (Base: 0x08000000, Size: 0x000045e8, Max: 0x00010000, ABSOLUTE, COMPRESSED[0x00004524])

    Execution Region ER_IROM1 (Exec base: 0x08000000, Load base: 0x08000000, Size: 0x00004460, Max: 0x00010000, ABSOLUTE)

    Exec Addr    Load Addr    Size         Type   Attr      Idx    E Section Name        Object

    0x08000000   0x08000000   0x000000ec   Data   RO            3    RESET               startup_stm32f103xb.o
    0x080000ec   0x080000ec   0x00000000   Code   RO         3371  * .ARM.Collect$$$$00000000  mc_w.l(entry.o)
    0x080000ec   0x080000ec   0x00000004   Code   RO         3420    .ARM.Collect$$$$00000001  mc_w.l(entry2.o)
    0x080000f0   0x080000f0   0x00000004   Code   RO         3423    .ARM.Collect$$$$00000004  mc_w.l(entry5.o)
    0x080000f4   0x080000f4   0x00000000   Code   RO         3425    .ARM.Collect$$$$00000008  mc_w.l(entry7b.o)
    0x080000f4   0x080000f4   0x00000000   Code   RO         3427    .ARM.Collect$$$$0000000A  mc_w.l(entry8b.o)
    0x080000f4   0x080000f4   0x00000008   Code   RO         3428    .ARM.Collect$$$$0000000B  mc_w.l(entry9a.o)
    0x080000fc   0x080000fc   0x00000000   Code   RO         3430    .ARM.Collect$$$$0000000D  mc_w.l(entry10a.o)
    0x080000fc   0x080000fc   0x00000000   Code   RO         3432    .ARM.Collect$$$$0000000F  mc_w.l(entry11a.o)
    0x080000fc   0x080000fc   0x00000004   Code   RO         3421    .ARM.Collect$$$$00002712  mc_w.l(entry2.o)
    0x08000100   0x08000100   0x00000024   Code   RO            4    .text               startup_stm32f103xb.o
    0x08000124   0x08000124   0x00000020   Code   RO         3374    .text               mc_w.l(llushr.o)
    0x08000144   0x08000144   0x00000024   Code   RO         3376    .text               mc_w.l(memcpya.o)
    0x08000168   0x08000168   0x0000014e   Code   RO         3380    .text               mf_w.l(dadd.o)
    0x080002b6   0x080002b6   0x000000e4   Code   RO         3382    .text               mf_w.l(dmul.o)
    0x0800039a   0x0800039a   0x0000002e   Code   RO         3384    .text               mf_w.l(dscalb.o)
    0x080003c8   0x080003c8   0x0000001a   Code   RO         3386    .text               mf_w.l(dfltui.o)
    0x080003e2   0x080003e2   0x00000032   Code   RO         3388    .text               mf_w.l(dfixui.o)
    0x08000414   0x08000414   0x00000030   Code   RO         3390    .text               mf_w.l(cdcmple.o)
    0x08000444   0x08000444   0x0000001e   Code   RO         3434    .text               mc_w.l(llshl.o)
    0x08000462   0x08000462   0x00000024   Code   RO         3436    .text               mc_w.l(llsshr.o)
    0x08000486   0x08000486   0x00000002   PAD
    0x08000488   0x08000488   0x0000009c   Code   RO         3445    .text               mc_w.l(strtod.o)
    0x08000524   0x08000524   0x00000000   Code   RO         3447    .text               mc_w.l(iusefp.o)
    0x08000524   0x08000524   0x000000ba   Code   RO         3448    .text               mf_w.l(depilogue.o)
    0x080005de   0x080005de   0x00000002   PAD
    0x080005e0   0x080005e0   0x00000024   Code   RO         3454    .text               mc_w.l(init.o)
    0x08000604   0x08000604   0x0000000a   Code   RO         3456    .text               mc_w.l(isspace_c.o)
    0x0800060e   0x0800060e   0x00000002   PAD
    0x08000610   0x08000610   0x00000360   Code   RO         3458    .text               mc_w.l(scanf_fp.o)
    0x08000970   0x08000970   0x00000040   Code   RO         3462    .text               mc_w.l(_sgetc.o)
    0x080009b0   0x080009b0   0x000000de   Code   RO         3464    .text               mf_w.l(ddiv.o)
    0x08000a8e   0x08000a8e   0x00000022   Code   RO         3466    .text               mf_w.l(dflti.o)
    0x08000ab0   0x08000ab0   0x0000003e   Code   RO         3468    .text               mf_w.l(dfixi.o)
    0x08000aee   0x08000aee   0x00000002   PAD
    0x08000af0   0x08000af0   0x00000028   Code   RO         3470    .text               mc_w.l(ctype_c.o)
    0x08000b18   0x08000b18   0x00000018   Code   RO         3473    .text               mf_w.l(dfltul.o)
    0x08000b30   0x08000b30   0x00000038   Code   RO         3475    .text               mf_w.l(d2f.o)
    0x08000b68   0x08000b68   0x0000006e   Code   RO         3477    .text               mf_w.l(fepilogue.o)
    0x08000bd6   0x08000bd6   0x00000056   Code   RO         3487    .text               mc_w.l(__dczerorl2.o)
    0x08000c2c   0x08000c2c   0x00000002   Code   RO          240    i.BusFault_Handler  stm32f1xx_it.o
    0x08000c2e   0x08000c2e   0x00000004   Code   RO          678    i.CDC_Control_FS    usbd_cdc_if.o
    0x08000c32   0x08000c32   0x00000004   Code   RO          679    i.CDC_DeInit_FS     usbd_cdc_if.o
    0x08000c36   0x08000c36   0x00000002   PAD
    0x08000c38   0x08000c38   0x00000024   Code   RO          680    i.CDC_Init_FS       usbd_cdc_if.o
    0x08000c5c   0x08000c5c   0x00000028   Code   RO          681    i.CDC_Receive_FS    usbd_cdc_if.o
    0x08000c84   0x08000c84   0x00000002   Code   RO          241    i.DebugMon_Handler  stm32f1xx_it.o
    0x08000c86   0x08000c86   0x00000002   PAD
    0x08000c88   0x08000c88   0x000001bc   Code   RO         2367    i.HAL_GPIO_Init     stm32f1xx_hal_gpio.o
    0x08000e44   0x08000e44   0x0000000c   Code   RO         2078    i.HAL_GetTick       stm32f1xx_hal.o
    0x08000e50   0x08000e50   0x00000010   Code   RO         2082    i.HAL_IncTick       stm32f1xx_hal.o
    0x08000e60   0x08000e60   0x00000024   Code   RO         2083    i.HAL_Init          stm32f1xx_hal.o
    0x08000e84   0x08000e84   0x00000040   Code   RO         2084    i.HAL_InitTick      stm32f1xx_hal.o
    0x08000ec4   0x08000ec4   0x00000090   Code   RO          328    i.HAL_MspInit       stm32f1xx_hal_msp.o
    0x08000f54   0x08000f54   0x00000016   Code   RO         2527    i.HAL_NVIC_EnableIRQ  stm32f1xx_hal_cortex.o
    0x08000f6a   0x08000f6a   0x00000002   PAD
    0x08000f6c   0x08000f6c   0x00000040   Code   RO         2533    i.HAL_NVIC_SetPriority  stm32f1xx_hal_cortex.o
    0x08000fac   0x08000fac   0x00000024   Code   RO         2534    i.HAL_NVIC_SetPriorityGrouping  stm32f1xx_hal_cortex.o
    0x08000fd0   0x08000fd0   0x00000034   Code   RO          981    i.HAL_PCDEx_PMAConfig  stm32f1xx_hal_pcd_ex.o
    0x08001004   0x08001004   0x00000002   Code   RO          403    i.HAL_PCDEx_SetConnectionState  usbd_conf.o
    0x08001006   0x08001006   0x0000000e   Code   RO          405    i.HAL_PCD_DataInStageCallback  usbd_conf.o
    0x08001014   0x08001014   0x00000010   Code   RO          406    i.HAL_PCD_DataOutStageCallback  usbd_conf.o
    0x08001024   0x08001024   0x00000040   Code   RO          775    i.HAL_PCD_EP_Close  stm32f1xx_hal_pcd.o
    0x08001064   0x08001064   0x00000048   Code   RO          776    i.HAL_PCD_EP_ClrStall  stm32f1xx_hal_pcd.o
    0x080010ac   0x080010ac   0x00000010   Code   RO          778    i.HAL_PCD_EP_GetRxCount  stm32f1xx_hal_pcd.o
    0x080010bc   0x080010bc   0x00000044   Code   RO          779    i.HAL_PCD_EP_Open   stm32f1xx_hal_pcd.o
    0x08001100   0x08001100   0x0000002e   Code   RO          780    i.HAL_PCD_EP_Receive  stm32f1xx_hal_pcd.o
    0x0800112e   0x0800112e   0x00000056   Code   RO          781    i.HAL_PCD_EP_SetStall  stm32f1xx_hal_pcd.o
    0x08001184   0x08001184   0x0000002a   Code   RO          782    i.HAL_PCD_EP_Transmit  stm32f1xx_hal_pcd.o
    0x080011ae   0x080011ae   0x0000010c   Code   RO          784    i.HAL_PCD_IRQHandler  stm32f1xx_hal_pcd.o
    0x080012ba   0x080012ba   0x00000002   PAD
    0x080012bc   0x080012bc   0x000000c0   Code   RO          787    i.HAL_PCD_Init      stm32f1xx_hal_pcd.o
    0x0800137c   0x0800137c   0x0000003c   Code   RO          411    i.HAL_PCD_MspInit   usbd_conf.o
    0x080013b8   0x080013b8   0x0000001a   Code   RO          412    i.HAL_PCD_ResetCallback  usbd_conf.o
    0x080013d2   0x080013d2   0x00000008   Code   RO          413    i.HAL_PCD_ResumeCallback  usbd_conf.o
    0x080013da   0x080013da   0x00000008   Code   RO          414    i.HAL_PCD_SOFCallback  usbd_conf.o
    0x080013e2   0x080013e2   0x00000028   Code   RO          793    i.HAL_PCD_SetAddress  stm32f1xx_hal_pcd.o
    0x0800140a   0x0800140a   0x0000000e   Code   RO          415    i.HAL_PCD_SetupStageCallback  usbd_conf.o
    0x08001418   0x08001418   0x00000032   Code   RO          795    i.HAL_PCD_Start     stm32f1xx_hal_pcd.o
    0x0800144a   0x0800144a   0x00000002   PAD
    0x0800144c   0x0800144c   0x00000024   Code   RO          416    i.HAL_PCD_SuspendCallback  usbd_conf.o
    0x08001470   0x08001470   0x000000ec   Code   RO         2330    i.HAL_RCCEx_PeriphCLKConfig  stm32f1xx_hal_rcc_ex.o
    0x0800155c   0x0800155c   0x00000154   Code   RO         2227    i.HAL_RCC_ClockConfig  stm32f1xx_hal_rcc.o
    0x080016b0   0x080016b0   0x0000000c   Code   RO         2232    i.HAL_RCC_GetHCLKFreq  stm32f1xx_hal_rcc.o
    0x080016bc   0x080016bc   0x0000006c   Code   RO         2236    i.HAL_RCC_GetSysClockFreq  stm32f1xx_hal_rcc.o
    0x08001728   0x08001728   0x00000304   Code   RO         2239    i.HAL_RCC_OscConfig  stm32f1xx_hal_rcc.o
    0x08001a2c   0x08001a2c   0x00000018   Code   RO         2536    i.HAL_SYSTICK_CLKSourceConfig  stm32f1xx_hal_cortex.o
    0x08001a44   0x08001a44   0x00000002   Code   RO         2537    i.HAL_SYSTICK_Callback  stm32f1xx_hal_cortex.o
    0x08001a46   0x08001a46   0x00000028   Code   RO         2538    i.HAL_SYSTICK_Config  stm32f1xx_hal_cortex.o
    0x08001a6e   0x08001a6e   0x00000008   Code   RO         2539    i.HAL_SYSTICK_IRQHandler  stm32f1xx_hal_cortex.o
    0x08001a76   0x08001a76   0x00000002   Code   RO         1834    i.HAL_TIMEx_BreakCallback  stm32f1xx_hal_tim_ex.o
    0x08001a78   0x08001a78   0x00000002   Code   RO         1835    i.HAL_TIMEx_CommutationCallback  stm32f1xx_hal_tim_ex.o
    0x08001a7a   0x08001a7a   0x0000005a   Code   RO         1836    i.HAL_TIMEx_ConfigBreakDeadTime  stm32f1xx_hal_tim_ex.o
    0x08001ad4   0x08001ad4   0x00000050   Code   RO         1851    i.HAL_TIMEx_MasterConfigSynchronization  stm32f1xx_hal_tim_ex.o
    0x08001b24   0x08001b24   0x00000024   Code   RO         1862    i.HAL_TIMEx_PWMN_Start  stm32f1xx_hal_tim_ex.o
    0x08001b48   0x08001b48   0x00000036   Code   RO         1205    i.HAL_TIM_Base_Init  stm32f1xx_hal_tim.o
    0x08001b7e   0x08001b7e   0x00000002   PAD
    0x08001b80   0x08001b80   0x0000003c   Code   RO          193    i.HAL_TIM_Base_MspInit  tim.o
    0x08001bbc   0x08001bbc   0x00000018   Code   RO         1210    i.HAL_TIM_Base_Start_IT  stm32f1xx_hal_tim.o
    0x08001bd4   0x08001bd4   0x000000f2   Code   RO         1214    i.HAL_TIM_ConfigClockSource  stm32f1xx_hal_tim.o
    0x08001cc6   0x08001cc6   0x00000002   Code   RO         1234    i.HAL_TIM_IC_CaptureCallback  stm32f1xx_hal_tim.o
    0x08001cc8   0x08001cc8   0x00000166   Code   RO         1247    i.HAL_TIM_IRQHandler  stm32f1xx_hal_tim.o
    0x08001e2e   0x08001e2e   0x00000002   PAD
    0x08001e30   0x08001e30   0x00000040   Code   RO          194    i.HAL_TIM_MspPostInit  tim.o
    0x08001e70   0x08001e70   0x00000002   Code   RO         1250    i.HAL_TIM_OC_DelayElapsedCallback  stm32f1xx_hal_tim.o
    0x08001e72   0x08001e72   0x000000d0   Code   RO         1271    i.HAL_TIM_PWM_ConfigChannel  stm32f1xx_hal_tim.o
    0x08001f42   0x08001f42   0x00000036   Code   RO         1274    i.HAL_TIM_PWM_Init  stm32f1xx_hal_tim.o
    0x08001f78   0x08001f78   0x00000002   Code   RO         1276    i.HAL_TIM_PWM_MspInit  stm32f1xx_hal_tim.o
    0x08001f7a   0x08001f7a   0x00000002   Code   RO         1277    i.HAL_TIM_PWM_PulseFinishedCallback  stm32f1xx_hal_tim.o
    0x08001f7c   0x08001f7c   0x00000030   Code   RO         1278    i.HAL_TIM_PWM_Start  stm32f1xx_hal_tim.o
    0x08001fac   0x08001fac   0x00000002   Code   RO         1284    i.HAL_TIM_PeriodElapsedCallback  stm32f1xx_hal_tim.o
    0x08001fae   0x08001fae   0x00000002   Code   RO         1288    i.HAL_TIM_TriggerCallback  stm32f1xx_hal_tim.o
    0x08001fb0   0x08001fb0   0x00000002   Code   RO          242    i.HardFault_Handler  stm32f1xx_it.o
    0x08001fb2   0x08001fb2   0x00000002   PAD
    0x08001fb4   0x08001fb4   0x0000003c   Code   RO          168    i.MX_GPIO_Init      gpio.o
    0x08001ff0   0x08001ff0   0x00000100   Code   RO          195    i.MX_TIM1_Init      tim.o
    0x080020f0   0x080020f0   0x00000038   Code   RO          352    i.MX_USB_DEVICE_Init  usb_device.o
    0x08002128   0x08002128   0x00000002   Code   RO          243    i.MemManage_Handler  stm32f1xx_it.o
    0x0800212a   0x0800212a   0x00000002   Code   RO          244    i.NMI_Handler       stm32f1xx_it.o
    0x0800212c   0x0800212c   0x00000020   Code   RO         2540    i.NVIC_SetPriority  stm32f1xx_hal_cortex.o
    0x0800214c   0x0800214c   0x00000362   Code   RO          798    i.PCD_EP_ISR_Handler  stm32f1xx_hal_pcd.o
    0x080024ae   0x080024ae   0x00000002   Code   RO          245    i.PendSV_Handler    stm32f1xx_it.o
    0x080024b0   0x080024b0   0x00000002   Code   RO          246    i.SVC_Handler       stm32f1xx_it.o
    0x080024b2   0x080024b2   0x0000000e   Code   RO          247    i.SysTick_Handler   stm32f1xx_it.o
    0x080024c0   0x080024c0   0x00000078   Code   RO           13    i.SystemClock_Config  main.o
    0x08002538   0x08002538   0x00000048   Code   RO         2956    i.SystemInit        system_stm32f1xx.o
    0x08002580   0x08002580   0x00000040   Code   RO          248    i.TIM1_UP_IRQHandler  stm32f1xx_it.o
    0x080025c0   0x080025c0   0x0000006c   Code   RO         1289    i.TIM_Base_SetConfig  stm32f1xx_hal_tim.o
    0x0800262c   0x0800262c   0x00000016   Code   RO         1290    i.TIM_CCxChannelCmd  stm32f1xx_hal_tim.o
    0x08002642   0x08002642   0x00000016   Code   RO         1869    i.TIM_CCxNChannelCmd  stm32f1xx_hal_tim_ex.o
    0x08002658   0x08002658   0x00000014   Code   RO         1296    i.TIM_ETR_SetConfig  stm32f1xx_hal_tim.o
    0x0800266c   0x0800266c   0x00000010   Code   RO         1297    i.TIM_ITRx_SetConfig  stm32f1xx_hal_tim.o
    0x0800267c   0x0800267c   0x00000050   Code   RO         1298    i.TIM_OC1_SetConfig  stm32f1xx_hal_tim.o
    0x080026cc   0x080026cc   0x00000058   Code   RO         1299    i.TIM_OC2_SetConfig  stm32f1xx_hal_tim.o
    0x08002724   0x08002724   0x00000058   Code   RO         1300    i.TIM_OC3_SetConfig  stm32f1xx_hal_tim.o
    0x0800277c   0x0800277c   0x00000044   Code   RO         1301    i.TIM_OC4_SetConfig  stm32f1xx_hal_tim.o
    0x080027c0   0x080027c0   0x00000022   Code   RO         1303    i.TIM_TI1_ConfigInputStage  stm32f1xx_hal_tim.o
    0x080027e2   0x080027e2   0x00000024   Code   RO         1305    i.TIM_TI2_ConfigInputStage  stm32f1xx_hal_tim.o
    0x08002806   0x08002806   0x00000014   Code   RO         3256    i.USBD_CDC_DataIn   usbd_cdc.o
    0x0800281a   0x0800281a   0x0000002e   Code   RO         3257    i.USBD_CDC_DataOut  usbd_cdc.o
    0x08002848   0x08002848   0x0000003c   Code   RO         3258    i.USBD_CDC_DeInit   usbd_cdc.o
    0x08002884   0x08002884   0x00000024   Code   RO         3259    i.USBD_CDC_EP0_RxReady  usbd_cdc.o
    0x080028a8   0x080028a8   0x0000000c   Code   RO         3260    i.USBD_CDC_GetDeviceQualifierDescriptor  usbd_cdc.o
    0x080028b4   0x080028b4   0x0000000c   Code   RO         3261    i.USBD_CDC_GetFSCfgDesc  usbd_cdc.o
    0x080028c0   0x080028c0   0x0000000c   Code   RO         3262    i.USBD_CDC_GetHSCfgDesc  usbd_cdc.o
    0x080028cc   0x080028cc   0x0000000c   Code   RO         3263    i.USBD_CDC_GetOtherSpeedCfgDesc  usbd_cdc.o
    0x080028d8   0x080028d8   0x00000088   Code   RO         3264    i.USBD_CDC_Init     usbd_cdc.o
    0x08002960   0x08002960   0x00000028   Code   RO         3265    i.USBD_CDC_ReceivePacket  usbd_cdc.o
    0x08002988   0x08002988   0x00000010   Code   RO         3266    i.USBD_CDC_RegisterInterface  usbd_cdc.o
    0x08002998   0x08002998   0x0000000c   Code   RO         3267    i.USBD_CDC_SetRxBuffer  usbd_cdc.o
    0x080029a4   0x080029a4   0x00000010   Code   RO         3268    i.USBD_CDC_SetTxBuffer  usbd_cdc.o
    0x080029b4   0x080029b4   0x00000070   Code   RO         3269    i.USBD_CDC_Setup    usbd_cdc.o
    0x08002a24   0x08002a24   0x0000000e   Code   RO         2993    i.USBD_ClrClassConfig  usbd_core.o
    0x08002a32   0x08002a32   0x00000010   Code   RO         3196    i.USBD_CtlContinueRx  usbd_ioreq.o
    0x08002a42   0x08002a42   0x00000010   Code   RO         3197    i.USBD_CtlContinueSendData  usbd_ioreq.o
    0x08002a52   0x08002a52   0x00000016   Code   RO         3131    i.USBD_CtlError     usbd_ctlreq.o
    0x08002a68   0x08002a68   0x0000001e   Code   RO         3198    i.USBD_CtlPrepareRx  usbd_ioreq.o
    0x08002a86   0x08002a86   0x00000016   Code   RO         3199    i.USBD_CtlReceiveStatus  usbd_ioreq.o
    0x08002a9c   0x08002a9c   0x0000001a   Code   RO         3200    i.USBD_CtlSendData  usbd_ioreq.o
    0x08002ab6   0x08002ab6   0x00000016   Code   RO         3201    i.USBD_CtlSendStatus  usbd_ioreq.o
    0x08002acc   0x08002acc   0x00000020   Code   RO          610    i.USBD_FS_ConfigStrDescriptor  usbd_desc.o
    0x08002aec   0x08002aec   0x0000000c   Code   RO          611    i.USBD_FS_DeviceDescriptor  usbd_desc.o
    0x08002af8   0x08002af8   0x00000024   Code   RO          612    i.USBD_FS_InterfaceStrDescriptor  usbd_desc.o
    0x08002b1c   0x08002b1c   0x0000000c   Code   RO          613    i.USBD_FS_LangIDStrDescriptor  usbd_desc.o
    0x08002b28   0x08002b28   0x00000028   Code   RO          614    i.USBD_FS_ManufacturerStrDescriptor  usbd_desc.o
    0x08002b50   0x08002b50   0x0000002c   Code   RO          615    i.USBD_FS_ProductStrDescriptor  usbd_desc.o
    0x08002b7c   0x08002b7c   0x00000024   Code   RO          616    i.USBD_FS_SerialStrDescriptor  usbd_desc.o
    0x08002ba0   0x08002ba0   0x000000e0   Code   RO         3132    i.USBD_GetDescriptor  usbd_ctlreq.o
    0x08002c80   0x08002c80   0x00000046   Code   RO         3133    i.USBD_GetString    usbd_ctlreq.o
    0x08002cc6   0x08002cc6   0x0000002a   Code   RO         2995    i.USBD_Init         usbd_core.o
    0x08002cf0   0x08002cf0   0x00000020   Code   RO          417    i.USBD_LL_ClearStallEP  usbd_conf.o
    0x08002d10   0x08002d10   0x00000020   Code   RO          418    i.USBD_LL_CloseEP   usbd_conf.o
    0x08002d30   0x08002d30   0x000000aa   Code   RO         2996    i.USBD_LL_DataInStage  usbd_core.o
    0x08002dda   0x08002dda   0x0000006a   Code   RO         2997    i.USBD_LL_DataOutStage  usbd_core.o
    0x08002e44   0x08002e44   0x00000008   Code   RO          422    i.USBD_LL_GetRxDataSize  usbd_conf.o
    0x08002e4c   0x08002e4c   0x000000a8   Code   RO          423    i.USBD_LL_Init      usbd_conf.o
    0x08002ef4   0x08002ef4   0x0000001c   Code   RO          424    i.USBD_LL_IsStallEP  usbd_conf.o
    0x08002f10   0x08002f10   0x00000026   Code   RO          425    i.USBD_LL_OpenEP    usbd_conf.o
    0x08002f36   0x08002f36   0x00000020   Code   RO          426    i.USBD_LL_PrepareReceive  usbd_conf.o
    0x08002f56   0x08002f56   0x0000003e   Code   RO         3002    i.USBD_LL_Reset     usbd_core.o
    0x08002f94   0x08002f94   0x0000000c   Code   RO         3003    i.USBD_LL_Resume    usbd_core.o
    0x08002fa0   0x08002fa0   0x00000018   Code   RO         3004    i.USBD_LL_SOF       usbd_core.o
    0x08002fb8   0x08002fb8   0x00000006   Code   RO         3005    i.USBD_LL_SetSpeed  usbd_core.o
    0x08002fbe   0x08002fbe   0x00000020   Code   RO          427    i.USBD_LL_SetUSBAddress  usbd_conf.o
    0x08002fde   0x08002fde   0x0000005a   Code   RO         3006    i.USBD_LL_SetupStage  usbd_core.o
    0x08003038   0x08003038   0x00000020   Code   RO          428    i.USBD_LL_StallEP   usbd_conf.o
    0x08003058   0x08003058   0x00000020   Code   RO          429    i.USBD_LL_Start     usbd_conf.o
    0x08003078   0x08003078   0x00000012   Code   RO         3007    i.USBD_LL_Suspend   usbd_core.o
    0x0800308a   0x0800308a   0x00000020   Code   RO          431    i.USBD_LL_Transmit  usbd_conf.o
    0x080030aa   0x080030aa   0x00000028   Code   RO         3134    i.USBD_ParseSetupRequest  usbd_ctlreq.o
    0x080030d2   0x080030d2   0x00000010   Code   RO         3008    i.USBD_RegisterClass  usbd_core.o
    0x080030e2   0x080030e2   0x00000016   Code   RO         3010    i.USBD_SetClassConfig  usbd_core.o
    0x080030f8   0x080030f8   0x00000074   Code   RO         3135    i.USBD_SetConfig    usbd_ctlreq.o
    0x0800316c   0x0800316c   0x0000000a   Code   RO         3011    i.USBD_Start        usbd_core.o
    0x08003176   0x08003176   0x000000f2   Code   RO         3136    i.USBD_StdDevReq    usbd_ctlreq.o
    0x08003268   0x08003268   0x000000dc   Code   RO         3137    i.USBD_StdEPReq     usbd_ctlreq.o
    0x08003344   0x08003344   0x00000034   Code   RO         3138    i.USBD_StdItfReq    usbd_ctlreq.o
    0x08003378   0x08003378   0x00000002   Code   RO          432    i.USBD_static_free  usbd_conf.o
    0x0800337a   0x0800337a   0x00000002   PAD
    0x0800337c   0x0800337c   0x00000008   Code   RO          433    i.USBD_static_malloc  usbd_conf.o
    0x08003384   0x08003384   0x0000025c   Code   RO         1011    i.USB_ActivateEndpoint  stm32f1xx_ll_usb.o
    0x080035e0   0x080035e0   0x00000004   Code   RO         1014    i.USB_CoreInit      stm32f1xx_ll_usb.o
    0x080035e4   0x080035e4   0x00000124   Code   RO         1016    i.USB_DeactivateEndpoint  stm32f1xx_ll_usb.o
    0x08003708   0x08003708   0x00000004   Code   RO         1017    i.USB_DevConnect    stm32f1xx_ll_usb.o
    0x0800370c   0x0800370c   0x00000004   Code   RO         1018    i.USB_DevDisconnect  stm32f1xx_ll_usb.o
    0x08003710   0x08003710   0x0000001e   Code   RO         1019    i.USB_DevInit       stm32f1xx_ll_usb.o
    0x0800372e   0x0800372e   0x0000000e   Code   RO         1020    i.USB_DisableGlobalInt  stm32f1xx_ll_usb.o
    0x0800373c   0x0800373c   0x00000004   Code   RO         1021    i.USB_EP0_OutStart  stm32f1xx_ll_usb.o
    0x08003740   0x08003740   0x0000006a   Code   RO         1022    i.USB_EPClearStall  stm32f1xx_ll_usb.o
    0x080037aa   0x080037aa   0x0000004a   Code   RO         1023    i.USB_EPSetStall    stm32f1xx_ll_usb.o
    0x080037f4   0x080037f4   0x000001aa   Code   RO         1024    i.USB_EPStartXfer   stm32f1xx_ll_usb.o
    0x0800399e   0x0800399e   0x0000000e   Code   RO         1025    i.USB_EnableGlobalInt  stm32f1xx_ll_usb.o
    0x080039ac   0x080039ac   0x0000000c   Code   RO          249    i.USB_LP_CAN1_RX0_IRQHandler  stm32f1xx_it.o
    0x080039b8   0x080039b8   0x00000006   Code   RO         1032    i.USB_ReadInterrupts  stm32f1xx_ll_usb.o
    0x080039be   0x080039be   0x00000002   PAD
    0x080039c0   0x080039c0   0x0000001e   Code   RO         1033    i.USB_ReadPMA       stm32f1xx_ll_usb.o
    0x080039de   0x080039de   0x00000004   Code   RO         1035    i.USB_SetCurrentMode  stm32f1xx_ll_usb.o
    0x080039e2   0x080039e2   0x0000000c   Code   RO         1036    i.USB_SetDevAddress  stm32f1xx_ll_usb.o
    0x080039ee   0x080039ee   0x00000026   Code   RO         1038    i.USB_WritePMA      stm32f1xx_ll_usb.o
    0x08003a14   0x08003a14   0x00000002   Code   RO          250    i.UsageFault_Handler  stm32f1xx_it.o
    0x08003a16   0x08003a16   0x00000002   Code   RO           14    i._Error_Handler    main.o
    0x08003a18   0x08003a18   0x00000028   Code   RO         3450    i.__ARM_fpclassify  m_ws.l(fpclassify.o)
    0x08003a40   0x08003a40   0x00000388   Code   RO         3409    i.__ieee754_rem_pio2  m_ws.l(rred.o)
    0x08003dc8   0x08003dc8   0x000000fc   Code   RO         3392    i.__kernel_cos      m_ws.l(cos_i.o)
    0x08003ec4   0x08003ec4   0x000000aa   Code   RO         3452    i.__kernel_poly     m_ws.l(poly.o)
    0x08003f6e   0x08003f6e   0x00000002   PAD
    0x08003f70   0x08003f70   0x000000ec   Code   RO         3414    i.__kernel_sin      m_ws.l(sin_i.o)
    0x0800405c   0x0800405c   0x00000006   Code   RO         3396    i.__mathlib_dbl_infnan  m_ws.l(dunder.o)
    0x08004062   0x08004062   0x0000000c   Code   RO         3398    i.__mathlib_dbl_invalid  m_ws.l(dunder.o)
    0x0800406e   0x0800406e   0x00000002   PAD
    0x08004070   0x08004070   0x00000010   Code   RO         3401    i.__mathlib_dbl_underflow  m_ws.l(dunder.o)
    0x08004080   0x08004080   0x0000000c   Code   RO         3439    i.__read_errno      mc_w.l(errno.o)
    0x0800408c   0x0800408c   0x0000000e   Code   RO         3481    i.__scatterload_copy  mc_w.l(handlers.o)
    0x0800409a   0x0800409a   0x00000002   Code   RO         3482    i.__scatterload_null  mc_w.l(handlers.o)
    0x0800409c   0x0800409c   0x0000000e   Code   RO         3483    i.__scatterload_zeroinit  mc_w.l(handlers.o)
    0x080040aa   0x080040aa   0x00000002   PAD
    0x080040ac   0x080040ac   0x0000000c   Code   RO         3440    i.__set_errno       mc_w.l(errno.o)
    0x080040b8   0x080040b8   0x0000000e   Code   RO         3460    i._is_digit         mc_w.l(scanf_fp.o)
    0x080040c6   0x080040c6   0x0000002a   Code   RO         3360    i.atof              m_ws.l(atof.o)
    0x080040f0   0x080040f0   0x0000013c   Code   RO           15    i.main              main.o
    0x0800422c   0x0800422c   0x000000a0   Code   RO         3364    i.sin               m_ws.l(sin.o)
    0x080042cc   0x080042cc   0x00000010   Data   RO         2957    .constdata          system_stm32f1xx.o
    0x080042dc   0x080042dc   0x00000004   PAD
    0x080042e0   0x080042e0   0x00000030   Data   RO         3393    .constdata          m_ws.l(cos_i.o)
    0x08004310   0x08004310   0x000000c8   Data   RO         3411    .constdata          m_ws.l(rred.o)
    0x080043d8   0x080043d8   0x00000028   Data   RO         3415    .constdata          m_ws.l(sin_i.o)
    0x08004400   0x08004400   0x00000040   Data   RO         3471    .constdata          mc_w.l(ctype_c.o)
    0x08004440   0x08004440   0x00000020   Data   RO         3479    Region$$Table       anon$$obj.o


    Execution Region RW_IRAM1 (Exec base: 0x20000000, Load base: 0x08004460, Size: 0x00001a40, Max: 0x00005000, ABSOLUTE, COMPRESSED[0x000000c4])

    Exec Addr    Load Addr    Size         Type   Attr      Idx    E Section Name        Object

    0x20000000   COMPRESSED   0x00000010   Data   RW           16    .data               main.o
    0x20000010   COMPRESSED   0x00000008   Data   RW           17    .data               main.o
    0x20000018   COMPRESSED   0x0000001c   Data   RW          618    .data               usbd_desc.o
    0x20000034   COMPRESSED   0x00000016   Data   RW          619    .data               usbd_desc.o
    0x2000004a   COMPRESSED   0x00000002   PAD
    0x2000004c   COMPRESSED   0x00000010   Data   RW          684    .data               usbd_cdc_if.o
    0x2000005c   COMPRESSED   0x0000000c   Data   RW         2090    .data               stm32f1xx_hal.o
    0x20000068   COMPRESSED   0x00000004   Data   RW         2959    .data               system_stm32f1xx.o
    0x2000006c   COMPRESSED   0x00000001   Data   RW         3139    .data               usbd_ctlreq.o
    0x2000006d   COMPRESSED   0x00000003   PAD
    0x20000070   COMPRESSED   0x000000db   Data   RW         3271    .data               usbd_cdc.o
    0x2000014b   COMPRESSED   0x00000001   PAD
    0x2000014c   COMPRESSED   0x00000038   Data   RW         3272    .data               usbd_cdc.o
    0x20000184   COMPRESSED   0x00000004   Data   RW         3441    .data               mc_w.l(errno.o)
    0x20000188        -       0x00000040   Zero   RW          196    .bss                tim.o
    0x200001c8        -       0x00000224   Zero   RW          353    .bss                usb_device.o
    0x200003ec        -       0x00000680   Zero   RW          434    .bss                usbd_conf.o
    0x20000a6c        -       0x00000200   Zero   RW          617    .bss                usbd_desc.o
    0x20000c6c        -       0x000007d0   Zero   RW          683    .bss                usbd_cdc_if.o
    0x2000143c   COMPRESSED   0x00000004   PAD
    0x20001440        -       0x00000600   Zero   RW            1    STACK               startup_stm32f103xb.o


==============================================================================

Image component sizes


      Code (inc. data)   RO Data    RW Data    ZI Data      Debug   Object Name

        60          6          0          0          0        787   gpio.o
       438         22          0         24          0     441614   main.o
        36          8        236          0       1536        780   startup_stm32f103xb.o
       128         24          0         12          0       3149   stm32f1xx_hal.o
       228         14          0          0          0      27261   stm32f1xx_hal_cortex.o
       444         36          0          0          0       2224   stm32f1xx_hal_gpio.o
       144         10          0          0          0        902   stm32f1xx_hal_msp.o
      1810          0          0          0          0       9829   stm32f1xx_hal_pcd.o
        52          0          0          0          0       1142   stm32f1xx_hal_pcd_ex.o
      1232         80          0          0          0       4442   stm32f1xx_hal_rcc.o
       236         12          0          0          0       1360   stm32f1xx_hal_rcc_ex.o
      1560         40          0          0          0      15596   stm32f1xx_hal_tim.o
       232          0          0          0          0       4245   stm32f1xx_hal_tim_ex.o
       106         24          0          0          0       4692   stm32f1xx_it.o
      1666          0          0          0          0      12359   stm32f1xx_ll_usb.o
        72         16         16          4          0       1135   system_stm32f1xx.o
       380         50          0          0         64       2260   tim.o
        56         18          0          0        548       2371   usb_device.o
       542         22          0        275          0      11668   usbd_cdc.o
        84         20          0         16       2000       2555   usbd_cdc_if.o
       660         58          0          0       1664      13125   usbd_conf.o
       592          0          0          0          0       8944   usbd_core.o
       986         30          0          1          0       7604   usbd_ctlreq.o
       212        116          0         50        512       4915   usbd_desc.o
       132          0          0          0          0       4220   usbd_ioreq.o

    ----------------------------------------------------------------------
     12108        606        288        388       6328     589179   Object Totals
         0          0         32          0          0          0   (incl. Generated)
        20          0          4          6          4          0   (incl. Padding)

    ----------------------------------------------------------------------

      Code (inc. data)   RO Data    RW Data    ZI Data      Debug   Library Member Name

        42          0          0          0          0         84   atof.o
       252         22         48          0          0        124   cos_i.o
        34          6          0          0          0        204   dunder.o
        40          0          0          0          0         68   fpclassify.o
       170          0          0          0          0         96   poly.o
       904         76        200          0          0        140   rred.o
       160         10          0          0          0        108   sin.o
       236         12         40          0          0        128   sin_i.o
        86          0          0          0          0          0   __dczerorl2.o
        64          0          0          0          0         84   _sgetc.o
        40          6         64          0          0         68   ctype_c.o
         0          0          0          0          0          0   entry.o
         0          0          0          0          0          0   entry10a.o
         0          0          0          0          0          0   entry11a.o
         8          4          0          0          0          0   entry2.o
         4          0          0          0          0          0   entry5.o
         0          0          0          0          0          0   entry7b.o
         0          0          0          0          0          0   entry8b.o
         8          4          0          0          0          0   entry9a.o
        24         12          0          4          0        136   errno.o
        30          0          0          0          0          0   handlers.o
        36          8          0          0          0         68   init.o
        10          0          0          0          0         68   isspace_c.o
         0          0          0          0          0          0   iusefp.o
        30          0          0          0          0         68   llshl.o
        36          0          0          0          0         68   llsshr.o
        32          0          0          0          0         68   llushr.o
        36          0          0          0          0         68   memcpya.o
       878         12          0          0          0        216   scanf_fp.o
       156         12          0          0          0        120   strtod.o
        48          0          0          0          0         68   cdcmple.o
        56          0          0          0          0         88   d2f.o
       334          0          0          0          0        148   dadd.o
       222          0          0          0          0        100   ddiv.o
       186          0          0          0          0        176   depilogue.o
        62          0          0          0          0         80   dfixi.o
        50          0          0          0          0         76   dfixui.o
        34          0          0          0          0         76   dflti.o
        26          0          0          0          0         76   dfltui.o
        24          0          0          0          0         76   dfltul.o
       228          0          0          0          0         96   dmul.o
        46          0          0          0          0         80   dscalb.o
       110          0          0          0          0        168   fepilogue.o

    ----------------------------------------------------------------------
      4756        184        352          4          0       3292   Library Totals
        14          0          0          0          0          0   (incl. Padding)

    ----------------------------------------------------------------------

      Code (inc. data)   RO Data    RW Data    ZI Data      Debug   Library Name

      1838        126        288          0          0        952   m_ws.l
      1478         58         64          4          0       1032   mc_w.l
      1426          0          0          0          0       1308   mf_w.l

    ----------------------------------------------------------------------
      4756        184        352          4          0       3292   Library Totals

    ----------------------------------------------------------------------

==============================================================================


      Code (inc. data)   RO Data    RW Data    ZI Data      Debug   

     16864        790        640        392       6328     582199   Grand Totals
     16864        790        640        196       6328     582199   ELF Image Totals (compressed)
     16864        790        640        196          0          0   ROM Totals

==============================================================================

    Total RO  Size (Code + RO Data)                17504 (  17.09kB)
    Total RW  Size (RW Data + ZI Data)              6720 (   6.56kB)
    Total ROM Size (Code + RO Data + RW Data)      17700 (  17.29kB)

==============================================================================

