Component: ARM Compiler 5.06 update 5 (build 528) Tool: armlink [4d35e2]

==============================================================================

Section Cross References

    startup_stm32f103xb.o(RESET) refers to startup_stm32f103xb.o(STACK) for __initial_sp
    startup_stm32f103xb.o(RESET) refers to startup_stm32f103xb.o(.text) for Reset_Handler
    startup_stm32f103xb.o(RESET) refers to stm32f1xx_it.o(i.NMI_Handler) for NMI_Handler
    startup_stm32f103xb.o(RESET) refers to stm32f1xx_it.o(i.HardFault_Handler) for HardFault_Handler
    startup_stm32f103xb.o(RESET) refers to stm32f1xx_it.o(i.MemManage_Handler) for MemManage_Handler
    startup_stm32f103xb.o(RESET) refers to stm32f1xx_it.o(i.BusFault_Handler) for BusFault_Handler
    startup_stm32f103xb.o(RESET) refers to stm32f1xx_it.o(i.UsageFault_Handler) for UsageFault_Handler
    startup_stm32f103xb.o(RESET) refers to stm32f1xx_it.o(i.SVC_Handler) for SVC_Handler
    startup_stm32f103xb.o(RESET) refers to stm32f1xx_it.o(i.DebugMon_Handler) for DebugMon_Handler
    startup_stm32f103xb.o(RESET) refers to stm32f1xx_it.o(i.PendSV_Handler) for PendSV_Handler
    startup_stm32f103xb.o(RESET) refers to stm32f1xx_it.o(i.SysTick_Handler) for SysTick_Handler
    startup_stm32f103xb.o(RESET) refers to stm32f1xx_it.o(i.USB_LP_CAN1_RX0_IRQHandler) for USB_LP_CAN1_RX0_IRQHandler
    startup_stm32f103xb.o(RESET) refers to stm32f1xx_it.o(i.TIM1_UP_IRQHandler) for TIM1_UP_IRQHandler
    startup_stm32f103xb.o(RESET) refers to stm32f1xx_it.o(i.TIM3_IRQHandler) for TIM3_IRQHandler
    startup_stm32f103xb.o(.text) refers to system_stm32f1xx.o(i.SystemInit) for SystemInit
    startup_stm32f103xb.o(.text) refers to entry.o(.ARM.Collect$$$$00000000) for __main
    main.o(i.SystemClock_Config) refers to stm32f1xx_hal_rcc.o(i.HAL_RCC_OscConfig) for HAL_RCC_OscConfig
    main.o(i.SystemClock_Config) refers to stm32f1xx_hal_rcc.o(i.HAL_RCC_ClockConfig) for HAL_RCC_ClockConfig
    main.o(i.SystemClock_Config) refers to stm32f1xx_hal_rcc_ex.o(i.HAL_RCCEx_PeriphCLKConfig) for HAL_RCCEx_PeriphCLKConfig
    main.o(i.SystemClock_Config) refers to stm32f1xx_hal_rcc.o(i.HAL_RCC_GetHCLKFreq) for HAL_RCC_GetHCLKFreq
    main.o(i.SystemClock_Config) refers to stm32f1xx_hal_cortex.o(i.HAL_SYSTICK_Config) for HAL_SYSTICK_Config
    main.o(i.SystemClock_Config) refers to stm32f1xx_hal_cortex.o(i.HAL_SYSTICK_CLKSourceConfig) for HAL_SYSTICK_CLKSourceConfig
    main.o(i.SystemClock_Config) refers to stm32f1xx_hal_cortex.o(i.HAL_NVIC_SetPriority) for HAL_NVIC_SetPriority
    main.o(i.main) refers to stm32f1xx_hal.o(i.HAL_Init) for HAL_Init
    main.o(i.main) refers to main.o(i.SystemClock_Config) for SystemClock_Config
    main.o(i.main) refers to gpio.o(i.MX_GPIO_Init) for MX_GPIO_Init
    main.o(i.main) refers to tim.o(i.MX_TIM1_Init) for MX_TIM1_Init
    main.o(i.main) refers to usb_device.o(i.MX_USB_DEVICE_Init) for MX_USB_DEVICE_Init
    main.o(i.main) refers to spi.o(i.MX_SPI1_Init) for MX_SPI1_Init
    main.o(i.main) refers to tim.o(i.MX_TIM3_Init) for MX_TIM3_Init
    main.o(i.main) refers to stm32f1xx_hal_tim.o(i.HAL_TIM_PWM_Start) for HAL_TIM_PWM_Start
    main.o(i.main) refers to stm32f1xx_hal_tim_ex.o(i.HAL_TIMEx_PWMN_Start) for HAL_TIMEx_PWMN_Start
    main.o(i.main) refers to stm32f1xx_hal_tim.o(i.HAL_TIM_Base_Start_IT) for HAL_TIM_Base_Start_IT
    main.o(i.main) refers to sin.o(i.sin) for sin
    main.o(i.main) refers to dfltui.o(.text) for __aeabi_ui2d
    main.o(i.main) refers to dmul.o(.text) for __aeabi_dmul
    main.o(i.main) refers to dscalb.o(.text) for __ARM_scalbn
    main.o(i.main) refers to dadd.o(.text) for __aeabi_dadd
    main.o(i.main) refers to dfixui.o(.text) for __aeabi_d2uiz
    main.o(i.main) refers to tim.o(.bss) for htim1
    main.o(i.main) refers to main.o(.data) for .data
    gpio.o(i.MX_GPIO_Init) refers to stm32f1xx_hal_gpio.o(i.HAL_GPIO_WritePin) for HAL_GPIO_WritePin
    gpio.o(i.MX_GPIO_Init) refers to stm32f1xx_hal_gpio.o(i.HAL_GPIO_Init) for HAL_GPIO_Init
    spi.o(i.HAL_SPI_MspDeInit) refers to stm32f1xx_hal_gpio.o(i.HAL_GPIO_DeInit) for HAL_GPIO_DeInit
    spi.o(i.HAL_SPI_MspInit) refers to stm32f1xx_hal_gpio.o(i.HAL_GPIO_Init) for HAL_GPIO_Init
    spi.o(i.MX_SPI1_Init) refers to stm32f1xx_hal_spi_ex.o(i.HAL_SPI_Init) for HAL_SPI_Init
    spi.o(i.MX_SPI1_Init) refers to main.o(i._Error_Handler) for _Error_Handler
    spi.o(i.MX_SPI1_Init) refers to spi.o(.bss) for .bss
    tim.o(i.HAL_TIM_Base_MspDeInit) refers to stm32f1xx_hal_cortex.o(i.HAL_NVIC_DisableIRQ) for HAL_NVIC_DisableIRQ
    tim.o(i.HAL_TIM_Base_MspInit) refers to stm32f1xx_hal_cortex.o(i.HAL_NVIC_SetPriority) for HAL_NVIC_SetPriority
    tim.o(i.HAL_TIM_Base_MspInit) refers to stm32f1xx_hal_cortex.o(i.HAL_NVIC_EnableIRQ) for HAL_NVIC_EnableIRQ
    tim.o(i.HAL_TIM_MspPostInit) refers to stm32f1xx_hal_gpio.o(i.HAL_GPIO_Init) for HAL_GPIO_Init
    tim.o(i.MX_TIM1_Init) refers to stm32f1xx_hal_tim.o(i.HAL_TIM_Base_Init) for HAL_TIM_Base_Init
[...]
    i.USBD_CDC_GetDeviceQualifierDescriptor  0x08003044   Section        0  usbd_cdc.o(i.USBD_CDC_GetDeviceQualifierDescriptor)
    i.USBD_CDC_GetFSCfgDesc                  0x08003050   Section        0  usbd_cdc.o(i.USBD_CDC_GetFSCfgDesc)
    USBD_CDC_GetFSCfgDesc                    0x08003051   Thumb Code     8  usbd_cdc.o(i.USBD_CDC_GetFSCfgDesc)
    i.USBD_CDC_GetHSCfgDesc                  0x0800305c   Section        0  usbd_cdc.o(i.USBD_CDC_GetHSCfgDesc)
    USBD_CDC_GetHSCfgDesc                    0x0800305d   Thumb Code     8  usbd_cdc.o(i.USBD_CDC_GetHSCfgDesc)
    i.USBD_CDC_GetOtherSpeedCfgDesc          0x08003068   Section        0  usbd_cdc.o(i.USBD_CDC_GetOtherSpeedCfgDesc)
    USBD_CDC_GetOtherSpeedCfgDesc            0x08003069   Thumb Code     8  usbd_cdc.o(i.USBD_CDC_GetOtherSpeedCfgDesc)
    i.USBD_CDC_Init                          0x08003074   Section        0  usbd_cdc.o(i.USBD_CDC_Init)
    USBD_CDC_Init                            0x08003075   Thumb Code   136  usbd_cdc.o(i.USBD_CDC_Init)
    i.USBD_CDC_ReceivePacket                 0x080030fc   Section        0  usbd_cdc.o(i.USBD_CDC_ReceivePacket)
    i.USBD_CDC_RegisterInterface             0x08003124   Section        0  usbd_cdc.o(i.USBD_CDC_RegisterInterface)
    i.USBD_CDC_SetRxBuffer                   0x08003134   Section        0  usbd_cdc.o(i.USBD_CDC_SetRxBuffer)
    i.USBD_CDC_SetTxBuffer                   0x08003140   Section        0  usbd_cdc.o(i.USBD_CDC_SetTxBuffer)
    i.USBD_CDC_Setup                         0x08003150   Section        0  usbd_cdc.o(i.USBD_CDC_Setup)
    USBD_CDC_Setup                           0x08003151   Thumb Code   106  usbd_cdc.o(i.USBD_CDC_Setup)
    i.USBD_CDC_TransmitPacket                0x080031c0   Section        0  usbd_cdc.o(i.USBD_CDC_TransmitPacket)
    i.USBD_ClrClassConfig                    0x080031f0   Section        0  usbd_core.o(i.USBD_ClrClassConfig)
    i.USBD_CtlContinueRx                     0x080031fe   Section        0  usbd_ioreq.o(i.USBD_CtlContinueRx)
    i.USBD_CtlContinueSendData               0x0800320e   Section        0  usbd_ioreq.o(i.USBD_CtlContinueSendData)
    i.USBD_CtlError                          0x0800321e   Section        0  usbd_ctlreq.o(i.USBD_CtlError)
    i.USBD_CtlPrepareRx                      0x08003234   Section        0  usbd_ioreq.o(i.USBD_CtlPrepareRx)
    i.USBD_CtlReceiveStatus                  0x08003252   Section        0  usbd_ioreq.o(i.USBD_CtlReceiveStatus)
    i.USBD_CtlSendData                       0x08003268   Section        0  usbd_ioreq.o(i.USBD_CtlSendData)
    i.USBD_CtlSendStatus                     0x08003282   Section        0  usbd_ioreq.o(i.USBD_CtlSendStatus)
    i.USBD_FS_ConfigStrDescriptor            0x08003298   Section        0  usbd_desc.o(i.USBD_FS_ConfigStrDescriptor)
    i.USBD_FS_DeviceDescriptor               0x080032b8   Section        0  usbd_desc.o(i.USBD_FS_DeviceDescriptor)
    i.USBD_FS_InterfaceStrDescriptor         0x080032c4   Section        0  usbd_desc.o(i.USBD_FS_InterfaceStrDescriptor)
    i.USBD_FS_LangIDStrDescriptor            0x080032e8   Section        0  usbd_desc.o(i.USBD_FS_LangIDStrDescriptor)
    i.USBD_FS_ManufacturerStrDescriptor      0x080032f4   Section        0  usbd_desc.o(i.USBD_FS_ManufacturerStrDescriptor)
    i.USBD_FS_ProductStrDescriptor           0x0800331c   Section        0  usbd_desc.o(i.USBD_FS_ProductStrDescriptor)
    i.USBD_FS_SerialStrDescriptor            0x08003348   Section        0  usbd_desc.o(i.USBD_FS_SerialStrDescriptor)
    i.USBD_GetDescriptor                     0x0800336c   Section        0  usbd_ctlreq.o(i.USBD_GetDescriptor)
    USBD_GetDescriptor                       0x0800336d   Thumb Code   224  usbd_ctlreq.o(i.USBD_GetDescriptor)
    i.USBD_GetString                         0x0800344c   Section        0  usbd_ctlreq.o(i.USBD_GetString)
    i.USBD_Init                              0x08003492   Section        0  usbd_core.o(i.USBD_Init)
    i.USBD_LL_ClearStallEP                   0x080034bc   Section        0  usbd_conf.o(i.USBD_LL_ClearStallEP)
    i.USBD_LL_CloseEP                        0x080034dc   Section        0  usbd_conf.o(i.USBD_LL_CloseEP)
    i.USBD_LL_DataInStage                    0x080034fc   Section        0  usbd_core.o(i.USBD_LL_DataInStage)
    i.USBD_LL_DataOutStage                   0x080035a6   Section        0  usbd_core.o(i.USBD_LL_DataOutStage)
    i.USBD_LL_GetRxDataSize                  0x08003610   Section        0  usbd_conf.o(i.USBD_LL_GetRxDataSize)
    i.USBD_LL_Init                           0x08003618   Section        0  usbd_conf.o(i.USBD_LL_Init)
    i.USBD_LL_IsStallEP                      0x080036c0   Section        0  usbd_conf.o(i.USBD_LL_IsStallEP)
    i.USBD_LL_OpenEP                         0x080036dc   Section        0  usbd_conf.o(i.USBD_LL_OpenEP)
    i.USBD_LL_PrepareReceive                 0x08003702   Section        0  usbd_conf.o(i.USBD_LL_PrepareReceive)
    i.USBD_LL_Reset                          0x08003722   Section        0  usbd_core.o(i.USBD_LL_Reset)
    i.USBD_LL_Resume                         0x08003760   Section        0  usbd_core.o(i.USBD_LL_Resume)
    i.USBD_LL_SOF                            0x0800376c   Section        0  usbd_core.o(i.USBD_LL_SOF)
    i.USBD_LL_SetSpeed                       0x08003784   Section        0  usbd_core.o(i.USBD_LL_SetSpeed)
    i.USBD_LL_SetUSBAddress                  0x0800378a   Section        0  usbd_conf.o(i.USBD_LL_SetUSBAddress)
    i.USBD_LL_SetupStage                     0x080037aa   Section        0  usbd_core.o(i.USBD_LL_SetupStage)
    i.USBD_LL_StallEP                        0x08003804   Section        0  usbd_conf.o(i.USBD_LL_StallEP)
    i.USBD_LL_Start                          0x08003824   Section        0  usbd_conf.o(i.USBD_LL_Start)
    i.USBD_LL_Suspend                        0x08003844   Section        0  usbd_core.o(i.USBD_LL_Suspend)
    i.USBD_LL_Transmit                       0x08003856   Section        0  usbd_conf.o(i.USBD_LL_Transmit)
    i.USBD_ParseSetupRequest                 0x08003876   Section        0  usbd_ctlreq.o(i.USBD_ParseSetupRequest)
    i.USBD_RegisterClass                     0x0800389e   Section        0  usbd_core.o(i.USBD_RegisterClass)
    i.USBD_SetClassConfig                    0x080038ae   Section        0  usbd_core.o(i.USBD_SetClassConfig)
    i.USBD_SetConfig                         0x080038c4   Section        0  usbd_ctlreq.o(i.USBD_SetConfig)
    USBD_SetConfig                           0x080038c5   Thumb Code   110  usbd_ctlreq.o(i.USBD_SetConfig)
    i.USBD_Start                             0x08003938   Section        0  usbd_core.o(i.USBD_Start)
    i.USBD_StdDevReq                         0x08003942   Section        0  usbd_ctlreq.o(i.USBD_StdDevReq)
    i.USBD_StdEPReq                          0x08003a34   Section        0  usbd_ctlreq.o(i.USBD_StdEPReq)
    i.USBD_StdItfReq                         0x08003b10   Section        0  usbd_ctlreq.o(i.USBD_StdItfReq)
    i.USBD_static_free                       0x08003b44   Section        0  usbd_conf.o(i.USBD_static_free)
    i.USBD_static_malloc                     0x08003b48   Section        0  usbd_conf.o(i.USBD_static_malloc)
    i.USB_ActivateEndpoint                   0x08003b50   Section        0  stm32f1xx_ll_usb.o(i.USB_ActivateEndpoint)
    i.USB_CoreInit                           0x08003dac   Section        0  stm32f1xx_ll_usb.o(i.USB_CoreInit)
    i.USB_DeactivateEndpoint                 0x08003db0   Section        0  stm32f1xx_ll_usb.o(i.USB_DeactivateEndpoint)
    i.USB_DevConnect                         0x08003ed4   Section        0  stm32f1xx_ll_usb.o(i.USB_DevConnect)
    i.USB_DevDisconnect                      0x08003ed8   Section        0  stm32f1xx_ll_usb.o(i.USB_DevDisconnect)
    i.USB_DevInit                            0x08003edc   Section        0  stm32f1xx_ll_usb.o(i.USB_DevInit)
    i.USB_DisableGlobalInt                   0x08003efa   Section        0  stm32f1xx_ll_usb.o(i.USB_DisableGlobalInt)
    i.USB_EP0_OutStart                       0x08003f08   Section        0  stm32f1xx_ll_usb.o(i.USB_EP0_OutStart)
    i.USB_EPClearStall                       0x08003f0c   Section        0  stm32f1xx_ll_usb.o(i.USB_EPClearStall)
    i.USB_EPSetStall                         0x08003f76   Section        0  stm32f1xx_ll_usb.o(i.USB_EPSetStall)
    i.USB_EPStartXfer                        0x08003fc0   Section        0  stm32f1xx_ll_usb.o(i.USB_EPStartXfer)
    i.USB_EnableGlobalInt                    0x0800416a   Section        0  stm32f1xx_ll_usb.o(i.USB_EnableGlobalInt)
    i.USB_LP_CAN1_RX0_IRQHandler             0x08004178   Section        0  stm32f1xx_it.o(i.USB_LP_CAN1_RX0_IRQHandler)
    i.USB_ReadInterrupts                     0x08004184   Section        0  stm32f1xx_ll_usb.o(i.USB_ReadInterrupts)
    i.USB_ReadPMA                            0x0800418c   Section        0  stm32f1xx_ll_usb.o(i.USB_ReadPMA)
    i.USB_SetCurrentMode                     0x080041aa   Section        0  stm32f1xx_ll_usb.o(i.USB_SetCurrentMode)
    i.USB_SetDevAddress                      0x080041ae   Section        0  stm32f1xx_ll_usb.o(i.USB_SetDevAddress)
    i.USB_WritePMA                           0x080041ba   Section        0  stm32f1xx_ll_usb.o(i.USB_WritePMA)
    i.UsageFault_Handler                     0x080041e0   Section        0  stm32f1xx_it.o(i.UsageFault_Handler)
    i._Error_Handler                         0x080041e2   Section        0  main.o(i._Error_Handler)
    i.__0sprintf                             0x080041e4   Section        0  printfa.o(i.__0sprintf)
    i.__ARM_fpclassify                       0x0800420c   Section        0  fpclassify.o(i.__ARM_fpclassify)
    i.__ieee754_rem_pio2                     0x08004234   Section        0  rred.o(i.__ieee754_rem_pio2)
    i.__kernel_cos                           0x080045bc   Section        0  cos_i.o(i.__kernel_cos)
    i.__kernel_poly                          0x080046b8   Section        0  poly.o(i.__kernel_poly)
    i.__kernel_sin                           0x08004764   Section        0  sin_i.o(i.__kernel_sin)
    i.__mathlib_dbl_infnan                   0x08004850   Section        0  dunder.o(i.__mathlib_dbl_infnan)
    i.__mathlib_dbl_invalid                  0x08004856   Section        0  dunder.o(i.__mathlib_dbl_invalid)
    i.__mathlib_dbl_underflow                0x08004864   Section        0  dunder.o(i.__mathlib_dbl_underflow)
    i.__read_errno                           0x08004874   Section        0  errno.o(i.__read_errno)
    i.__scatterload_copy                     0x08004880   Section       14  handlers.o(i.__scatterload_copy)
    i.__scatterload_null                     0x0800488e   Section        2  handlers.o(i.__scatterload_null)
    i.__scatterload_zeroinit                 0x08004890   Section       14  handlers.o(i.__scatterload_zeroinit)
    i.__set_errno                            0x080048a0   Section        0  errno.o(i.__set_errno)
    i._fp_digits                             0x080048ac   Section        0  printfa.o(i._fp_digits)
    _fp_digits                               0x080048ad   Thumb Code   366  printfa.o(i._fp_digits)
    i._is_digit                              0x08004a30   Section        0  scanf_fp.o(i._is_digit)
    i._printf_core                           0x08004a40   Section        0  printfa.o(i._printf_core)
    _printf_core                             0x08004a41   Thumb Code  1744  printfa.o(i._printf_core)
    i._printf_post_padding                   0x0800511c   Section        0  printfa.o(i._printf_post_padding)
    _printf_post_padding                     0x0800511d   Thumb Code    36  printfa.o(i._printf_post_padding)
    i._printf_pre_padding                    0x08005140   Section        0  printfa.o(i._printf_pre_padding)
    _printf_pre_padding                      0x08005141   Thumb Code    46  printfa.o(i._printf_pre_padding)
    i._sputc                                 0x0800516e   Section        0  printfa.o(i._sputc)
    _sputc                                   0x0800516f   Thumb Code    10  printfa.o(i._sputc)
    i.atof                                   0x08005178   Section        0  atof.o(i.atof)
    i.free                                   0x080051a4   Section        0  malloc.o(i.free)
    i.main                                   0x080051f4   Section        0  main.o(i.main)
    i.malloc                                 0x08005350   Section        0  malloc.o(i.malloc)
    i.sin                                    0x080053bc   Section        0  sin.o(i.sin)
    .constdata                               0x0800545c   Section       16  system_stm32f1xx.o(.constdata)
    .constdata                               0x08005470   Section       48  cos_i.o(.constdata)
    C                                        0x08005470   Data          48  cos_i.o(.constdata)
    .constdata                               0x080054a0   Section      200  rred.o(.constdata)
    pio2s                                    0x080054a0   Data          48  rred.o(.constdata)
    twooverpi                                0x080054d0   Data         152  rred.o(.constdata)
    .constdata                               0x08005568   Section       40  sin_i.o(.constdata)
    S                                        0x08005568   Data          40  sin_i.o(.constdata)
    .constdata                               0x08005590   Section       64  ctype_c.o(.constdata)
    .data                                    0x20000000   Section       16  main.o(.data)
    .data                                    0x20000010   Section        8  main.o(.data)
    .data                                    0x20000018   Section       16  stm32f1xx_it.o(.data)
    .data                                    0x20000028   Section       28  usbd_desc.o(.data)
    .data                                    0x20000044   Section       22  usbd_desc.o(.data)
    .data                                    0x2000005c   Section       16  usbd_cdc_if.o(.data)
    .data                                    0x2000006c   Section       12  stm32f1xx_hal.o(.data)
    .data                                    0x20000078   Section        4  system_stm32f1xx.o(.data)
    .data                                    0x2000007c   Section        1  usbd_ctlreq.o(.data)
    cfgidx                                   0x2000007c   Data           1  usbd_ctlreq.o(.data)
    .data                                    0x20000080   Section      219  usbd_cdc.o(.data)
    ifalt                                    0x20000080   Data           1  usbd_cdc.o(.data)
    USBD_CDC_DeviceQualifierDesc             0x20000084   Data          10  usbd_cdc.o(.data)
    .data                                    0x2000015c   Section       56  usbd_cdc.o(.data)
    .data                                    0x20000194   Section        4  mvars.o(.data)
    .data                                    0x20000198   Section        4  mvars.o(.data)
    .data                                    0x2000019c   Section        4  errno.o(.data)
    _errno                                   0x2000019c   Data           4  errno.o(.data)
    .bss                                     0x200001a0   Section       88  spi.o(.bss)
    .bss                                     0x200001f8   Section      128  tim.o(.bss)
    .bss                                     0x20000278   Section      256  stm32f1xx_it.o(.bss)
    .bss                                     0x20000378   Section      548  usb_device.o(.bss)
    .bss                                     0x2000059c   Section     1664  usbd_conf.o(.bss)
    mem                                      0x2000059c   Data         544  usbd_conf.o(.bss)
    .bss                                     0x20000c1c   Section      512  usbd_desc.o(.bss)
    .bss                                     0x20000e1c   Section     2000  usbd_cdc_if.o(.bss)
    HEAP                                     0x200015f0   Section     1024  startup_stm32f103xb.o(HEAP)
    STACK                                    0x200019f0   Section     1536  startup_stm32f103xb.o(STACK)

    Global Symbols

    Symbol Name                              Value     Ov Type        Size  Object(Section)

    BuildAttributes$$THM_ISAv4$P$D$K$B$S$PE$A:L22UL41UL21$X:L11$S22US41US21$IEEE1$IW$USESV6$~STKCKD$USESV7$~SHL$OTIME$ROPI$IEEEX$EBA8$MICROLIB$REQ8$PRES8$EABIv2 0x00000000   Number         0  anon$$obj.o ABSOLUTE
    __ARM_use_no_argv                        0x00000000   Number         0  main.o ABSOLUTE
    _printf_a                                0x00000000   Number         0  stubs.o ABSOLUTE
    _printf_c                                0x00000000   Number         0  stubs.o ABSOLUTE
    _printf_charcount                        0x00000000   Number         0  stubs.o ABSOLUTE
    _printf_d                                0x00000000   Number         0  stubs.o ABSOLUTE
    _printf_e                                0x00000000   Number         0  stubs.o ABSOLUTE
    _printf_f                                0x00000000   Number         0  stubs.o ABSOLUTE
    _printf_flags                            0x00000000   Number         0  stubs.o ABSOLUTE
    _printf_fp_dec                           0x00000000   Number         0  stubs.o ABSOLUTE
    _printf_fp_hex                           0x00000000   Number         0  stubs.o ABSOLUTE
    _printf_g                                0x00000000   Number         0  stubs.o ABSOLUTE
    _printf_i                                0x00000000   Number         0  stubs.o ABSOLUTE
    _printf_int_dec                          0x00000000   Number         0  stubs.o ABSOLUTE
    _printf_l                                0x00000000   Number         0  stubs.o ABSOLUTE
    _printf_lc                               0x00000000   Number         0  stubs.o ABSOLUTE
    _printf_ll                               0x00000000   Number         0  stubs.o ABSOLUTE
    _printf_lld                              0x00000000   Number         0  stubs.o ABSOLUTE
    _printf_lli                              0x00000000   Number         0  stubs.o ABSOLUTE
    _printf_llo                              0x00000000   Number         0  stubs.o ABSOLUTE
    _printf_llu                              0x00000000   Number         0  stubs.o ABSOLUTE
    _printf_llx                              0x00000000   Number         0  stubs.o ABSOLUTE
    _printf_longlong_dec                     0x00000000   Number         0  stubs.o ABSOLUTE
    _printf_longlong_hex                     0x00000000   Number         0  stubs.o ABSOLUTE
    _printf_longlong_oct                     0x00000000   Number         0  stubs.o ABSOLUTE
    _printf_ls                               0x00000000   Number         0  stubs.o ABSOLUTE
    _printf_mbtowc                           0x00000000   Number         0  stubs.o ABSOLUTE
    _printf_n                                0x00000000   Number         0  stubs.o ABSOLUTE
    _printf_o                                0x00000000   Number         0  stubs.o ABSOLUTE
    _printf_p                                0x00000000   Number         0  stubs.o ABSOLUTE
    _printf_percent                          0x00000000   Number         0  stubs.o ABSOLUTE
    _printf_pre_padding                      0x00000000   Number         0  stubs.o ABSOLUTE
    _printf_return_value                     0x00000000   Number         0  stubs.o ABSOLUTE
    _printf_s                                0x00000000   Number         0  stubs.o ABSOLUTE
    _printf_sizespec                         0x00000000   Number         0  stubs.o ABSOLUTE
    _printf_str                              0x00000000   Number         0  stubs.o ABSOLUTE
    _printf_truncate_signed                  0x00000000   Number         0  stubs.o ABSOLUTE
    _printf_truncate_unsigned                0x00000000   Number         0  stubs.o ABSOLUTE
    _printf_u                                0x00000000   Number         0  stubs.o ABSOLUTE
    _printf_wc                               0x00000000   Number         0  stubs.o ABSOLUTE
    _printf_wctomb                           0x00000000   Number         0  stubs.o ABSOLUTE
    _printf_widthprec                        0x00000000   Number         0  stubs.o ABSOLUTE
    _printf_x                                0x00000000   Number         0  stubs.o ABSOLUTE
    __cpp_initialize__aeabi_                  - Undefined Weak Reference
    __cxa_finalize                            - Undefined Weak Reference
    _clock_init                               - Undefined Weak Reference
    _microlib_exit                            - Undefined Weak Reference
    __Vectors_Size                           0x000000ec   Number         0  startup_stm32f103xb.o ABSOLUTE
    __Vectors                                0x08000000   Data           4  startup_stm32f103xb.o(RESET)
    __Vectors_End                            0x080000ec   Data           0  startup_stm32f103xb.o(RESET)
    __main                                   0x080000ed   Thumb Code     0  entry.o(.ARM.Collect$$$$00000000)
    _main_stk                                0x080000ed   Thumb Code     0  entry2.o(.ARM.Collect$$$$00000001)
    _main_scatterload                        0x080000f1   Thumb Code     0  entry5.o(.ARM.Collect$$$$00000004)
    __main_after_scatterload                 0x080000f5   Thumb Code     0  entry5.o(.ARM.Collect$$$$00000004)
    _main_clock                              0x080000f5   Thumb Code     0  entry7b.o(.ARM.Collect$$$$00000008)
    _main_cpp_init                           0x080000f5   Thumb Code     0  entry8b.o(.ARM.Collect$$$$0000000A)
    _main_init                               0x080000f5   Thumb Code     0  entry9a.o(.ARM.Collect$$$$0000000B)
    __rt_final_cpp                           0x080000fd   Thumb Code     0  entry10a.o(.ARM.Collect$$$$0000000D)
    __rt_final_exit                          0x080000fd   Thumb Code     0  entry11a.o(.ARM.Collect$$$$0000000F)
    Reset_Handler                            0x08000101   Thumb Code     8  startup_stm32f103xb.o(.text)
    ADC1_2_IRQHandler                        0x0800011b   Thumb Code     0  startup_stm32f103xb.o(.text)
    CAN1_RX1_IRQHandler                      0x0800011b   Thumb Code     0  startup_stm32f103xb.o(.text)
    CAN1_SCE_IRQHandler                      0x0800011b   Thumb Code     0  startup_stm32f103xb.o(.text)
    DMA1_Channel1_IRQHandler                 0x0800011b   Thumb Code     0  startup_stm32f103xb.o(.text)
    DMA1_Channel2_IRQHandler                 0x0800011b   Thumb Code     0  startup_stm32f103xb.o(.text)
    DMA1_Channel3_IRQHandler                 0x0800011b   Thumb Code     0  startup_stm32f103xb.o(.text)
    DMA1_Channel4_IRQHandler                 0x0800011b   Thumb Code     0  startup_stm32f103xb.o(.text)
    DMA1_Channel5_IRQHandler                 0x0800011b   Thumb Code     0  startup_stm32f103xb.o(.text)
    DMA1_Channel6_IRQHandler                 0x0800011b   Thumb Code     0  startup_stm32f103xb.o(.text)
    DMA1_Channel7_IRQHandler                 0x0800011b   Thumb Code     0  startup_stm32f103xb.o(.text)
    EXTI0_IRQHandler                         0x0800011b   Thumb Code     0  startup_stm32f103xb.o(.text)
    EXTI15_10_IRQHandler                     0x0800011b   Thumb Code     0  startup_stm32f103xb.o(.text)
    EXTI1_IRQHandler                         0x0800011b   Thumb Code     0  startup_stm32f103xb.o(.text)
    EXTI2_IRQHandler                         0x0800011b   Thumb Code     0  startup_stm32f103xb.o(.text)
    EXTI3_IRQHandler                         0x0800011b   Thumb Code     0  startup_stm32f103xb.o(.text)
    EXTI4_IRQHandler                         0x0800011b   Thumb Code     0  startup_stm32f103xb.o(.text)
    EXTI9_5_IRQHandler                       0x0800011b   Thumb Code     0  startup_stm32f103xb.o(.text)
    FLASH_IRQHandler                         0x0800011b   Thumb Code     0  startup_stm32f103xb.o(.text)
    I2C1_ER_IRQHandler                       0x0800011b   Thumb Code     0  startup_stm32f103xb.o(.text)
    I2C1_EV_IRQHandler                       0x0800011b   Thumb Code     0  startup_stm32f103xb.o(.text)
    I2C2_ER_IRQHandler                       0x0800011b   Thumb Code     0  startup_stm32f103xb.o(.text)
    I2C2_EV_IRQHandler                       0x0800011b   Thumb Code     0  startup_stm32f103xb.o(.text)
    PVD_IRQHandler                           0x0800011b   Thumb Code     0  startup_stm32f103xb.o(.text)
    RCC_IRQHandler                           0x0800011b   Thumb Code     0  startup_stm32f103xb.o(.text)
    RTC_Alarm_IRQHandler                     0x0800011b   Thumb Code     0  startup_stm32f103xb.o(.text)
    RTC_IRQHandler                           0x0800011b   Thumb Code     0  startup_stm32f103xb.o(.text)
    SPI1_IRQHandler                          0x0800011b   Thumb Code     0  startup_stm32f103xb.o(.text)
    SPI2_IRQHandler                          0x0800011b   Thumb Code     0  startup_stm32f103xb.o(.text)
    TAMPER_IRQHandler                        0x0800011b   Thumb Code     0  startup_stm32f103xb.o(.text)
    TIM1_BRK_IRQHandler                      0x0800011b   Thumb Code     0  startup_stm32f103xb.o(.text)
    TIM1_CC_IRQHandler                       0x0800011b   Thumb Code     0  startup_stm32f103xb.o(.text)
    TIM1_TRG_COM_IRQHandler                  0x0800011b   Thumb Code     0  startup_stm32f103xb.o(.text)
    TIM2_IRQHandler                          0x0800011b   Thumb Code     0  startup_stm32f103xb.o(.text)
    TIM4_IRQHandler                          0x0800011b   Thumb Code     0  startup_stm32f103xb.o(.text)
    USART1_IRQHandler                        0x0800011b   Thumb Code     0  startup_stm32f103xb.o(.text)
    USART2_IRQHandler                        0x0800011b   Thumb Code     0  startup_stm32f103xb.o(.text)
    USART3_IRQHandler                        0x0800011b   Thumb Code     0  startup_stm32f103xb.o(.text)
    USBWakeUp_IRQHandler                     0x0800011b   Thumb Code     0  startup_stm32f103xb.o(.text)
    USB_HP_CAN1_TX_IRQHandler                0x0800011b   Thumb Code     0  startup_stm32f103xb.o(.text)
    WWDG_IRQHandler                          0x0800011b   Thumb Code     0  startup_stm32f103xb.o(.text)
    __aeabi_llsr                             0x08000125   Thumb Code    32  llushr.o(.text)
    _ll_ushift_r                             0x08000125   Thumb Code     0  llushr.o(.text)
    __aeabi_memcpy                           0x08000145   Thumb Code    36  memcpya.o(.text)
    __aeabi_memcpy4                          0x08000145   Thumb Code     0  memcpya.o(.text)
    __aeabi_memcpy8                          0x08000145   Thumb Code     0  memcpya.o(.text)
    __aeabi_dadd                             0x08000169   Thumb Code   322  dadd.o(.text)
    __aeabi_dsub                             0x080002ab   Thumb Code     6  dadd.o(.text)
    __aeabi_drsub                            0x080002b1   Thumb Code     6  dadd.o(.text)
    __aeabi_dmul                             0x080002b7   Thumb Code   228  dmul.o(.text)
    __ARM_scalbn                             0x0800039b   Thumb Code    46  dscalb.o(.text)
    scalbn                                   0x0800039b   Thumb Code     0  dscalb.o(.text)
    __aeabi_ui2d                             0x080003c9   Thumb Code    26  dfltui.o(.text)
    __aeabi_d2uiz                            0x080003e3   Thumb Code    50  dfixui.o(.text)
    __aeabi_cdcmpeq                          0x08000415   Thumb Code     0  cdcmple.o(.text)
    __aeabi_cdcmple                          0x08000415   Thumb Code    48  cdcmple.o(.text)
    __aeabi_uidiv                            0x08000445   Thumb Code     0  uidiv.o(.text)
    __aeabi_uidivmod                         0x08000445   Thumb Code    44  uidiv.o(.text)
    __aeabi_uldivmod                         0x08000471   Thumb Code    98  uldiv.o(.text)
    __aeabi_llsl                             0x080004d3   Thumb Code    30  llshl.o(.text)
    _ll_shift_l                              0x080004d3   Thumb Code     0  llshl.o(.text)
    __aeabi_lasr                             0x080004f1   Thumb Code    36  llsshr.o(.text)
    _ll_sshift_r                             0x080004f1   Thumb Code     0  llsshr.o(.text)
    __strtod_int                             0x0800054b   Thumb Code    90  strtod.o(.text)
    __I$use$fp                               0x080005b1   Thumb Code     0  iusefp.o(.text)
    _double_round                            0x080005b1   Thumb Code    30  depilogue.o(.text)
    _double_epilogue                         0x080005cf   Thumb Code   156  depilogue.o(.text)
    __aeabi_ddiv                             0x0800066b   Thumb Code   222  ddiv.o(.text)
    __aeabi_d2ulz                            0x08000749   Thumb Code    48  dfixul.o(.text)
    __aeabi_cdrcmple                         0x08000779   Thumb Code    48  cdrcmple.o(.text)
    __scatterload                            0x080007a9   Thumb Code    28  init.o(.text)
    __scatterload_rt2                        0x080007a9   Thumb Code     0  init.o(.text)
    isspace                                  0x080007cd   Thumb Code    10  isspace_c.o(.text)
    _scanf_real                              0x08000901   Thumb Code     0  scanf_fp.o(.text)
    _scanf_really_real                       0x08000901   Thumb Code   556  scanf_fp.o(.text)
    _sgetc                                   0x08000b39   Thumb Code    30  _sgetc.o(.text)
    _sbackspace                              0x08000b57   Thumb Code    34  _sgetc.o(.text)
    __aeabi_i2d                              0x08000b79   Thumb Code    34  dflti.o(.text)
    __aeabi_d2iz                             0x08000b9b   Thumb Code    62  dfixi.o(.text)
    __ctype_lookup                           0x08000bd9   Thumb Code    34  ctype_c.o(.text)
    __aeabi_ul2d                             0x08000c01   Thumb Code    24  dfltul.o(.text)
    __aeabi_d2f                              0x08000c19   Thumb Code    56  d2f.o(.text)
    _float_round                             0x08000c51   Thumb Code    18  fepilogue.o(.text)
    _float_epilogue                          0x08000c63   Thumb Code    92  fepilogue.o(.text)
    __decompress                             0x08000cbf   Thumb Code     0  __dczerorl2.o(.text)
    __decompress1                            0x08000cbf   Thumb Code    86  __dczerorl2.o(.text)
    BusFault_Handler                         0x08000d15   Thumb Code     2  stm32f1xx_it.o(i.BusFault_Handler)
    CDC_Transmit_FS                          0x08000d6d   Thumb Code    38  usbd_cdc_if.o(i.CDC_Transmit_FS)
    DebugMon_Handler                         0x08000d99   Thumb Code     2  stm32f1xx_it.o(i.DebugMon_Handler)
    HAL_GPIO_Init                            0x08000d9d   Thumb Code   408  stm32f1xx_hal_gpio.o(i.HAL_GPIO_Init)
    HAL_GPIO_WritePin                        0x08000f59   Thumb Code    10  stm32f1xx_hal_gpio.o(i.HAL_GPIO_WritePin)
    HAL_GetTick                              0x08000f65   Thumb Code     6  stm32f1xx_hal.o(i.HAL_GetTick)
    HAL_IncTick                              0x08000f71   Thumb Code    12  stm32f1xx_hal.o(i.HAL_IncTick)
    HAL_Init                                 0x08000f81   Thumb Code    32  stm32f1xx_hal.o(i.HAL_Init)
    HAL_InitTick                             0x08000fa5   Thumb Code    54  stm32f1xx_hal.o(i.HAL_InitTick)
    HAL_MspInit                              0x08000fe5   Thumb Code   134  stm32f1xx_hal_msp.o(i.HAL_MspInit)
    HAL_NVIC_EnableIRQ                       0x08001075   Thumb Code    22  stm32f1xx_hal_cortex.o(i.HAL_NVIC_EnableIRQ)
    HAL_NVIC_SetPriority                     0x0800108d   Thumb Code    60  stm32f1xx_hal_cortex.o(i.HAL_NVIC_SetPriority)
    HAL_NVIC_SetPriorityGrouping             0x080010cd   Thumb Code    26  stm32f1xx_hal_cortex.o(i.HAL_NVIC_SetPriorityGrouping)
    HAL_PCDEx_PMAConfig                      0x080010f1   Thumb Code    52  stm32f1xx_hal_pcd_ex.o(i.HAL_PCDEx_PMAConfig)
    HAL_PCDEx_SetConnectionState             0x08001125   Thumb Code     2  usbd_conf.o(i.HAL_PCDEx_SetConnectionState)
    HAL_PCD_DataInStageCallback              0x08001127   Thumb Code    14  usbd_conf.o(i.HAL_PCD_DataInStageCallback)
    HAL_PCD_DataOutStageCallback             0x08001135   Thumb Code    16  usbd_conf.o(i.HAL_PCD_DataOutStageCallback)
    HAL_PCD_EP_Close                         0x08001145   Thumb Code    64  stm32f1xx_hal_pcd.o(i.HAL_PCD_EP_Close)
    HAL_PCD_EP_ClrStall                      0x08001185   Thumb Code    72  stm32f1xx_hal_pcd.o(i.HAL_PCD_EP_ClrStall)
    HAL_PCD_EP_GetRxCount                    0x080011cd   Thumb Code    16  stm32f1xx_hal_pcd.o(i.HAL_PCD_EP_GetRxCount)
    HAL_PCD_EP_Open                          0x080011dd   Thumb Code    68  stm32f1xx_hal_pcd.o(i.HAL_PCD_EP_Open)
    HAL_PCD_EP_Receive                       0x08001221   Thumb Code    46  stm32f1xx_hal_pcd.o(i.HAL_PCD_EP_Receive)
    HAL_PCD_EP_SetStall                      0x0800124f   Thumb Code    86  stm32f1xx_hal_pcd.o(i.HAL_PCD_EP_SetStall)
    HAL_PCD_EP_Transmit                      0x080012a5   Thumb Code    42  stm32f1xx_hal_pcd.o(i.HAL_PCD_EP_Transmit)
    HAL_PCD_IRQHandler                       0x080012cf   Thumb Code   268  stm32f1xx_hal_pcd.o(i.HAL_PCD_IRQHandler)
    HAL_PCD_Init                             0x080013dd   Thumb Code   192  stm32f1xx_hal_pcd.o(i.HAL_PCD_Init)
    HAL_PCD_MspInit                          0x0800149d   Thumb Code    50  usbd_conf.o(i.HAL_PCD_MspInit)
    HAL_PCD_ResetCallback                    0x080014d9   Thumb Code    26  usbd_conf.o(i.HAL_PCD_ResetCallback)
    HAL_PCD_ResumeCallback                   0x080014f3   Thumb Code     8  usbd_conf.o(i.HAL_PCD_ResumeCallback)
    HAL_PCD_SOFCallback                      0x080014fb   Thumb Code     8  usbd_conf.o(i.HAL_PCD_SOFCallback)
    HAL_PCD_SetAddress                       0x08001503   Thumb Code    40  stm32f1xx_hal_pcd.o(i.HAL_PCD_SetAddress)
    HAL_PCD_SetupStageCallback               0x0800152b   Thumb Code    14  usbd_conf.o(i.HAL_PCD_SetupStageCallback)
    HAL_PCD_Start                            0x08001539   Thumb Code    50  stm32f1xx_hal_pcd.o(i.HAL_PCD_Start)
    HAL_PCD_SuspendCallback                  0x0800156d   Thumb Code    30  usbd_conf.o(i.HAL_PCD_SuspendCallback)
    HAL_RCCEx_PeriphCLKConfig                0x08001591   Thumb Code   224  stm32f1xx_hal_rcc_ex.o(i.HAL_RCCEx_PeriphCLKConfig)
    HAL_RCC_ClockConfig                      0x0800167d   Thumb Code   322  stm32f1xx_hal_rcc.o(i.HAL_RCC_ClockConfig)
    HAL_RCC_GetHCLKFreq                      0x080017d1   Thumb Code     6  stm32f1xx_hal_rcc.o(i.HAL_RCC_GetHCLKFreq)
    HAL_RCC_GetSysClockFreq                  0x080017dd   Thumb Code    74  stm32f1xx_hal_rcc.o(i.HAL_RCC_GetSysClockFreq)
    HAL_RCC_OscConfig                        0x08001849   Thumb Code   750  stm32f1xx_hal_rcc.o(i.HAL_RCC_OscConfig)
    HAL_SPI_Init                             0x08001b4d   Thumb Code   130  stm32f1xx_hal_spi_ex.o(i.HAL_SPI_Init)
    HAL_SPI_MspInit                          0x08001bd1   Thumb Code    74  spi.o(i.HAL_SPI_MspInit)
    HAL_SPI_TransmitReceive                  0x08001c29   Thumb Code   472  stm32f1xx_hal_spi.o(i.HAL_SPI_TransmitReceive)
    HAL_SYSTICK_CLKSourceConfig              0x08001e01   Thumb Code    24  stm32f1xx_hal_cortex.o(i.HAL_SYSTICK_CLKSourceConfig)
    HAL_SYSTICK_Callback                     0x08001e19   Thumb Code     2  stm32f1xx_hal_cortex.o(i.HAL_SYSTICK_Callback)
    HAL_SYSTICK_Config                       0x08001e1b   Thumb Code    40  stm32f1xx_hal_cortex.o(i.HAL_SYSTICK_Config)
    HAL_SYSTICK_IRQHandler                   0x08001e43   Thumb Code     8  stm32f1xx_hal_cortex.o(i.HAL_SYSTICK_IRQHandler)
    HAL_TIMEx_BreakCallback                  0x08001e4b   Thumb Code     2  stm32f1xx_hal_tim_ex.o(i.HAL_TIMEx_BreakCallback)
    HAL_TIMEx_CommutationCallback            0x08001e4d   Thumb Code     2  stm32f1xx_hal_tim_ex.o(i.HAL_TIMEx_CommutationCallback)
    HAL_TIMEx_ConfigBreakDeadTime            0x08001e4f   Thumb Code    90  stm32f1xx_hal_tim_ex.o(i.HAL_TIMEx_ConfigBreakDeadTime)
    HAL_TIMEx_MasterConfigSynchronization    0x08001ea9   Thumb Code    80  stm32f1xx_hal_tim_ex.o(i.HAL_TIMEx_MasterConfigSynchronization)
    HAL_TIMEx_PWMN_Start                     0x08001ef9   Thumb Code    36  stm32f1xx_hal_tim_ex.o(i.HAL_TIMEx_PWMN_Start)
    HAL_TIM_Base_Init                        0x08001f1d   Thumb Code    54  stm32f1xx_hal_tim.o(i.HAL_TIM_Base_Init)
    HAL_TIM_Base_MspInit                     0x08001f55   Thumb Code    86  tim.o(i.HAL_TIM_Base_MspInit)
    HAL_TIM_Base_Start_IT                    0x08001fb9   Thumb Code    24  stm32f1xx_hal_tim.o(i.HAL_TIM_Base_Start_IT)
    HAL_TIM_ConfigClockSource                0x08001fd1   Thumb Code   242  stm32f1xx_hal_tim.o(i.HAL_TIM_ConfigClockSource)
    HAL_TIM_IC_CaptureCallback               0x080020c3   Thumb Code     2  stm32f1xx_hal_tim.o(i.HAL_TIM_IC_CaptureCallback)
    HAL_TIM_IRQHandler                       0x080020c5   Thumb Code   358  stm32f1xx_hal_tim.o(i.HAL_TIM_IRQHandler)
    HAL_TIM_MspPostInit                      0x0800222d   Thumb Code    92  tim.o(i.HAL_TIM_MspPostInit)
    HAL_TIM_OC_ConfigChannel                 0x0800229d   Thumb Code    86  stm32f1xx_hal_tim.o(i.HAL_TIM_OC_ConfigChannel)
    HAL_TIM_OC_DelayElapsedCallback          0x080022f3   Thumb Code     2  stm32f1xx_hal_tim.o(i.HAL_TIM_OC_DelayElapsedCallback)
    HAL_TIM_OC_Init                          0x080022f5   Thumb Code    54  stm32f1xx_hal_tim.o(i.HAL_TIM_OC_Init)
    HAL_TIM_OC_MspInit                       0x0800232b   Thumb Code     2  stm32f1xx_hal_tim.o(i.HAL_TIM_OC_MspInit)
    HAL_TIM_PWM_ConfigChannel                0x0800232d   Thumb Code   208  stm32f1xx_hal_tim.o(i.HAL_TIM_PWM_ConfigChannel)
    HAL_TIM_PWM_Init                         0x080023fd   Thumb Code    54  stm32f1xx_hal_tim.o(i.HAL_TIM_PWM_Init)
    HAL_TIM_PWM_MspInit                      0x08002433   Thumb Code     2  stm32f1xx_hal_tim.o(i.HAL_TIM_PWM_MspInit)
    HAL_TIM_PWM_PulseFinishedCallback        0x08002435   Thumb Code     2  stm32f1xx_hal_tim.o(i.HAL_TIM_PWM_PulseFinishedCallback)
    HAL_TIM_PWM_Start                        0x08002439   Thumb Code    42  stm32f1xx_hal_tim.o(i.HAL_TIM_PWM_Start)
    HAL_TIM_PeriodElapsedCallback            0x08002469   Thumb Code     2  stm32f1xx_hal_tim.o(i.HAL_TIM_PeriodElapsedCallback)
    HAL_TIM_TriggerCallback                  0x0800246b   Thumb Code     2  stm32f1xx_hal_tim.o(i.HAL_TIM_TriggerCallback)
    HardFault_Handler                        0x0800246d   Thumb Code     2  stm32f1xx_it.o(i.HardFault_Handler)
    MX_GPIO_Init                             0x08002471   Thumb Code    92  gpio.o(i.MX_GPIO_Init)
    MX_SPI1_Init                             0x080024d5   Thumb Code    70  spi.o(i.MX_SPI1_Init)
    MX_TIM1_Init                             0x08002539   Thumb Code   228  tim.o(i.MX_TIM1_Init)
    MX_TIM3_Init                             0x08002639   Thumb Code   144  tim.o(i.MX_TIM3_Init)
    MX_USB_DEVICE_Init                       0x080026e5   Thumb Code    38  usb_device.o(i.MX_USB_DEVICE_Init)
    MemManage_Handler                        0x0800271d   Thumb Code     2  stm32f1xx_it.o(i.MemManage_Handler)
    NMI_Handler                              0x0800271f   Thumb Code     2  stm32f1xx_it.o(i.NMI_Handler)
    PendSV_Handler                           0x08002aa3   Thumb Code     2  stm32f1xx_it.o(i.PendSV_Handler)
    SVC_Handler                              0x08002b5b   Thumb Code     2  stm32f1xx_it.o(i.SVC_Handler)
    SysTick_Handler                          0x08002b5d   Thumb Code   102  stm32f1xx_it.o(i.SysTick_Handler)
    SystemClock_Config                       0x08002bed   Thumb Code   120  main.o(i.SystemClock_Config)
    SystemInit                               0x08002c65   Thumb Code    56  system_stm32f1xx.o(i.SystemInit)
    TIM1_UP_IRQHandler                       0x08002cad   Thumb Code    46  stm32f1xx_it.o(i.TIM1_UP_IRQHandler)
    TIM3_IRQHandler                          0x08002ced   Thumb Code    78  stm32f1xx_it.o(i.TIM3_IRQHandler)
    TIM_Base_SetConfig                       0x08002d5d   Thumb Code    94  stm32f1xx_hal_tim.o(i.TIM_Base_SetConfig)
    TIM_CCxChannelCmd                        0x08002dc9   Thumb Code    22  stm32f1xx_hal_tim.o(i.TIM_CCxChannelCmd)
    TIM_OC2_SetConfig                        0x08002e69   Thumb Code    84  stm32f1xx_hal_tim.o(i.TIM_OC2_SetConfig)
    USBD_CDC_GetDeviceQualifierDescriptor    0x08003045   Thumb Code     8  usbd_cdc.o(i.USBD_CDC_GetDeviceQualifierDescriptor)
    USBD_CDC_ReceivePacket                   0x080030fd   Thumb Code    40  usbd_cdc.o(i.USBD_CDC_ReceivePacket)
    USBD_CDC_RegisterInterface               0x08003125   Thumb Code    16  usbd_cdc.o(i.USBD_CDC_RegisterInterface)
    USBD_CDC_SetRxBuffer                     0x08003135   Thumb Code    12  usbd_cdc.o(i.USBD_CDC_SetRxBuffer)
    USBD_CDC_SetTxBuffer                     0x08003141   Thumb Code    16  usbd_cdc.o(i.USBD_CDC_SetTxBuffer)
    USBD_CDC_TransmitPacket                  0x080031c1   Thumb Code    48  usbd_cdc.o(i.USBD_CDC_TransmitPacket)
    USBD_ClrClassConfig                      0x080031f1   Thumb Code    14  usbd_core.o(i.USBD_ClrClassConfig)
    USBD_CtlContinueRx                       0x080031ff   Thumb Code    16  usbd_ioreq.o(i.USBD_CtlContinueRx)
    USBD_CtlContinueSendData                 0x0800320f   Thumb Code    16  usbd_ioreq.o(i.USBD_CtlContinueSendData)
    USBD_CtlError                            0x0800321f   Thumb Code    22  usbd_ctlreq.o(i.USBD_CtlError)
    USBD_CtlPrepareRx                        0x08003235   Thumb Code    30  usbd_ioreq.o(i.USBD_CtlPrepareRx)
    USBD_CtlReceiveStatus                    0x08003253   Thumb Code    22  usbd_ioreq.o(i.USBD_CtlReceiveStatus)
    USBD_CtlSendData                         0x08003269   Thumb Code    26  usbd_ioreq.o(i.USBD_CtlSendData)
    USBD_CtlSendStatus                       0x08003283   Thumb Code    22  usbd_ioreq.o(i.USBD_CtlSendStatus)
    USBD_FS_ConfigStrDescriptor              0x08003299   Thumb Code    16  usbd_desc.o(i.USBD_FS_ConfigStrDescriptor)
    USBD_FS_DeviceDescriptor                 0x080032b9   Thumb Code     8  usbd_desc.o(i.USBD_FS_DeviceDescriptor)
    USBD_FS_InterfaceStrDescriptor           0x080032c5   Thumb Code    16  usbd_desc.o(i.USBD_FS_InterfaceStrDescriptor)
    USBD_FS_LangIDStrDescriptor              0x080032e9   Thumb Code     8  usbd_desc.o(i.USBD_FS_LangIDStrDescriptor)
    USBD_FS_ManufacturerStrDescriptor        0x080032f5   Thumb Code    16  usbd_desc.o(i.USBD_FS_ManufacturerStrDescriptor)
    USBD_FS_ProductStrDescriptor             0x0800331d   Thumb Code    16  usbd_desc.o(i.USBD_FS_ProductStrDescriptor)
    USBD_FS_SerialStrDescriptor              0x08003349   Thumb Code    16  usbd_desc.o(i.USBD_FS_SerialStrDescriptor)
    USBD_GetString                           0x0800344d   Thumb Code    70  usbd_ctlreq.o(i.USBD_GetString)
    USBD_Init                                0x08003493   Thumb Code    42  usbd_core.o(i.USBD_Init)
    USBD_LL_ClearStallEP                     0x080034bd   Thumb Code    32  usbd_conf.o(i.USBD_LL_ClearStallEP)
    USBD_LL_CloseEP                          0x080034dd   Thumb Code    32  usbd_conf.o(i.USBD_LL_CloseEP)
    USBD_LL_DataInStage                      0x080034fd   Thumb Code   170  usbd_core.o(i.USBD_LL_DataInStage)
    USBD_LL_DataOutStage                     0x080035a7   Thumb Code   106  usbd_core.o(i.USBD_LL_DataOutStage)
    USBD_LL_GetRxDataSize                    0x08003611   Thumb Code     8  usbd_conf.o(i.USBD_LL_GetRxDataSize)
    USBD_LL_Init                             0x08003619   Thumb Code   130  usbd_conf.o(i.USBD_LL_Init)
    USBD_LL_IsStallEP                        0x080036c1   Thumb Code    28  usbd_conf.o(i.USBD_LL_IsStallEP)
    USBD_LL_OpenEP                           0x080036dd   Thumb Code    38  usbd_conf.o(i.USBD_LL_OpenEP)
    USBD_LL_PrepareReceive                   0x08003703   Thumb Code    32  usbd_conf.o(i.USBD_LL_PrepareReceive)
    USBD_LL_Reset                            0x08003723   Thumb Code    62  usbd_core.o(i.USBD_LL_Reset)
    USBD_LL_Resume                           0x08003761   Thumb Code    12  usbd_core.o(i.USBD_LL_Resume)
    USBD_LL_SOF                              0x0800376d   Thumb Code    24  usbd_core.o(i.USBD_LL_SOF)
    USBD_LL_SetSpeed                         0x08003785   Thumb Code     6  usbd_core.o(i.USBD_LL_SetSpeed)
    USBD_LL_SetUSBAddress                    0x0800378b   Thumb Code    32  usbd_conf.o(i.USBD_LL_SetUSBAddress)
    USBD_LL_SetupStage                       0x080037ab   Thumb Code    90  usbd_core.o(i.USBD_LL_SetupStage)
    USBD_LL_StallEP                          0x08003805   Thumb Code    32  usbd_conf.o(i.USBD_LL_StallEP)
    USBD_LL_Start                            0x08003825   Thumb Code    32  usbd_conf.o(i.USBD_LL_Start)
    USBD_LL_Suspend                          0x08003845   Thumb Code    18  usbd_core.o(i.USBD_LL_Suspend)
    USBD_LL_Transmit                         0x08003857   Thumb Code    32  usbd_conf.o(i.USBD_LL_Transmit)
    USBD_ParseSetupRequest                   0x08003877   Thumb Code    40  usbd_ctlreq.o(i.USBD_ParseSetupRequest)
    USBD_RegisterClass                       0x0800389f   Thumb Code    16  usbd_core.o(i.USBD_RegisterClass)
    USBD_SetClassConfig                      0x080038af   Thumb Code    22  usbd_core.o(i.USBD_SetClassConfig)
    USBD_Start                               0x08003939   Thumb Code    10  usbd_core.o(i.USBD_Start)
    USBD_StdDevReq                           0x08003943   Thumb Code   242  usbd_ctlreq.o(i.USBD_StdDevReq)
    USBD_StdEPReq                            0x08003a35   Thumb Code   220  usbd_ctlreq.o(i.USBD_StdEPReq)
    USBD_StdItfReq                           0x08003b11   Thumb Code    52  usbd_ctlreq.o(i.USBD_StdItfReq)
    USBD_static_free                         0x08003b45   Thumb Code     2  usbd_conf.o(i.USBD_static_free)
    USBD_static_malloc                       0x08003b49   Thumb Code     4  usbd_conf.o(i.USBD_static_malloc)
    USB_ActivateEndpoint                     0x08003b51   Thumb Code   604  stm32f1xx_ll_usb.o(i.USB_ActivateEndpoint)
    USB_CoreInit                             0x08003dad   Thumb Code     4  stm32f1xx_ll_usb.o(i.USB_CoreInit)
    USB_DeactivateEndpoint                   0x08003db1   Thumb Code   292  stm32f1xx_ll_usb.o(i.USB_DeactivateEndpoint)
    USB_DevConnect                           0x08003ed5   Thumb Code     4  stm32f1xx_ll_usb.o(i.USB_DevConnect)
    USB_DevDisconnect                        0x08003ed9   Thumb Code     4  stm32f1xx_ll_usb.o(i.USB_DevDisconnect)
    USB_DevInit                              0x08003edd   Thumb Code    30  stm32f1xx_ll_usb.o(i.USB_DevInit)
    USB_DisableGlobalInt                     0x08003efb   Thumb Code    14  stm32f1xx_ll_usb.o(i.USB_DisableGlobalInt)
    USB_EP0_OutStart                         0x08003f09   Thumb Code     4  stm32f1xx_ll_usb.o(i.USB_EP0_OutStart)
    USB_EPClearStall                         0x08003f0d   Thumb Code   106  stm32f1xx_ll_usb.o(i.USB_EPClearStall)
    USB_EPSetStall                           0x08003f77   Thumb Code    74  stm32f1xx_ll_usb.o(i.USB_EPSetStall)
    USB_EPStartXfer                          0x08003fc1   Thumb Code   426  stm32f1xx_ll_usb.o(i.USB_EPStartXfer)
    USB_EnableGlobalInt                      0x0800416b   Thumb Code    14  stm32f1xx_ll_usb.o(i.USB_EnableGlobalInt)
    USB_LP_CAN1_RX0_IRQHandler               0x08004179   Thumb Code     6  stm32f1xx_it.o(i.USB_LP_CAN1_RX0_IRQHandler)
    USB_ReadInterrupts                       0x08004185   Thumb Code     6  stm32f1xx_ll_usb.o(i.USB_ReadInterrupts)
    USB_ReadPMA                              0x0800418d   Thumb Code    30  stm32f1xx_ll_usb.o(i.USB_ReadPMA)
    USB_SetCurrentMode                       0x080041ab   Thumb Code     4  stm32f1xx_ll_usb.o(i.USB_SetCurrentMode)
    USB_SetDevAddress                        0x080041af   Thumb Code    12  stm32f1xx_ll_usb.o(i.USB_SetDevAddress)
    USB_WritePMA                             0x080041bb   Thumb Code    38  stm32f1xx_ll_usb.o(i.USB_WritePMA)
    UsageFault_Handler                       0x080041e1   Thumb Code     2  stm32f1xx_it.o(i.UsageFault_Handler)
    _Error_Handler                           0x080041e3   Thumb Code     2  main.o(i._Error_Handler)
    __0sprintf                               0x080041e5   Thumb Code    34  printfa.o(i.__0sprintf)
    __1sprintf                               0x080041e5   Thumb Code     0  printfa.o(i.__0sprintf)
    __2sprintf                               0x080041e5   Thumb Code     0  printfa.o(i.__0sprintf)
    __c89sprintf                             0x080041e5   Thumb Code     0  printfa.o(i.__0sprintf)
    sprintf                                  0x080041e5   Thumb Code     0  printfa.o(i.__0sprintf)
    __ARM_fpclassify                         0x0800420d   Thumb Code    40  fpclassify.o(i.__ARM_fpclassify)
    __ieee754_rem_pio2                       0x08004235   Thumb Code   828  rred.o(i.__ieee754_rem_pio2)
    __kernel_cos                             0x080045bd   Thumb Code   230  cos_i.o(i.__kernel_cos)
    __kernel_poly                            0x080046b9   Thumb Code   170  poly.o(i.__kernel_poly)
    __kernel_sin                             0x08004765   Thumb Code   224  sin_i.o(i.__kernel_sin)
    __mathlib_dbl_infnan                     0x08004851   Thumb Code     6  dunder.o(i.__mathlib_dbl_infnan)
    __mathlib_dbl_invalid                    0x08004857   Thumb Code    12  dunder.o(i.__mathlib_dbl_invalid)
    __mathlib_dbl_underflow                  0x08004865   Thumb Code    10  dunder.o(i.__mathlib_dbl_underflow)
    __read_errno                             0x08004875   Thumb Code     6  errno.o(i.__read_errno)
    __scatterload_copy                       0x08004881   Thumb Code    14  handlers.o(i.__scatterload_copy)
    __scatterload_null                       0x0800488f   Thumb Code     2  handlers.o(i.__scatterload_null)
    __scatterload_zeroinit                   0x08004891   Thumb Code    14  handlers.o(i.__scatterload_zeroinit)
    __set_errno                              0x080048a1   Thumb Code     6  errno.o(i.__set_errno)
    _is_digit                                0x08004a31   Thumb Code    14  scanf_fp.o(i._is_digit)
    atof                                     0x08005179   Thumb Code    42  atof.o(i.atof)
    free                                     0x080051a5   Thumb Code    76  malloc.o(i.free)
    main                                     0x080051f5   Thumb Code   322  main.o(i.main)
    malloc                                   0x08005351   Thumb Code    92  malloc.o(i.malloc)
    sin                                      0x080053bd   Thumb Code   150  sin.o(i.sin)
    AHBPrescTable                            0x0800545c   Data          16  system_stm32f1xx.o(.constdata)
    __ctype_categories                       0x08005590   Data          64  ctype_c.o(.constdata)
    Region$$Table$$Base                      0x080055d0   Number         0  anon$$obj.o(Region$$Table)
    Region$$Table$$Limit                     0x080055f0   Number         0  anon$$obj.o(Region$$Table)
    PWM_MAX                                  0x20000000   Data           2  main.o(.data)
    Tx                                       0x20000002   Data           2  main.o(.data)
    Rx                                       0x20000004   Data           2  main.o(.data)
    angle                                    0x20000008   Data           8  main.o(.data)
    step                                     0x20000010   Data           8  main.o(.data)
    tick                                     0x20000018   Data           2  stm32f1xx_it.o(.data)
    tx                                       0x2000001c   Data           4  stm32f1xx_it.o(.data)
    cur_angle                                0x20000020   Data           8  stm32f1xx_it.o(.data)
    FS_Desc                                  0x20000028   Data          28  usbd_desc.o(.data)
    USBD_LangIDDesc                          0x20000044   Data           4  usbd_desc.o(.data)
    USBD_FS_DeviceDesc                       0x20000048   Data          18  usbd_desc.o(.data)
    USBD_Interface_fops_FS                   0x2000005c   Data          16  usbd_cdc_if.o(.data)
    uwTickFreq                               0x2000006c   Data           1  stm32f1xx_hal.o(.data)
    uwTickPrio                               0x20000070   Data           4  stm32f1xx_hal.o(.data)
    uwTick                                   0x20000074   Data           4  stm32f1xx_hal.o(.data)
    SystemCoreClock                          0x20000078   Data           4  system_stm32f1xx.o(.data)
    USBD_CDC_CfgHSDesc                       0x20000090   Data          67  usbd_cdc.o(.data)
    USBD_CDC_CfgFSDesc                       0x200000d4   Data          67  usbd_cdc.o(.data)
    USBD_CDC_OtherSpeedCfgDesc               0x20000118   Data          67  usbd_cdc.o(.data)
    USBD_CDC                                 0x2000015c   Data          56  usbd_cdc.o(.data)
    __microlib_freelist                      0x20000194   Data           4  mvars.o(.data)
    __microlib_freelist_initialised          0x20000198   Data           4  mvars.o(.data)
    hspi1                                    0x200001a0   Data          88  spi.o(.bss)
    htim1                                    0x200001f8   Data          64  tim.o(.bss)
    htim3                                    0x20000238   Data          64  tim.o(.bss)
    str                                      0x20000278   Data         256  stm32f1xx_it.o(.bss)
    hUsbDeviceFS                             0x20000378   Data         548  usb_device.o(.bss)
    hpcd_USB_FS                              0x200007bc   Data        1120  usbd_conf.o(.bss)
    USBD_StrDesc                             0x20000c1c   Data         512  usbd_desc.o(.bss)
    UserRxBufferFS                           0x20000e1c   Data        1000  usbd_cdc_if.o(.bss)
    UserTxBufferFS                           0x20001204   Data        1000  usbd_cdc_if.o(.bss)
    __heap_base                              0x200015f0   Data           0  startup_stm32f103xb.o(HEAP)
    __heap_limit                             0x200019f0   Data           0  startup_stm32f103xb.o(HEAP)
    __initial_sp                             0x20001ff0   Data           0  startup_stm32f103xb.o(STACK)



==============================================================================

Memory Map of the image

  Image Entry point : 0x080000ed

  Load Region LR_IROM1 (Base: 0x08000000, Size: 0x00005790, Max: 0x00010000, ABSOLUTE, COMPRESSED[0x000056b8])

    Execution Region ER_IROM1 (Exec base: 0x08000000, Load base: 0x08000000, Size: 0x000055f0, Max: 0x00010000, ABSOLUTE)

    Exec Addr    Load Addr    Size         Type   Attr      Idx    E Section Name        Object

    0x08000000   0x08000000   0x000000ec   Data   RO            3    RESET               startup_stm32f103xb.o
    0x080000ec   0x080000ec   0x00000000   Code   RO         3783  * .ARM.Collect$$$$00000000  mc_w.l(entry.o)
    0x080000ec   0x080000ec   0x00000004   Code   RO         4121    .ARM.Collect$$$$00000001  mc_w.l(entry2.o)
    0x080000f0   0x080000f0   0x00000004   Code   RO         4124    .ARM.Collect$$$$00000004  mc_w.l(entry5.o)
    0x080000f4   0x080000f4   0x00000000   Code   RO         4126    .ARM.Collect$$$$00000008  mc_w.l(entry7b.o)
    0x080000f4   0x080000f4   0x00000000   Code   RO         4128    .ARM.Collect$$$$0000000A  mc_w.l(entry8b.o)
    0x080000f4   0x080000f4   0x00000008   Code   RO         4129    .ARM.Collect$$$$0000000B  mc_w.l(entry9a.o)
    0x080000fc   0x080000fc   0x00000000   Code   RO         4131    .ARM.Collect$$$$0000000D  mc_w.l(entry10a.o)
    0x080000fc   0x080000fc   0x00000000   Code   RO         4133    .ARM.Collect$$$$0000000F  mc_w.l(entry11a.o)
    0x080000fc   0x080000fc   0x00000004   Code   RO         4122    .ARM.Collect$$$$00002712  mc_w.l(entry2.o)
    0x08000100   0x08000100   0x00000024   Code   RO            4    .text               startup_stm32f103xb.o
    0x08000124   0x08000124   0x00000020   Code   RO         3786    .text               mc_w.l(llushr.o)
    0x08000144   0x08000144   0x00000024   Code   RO         3788    .text               mc_w.l(memcpya.o)
    0x08000168   0x08000168   0x0000014e   Code   RO         4081    .text               mf_w.l(dadd.o)
    0x080002b6   0x080002b6   0x000000e4   Code   RO         4083    .text               mf_w.l(dmul.o)
    0x0800039a   0x0800039a   0x0000002e   Code   RO         4085    .text               mf_w.l(dscalb.o)
    0x080003c8   0x080003c8   0x0000001a   Code   RO         4087    .text               mf_w.l(dfltui.o)
    0x080003e2   0x080003e2   0x00000032   Code   RO         4089    .text               mf_w.l(dfixui.o)
    0x08000414   0x08000414   0x00000030   Code   RO         4091    .text               mf_w.l(cdcmple.o)
    0x08000444   0x08000444   0x0000002c   Code   RO         4138    .text               mc_w.l(uidiv.o)
    0x08000470   0x08000470   0x00000062   Code   RO         4140    .text               mc_w.l(uldiv.o)
    0x080004d2   0x080004d2   0x0000001e   Code   RO         4142    .text               mc_w.l(llshl.o)
    0x080004f0   0x080004f0   0x00000024   Code   RO         4144    .text               mc_w.l(llsshr.o)
    0x08000514   0x08000514   0x0000009c   Code   RO         4155    .text               mc_w.l(strtod.o)
    0x080005b0   0x080005b0   0x00000000   Code   RO         4157    .text               mc_w.l(iusefp.o)
    0x080005b0   0x080005b0   0x000000ba   Code   RO         4158    .text               mf_w.l(depilogue.o)
    0x0800066a   0x0800066a   0x000000de   Code   RO         4160    .text               mf_w.l(ddiv.o)
    0x08000748   0x08000748   0x00000030   Code   RO         4162    .text               mf_w.l(dfixul.o)
    0x08000778   0x08000778   0x00000030   Code   RO         4164    .text               mf_w.l(cdrcmple.o)
    0x080007a8   0x080007a8   0x00000024   Code   RO         4170    .text               mc_w.l(init.o)
    0x080007cc   0x080007cc   0x0000000a   Code   RO         4173    .text               mc_w.l(isspace_c.o)
    0x080007d6   0x080007d6   0x00000002   PAD
    0x080007d8   0x080007d8   0x00000360   Code   RO         4175    .text               mc_w.l(scanf_fp.o)
    0x08000b38   0x08000b38   0x00000040   Code   RO         4179    .text               mc_w.l(_sgetc.o)
    0x08000b78   0x08000b78   0x00000022   Code   RO         4182    .text               mf_w.l(dflti.o)
    0x08000b9a   0x08000b9a   0x0000003e   Code   RO         4184    .text               mf_w.l(dfixi.o)
    0x08000bd8   0x08000bd8   0x00000028   Code   RO         4186    .text               mc_w.l(ctype_c.o)
    0x08000c00   0x08000c00   0x00000018   Code   RO         4189    .text               mf_w.l(dfltul.o)
    0x08000c18   0x08000c18   0x00000038   Code   RO         4191    .text               mf_w.l(d2f.o)
    0x08000c50   0x08000c50   0x0000006e   Code   RO         4193    .text               mf_w.l(fepilogue.o)
    0x08000cbe   0x08000cbe   0x00000056   Code   RO         4203    .text               mc_w.l(__dczerorl2.o)
    0x08000d14   0x08000d14   0x00000002   Code   RO          295    i.BusFault_Handler  stm32f1xx_it.o
    0x08000d16   0x08000d16   0x00000004   Code   RO          743    i.CDC_Control_FS    usbd_cdc_if.o
    0x08000d1a   0x08000d1a   0x00000004   Code   RO          744    i.CDC_DeInit_FS     usbd_cdc_if.o
    0x08000d1e   0x08000d1e   0x00000002   PAD
    0x08000d20   0x08000d20   0x00000024   Code   RO          745    i.CDC_Init_FS       usbd_cdc_if.o
    0x08000d44   0x08000d44   0x00000028   Code   RO          746    i.CDC_Receive_FS    usbd_cdc_if.o
    0x08000d6c   0x08000d6c   0x0000002c   Code   RO          747    i.CDC_Transmit_FS   usbd_cdc_if.o
    0x08000d98   0x08000d98   0x00000002   Code   RO          296    i.DebugMon_Handler  stm32f1xx_it.o
    0x08000d9a   0x08000d9a   0x00000002   PAD
    0x08000d9c   0x08000d9c   0x000001bc   Code   RO         2779    i.HAL_GPIO_Init     stm32f1xx_hal_gpio.o
    0x08000f58   0x08000f58   0x0000000a   Code   RO         2783    i.HAL_GPIO_WritePin  stm32f1xx_hal_gpio.o
    0x08000f62   0x08000f62   0x00000002   PAD
    0x08000f64   0x08000f64   0x0000000c   Code   RO         2490    i.HAL_GetTick       stm32f1xx_hal.o
    0x08000f70   0x08000f70   0x00000010   Code   RO         2494    i.HAL_IncTick       stm32f1xx_hal.o
    0x08000f80   0x08000f80   0x00000024   Code   RO         2495    i.HAL_Init          stm32f1xx_hal.o
    0x08000fa4   0x08000fa4   0x00000040   Code   RO         2496    i.HAL_InitTick      stm32f1xx_hal.o
    0x08000fe4   0x08000fe4   0x00000090   Code   RO          410    i.HAL_MspInit       stm32f1xx_hal_msp.o
    0x08001074   0x08001074   0x00000016   Code   RO         2939    i.HAL_NVIC_EnableIRQ  stm32f1xx_hal_cortex.o
    0x0800108a   0x0800108a   0x00000002   PAD
    0x0800108c   0x0800108c   0x00000040   Code   RO         2945    i.HAL_NVIC_SetPriority  stm32f1xx_hal_cortex.o
    0x080010cc   0x080010cc   0x00000024   Code   RO         2946    i.HAL_NVIC_SetPriorityGrouping  stm32f1xx_hal_cortex.o
    0x080010f0   0x080010f0   0x00000034   Code   RO         1046    i.HAL_PCDEx_PMAConfig  stm32f1xx_hal_pcd_ex.o
    0x08001124   0x08001124   0x00000002   Code   RO          468    i.HAL_PCDEx_SetConnectionState  usbd_conf.o
    0x08001126   0x08001126   0x0000000e   Code   RO          470    i.HAL_PCD_DataInStageCallback  usbd_conf.o
    0x08001134   0x08001134   0x00000010   Code   RO          471    i.HAL_PCD_DataOutStageCallback  usbd_conf.o
    0x08001144   0x08001144   0x00000040   Code   RO          840    i.HAL_PCD_EP_Close  stm32f1xx_hal_pcd.o
    0x08001184   0x08001184   0x00000048   Code   RO          841    i.HAL_PCD_EP_ClrStall  stm32f1xx_hal_pcd.o
    0x080011cc   0x080011cc   0x00000010   Code   RO          843    i.HAL_PCD_EP_GetRxCount  stm32f1xx_hal_pcd.o
    0x080011dc   0x080011dc   0x00000044   Code   RO          844    i.HAL_PCD_EP_Open   stm32f1xx_hal_pcd.o
    0x08001220   0x08001220   0x0000002e   Code   RO          845    i.HAL_PCD_EP_Receive  stm32f1xx_hal_pcd.o
    0x0800124e   0x0800124e   0x00000056   Code   RO          846    i.HAL_PCD_EP_SetStall  stm32f1xx_hal_pcd.o
    0x080012a4   0x080012a4   0x0000002a   Code   RO          847    i.HAL_PCD_EP_Transmit  stm32f1xx_hal_pcd.o
    0x080012ce   0x080012ce   0x0000010c   Code   RO          849    i.HAL_PCD_IRQHandler  stm32f1xx_hal_pcd.o
    0x080013da   0x080013da   0x00000002   PAD
    0x080013dc   0x080013dc   0x000000c0   Code   RO          852    i.HAL_PCD_Init      stm32f1xx_hal_pcd.o
    0x0800149c   0x0800149c   0x0000003c   Code   RO          476    i.HAL_PCD_MspInit   usbd_conf.o
    0x080014d8   0x080014d8   0x0000001a   Code   RO          477    i.HAL_PCD_ResetCallback  usbd_conf.o
    0x080014f2   0x080014f2   0x00000008   Code   RO          478    i.HAL_PCD_ResumeCallback  usbd_conf.o
    0x080014fa   0x080014fa   0x00000008   Code   RO          479    i.HAL_PCD_SOFCallback  usbd_conf.o
    0x08001502   0x08001502   0x00000028   Code   RO          858    i.HAL_PCD_SetAddress  stm32f1xx_hal_pcd.o
    0x0800152a   0x0800152a   0x0000000e   Code   RO          480    i.HAL_PCD_SetupStageCallback  usbd_conf.o
    0x08001538   0x08001538   0x00000032   Code   RO          860    i.HAL_PCD_Start     stm32f1xx_hal_pcd.o
    0x0800156a   0x0800156a   0x00000002   PAD
    0x0800156c   0x0800156c   0x00000024   Code   RO          481    i.HAL_PCD_SuspendCallback  usbd_conf.o
    0x08001590   0x08001590   0x000000ec   Code   RO         2742    i.HAL_RCCEx_PeriphCLKConfig  stm32f1xx_hal_rcc_ex.o
    0x0800167c   0x0800167c   0x00000154   Code   RO         2639    i.HAL_RCC_ClockConfig  stm32f1xx_hal_rcc.o
    0x080017d0   0x080017d0   0x0000000c   Code   RO         2644    i.HAL_RCC_GetHCLKFreq  stm32f1xx_hal_rcc.o
    0x080017dc   0x080017dc   0x0000006c   Code   RO         2648    i.HAL_RCC_GetSysClockFreq  stm32f1xx_hal_rcc.o
    0x08001848   0x08001848   0x00000304   Code   RO         2651    i.HAL_RCC_OscConfig  stm32f1xx_hal_rcc.o
    0x08001b4c   0x08001b4c   0x00000082   Code   RO         1591    i.HAL_SPI_Init      stm32f1xx_hal_spi_ex.o
    0x08001bce   0x08001bce   0x00000002   PAD
    0x08001bd0   0x08001bd0   0x00000058   Code   RO          200    i.HAL_SPI_MspInit   spi.o
    0x08001c28   0x08001c28   0x000001d8   Code   RO         1288    i.HAL_SPI_TransmitReceive  stm32f1xx_hal_spi.o
    0x08001e00   0x08001e00   0x00000018   Code   RO         2948    i.HAL_SYSTICK_CLKSourceConfig  stm32f1xx_hal_cortex.o
    0x08001e18   0x08001e18   0x00000002   Code   RO         2949    i.HAL_SYSTICK_Callback  stm32f1xx_hal_cortex.o
    0x08001e1a   0x08001e1a   0x00000028   Code   RO         2950    i.HAL_SYSTICK_Config  stm32f1xx_hal_cortex.o
    0x08001e42   0x08001e42   0x00000008   Code   RO         2951    i.HAL_SYSTICK_IRQHandler  stm32f1xx_hal_cortex.o
    0x08001e4a   0x08001e4a   0x00000002   Code   RO         2246    i.HAL_TIMEx_BreakCallback  stm32f1xx_hal_tim_ex.o
    0x08001e4c   0x08001e4c   0x00000002   Code   RO         2247    i.HAL_TIMEx_CommutationCallback  stm32f1xx_hal_tim_ex.o
    0x08001e4e   0x08001e4e   0x0000005a   Code   RO         2248    i.HAL_TIMEx_ConfigBreakDeadTime  stm32f1xx_hal_tim_ex.o
    0x08001ea8   0x08001ea8   0x00000050   Code   RO         2263    i.HAL_TIMEx_MasterConfigSynchronization  stm32f1xx_hal_tim_ex.o
    0x08001ef8   0x08001ef8   0x00000024   Code   RO         2274    i.HAL_TIMEx_PWMN_Start  stm32f1xx_hal_tim_ex.o
    0x08001f1c   0x08001f1c   0x00000036   Code   RO         1617    i.HAL_TIM_Base_Init  stm32f1xx_hal_tim.o
    0x08001f52   0x08001f52   0x00000002   PAD
    0x08001f54   0x08001f54   0x00000064   Code   RO          242    i.HAL_TIM_Base_MspInit  tim.o
    0x08001fb8   0x08001fb8   0x00000018   Code   RO         1622    i.HAL_TIM_Base_Start_IT  stm32f1xx_hal_tim.o
    0x08001fd0   0x08001fd0   0x000000f2   Code   RO         1626    i.HAL_TIM_ConfigClockSource  stm32f1xx_hal_tim.o
    0x080020c2   0x080020c2   0x00000002   Code   RO         1646    i.HAL_TIM_IC_CaptureCallback  stm32f1xx_hal_tim.o
    0x080020c4   0x080020c4   0x00000166   Code   RO         1659    i.HAL_TIM_IRQHandler  stm32f1xx_hal_tim.o
    0x0800222a   0x0800222a   0x00000002   PAD
    0x0800222c   0x0800222c   0x00000070   Code   RO          243    i.HAL_TIM_MspPostInit  tim.o
    0x0800229c   0x0800229c   0x00000056   Code   RO         1660    i.HAL_TIM_OC_ConfigChannel  stm32f1xx_hal_tim.o
    0x080022f2   0x080022f2   0x00000002   Code   RO         1662    i.HAL_TIM_OC_DelayElapsedCallback  stm32f1xx_hal_tim.o
    0x080022f4   0x080022f4   0x00000036   Code   RO         1664    i.HAL_TIM_OC_Init   stm32f1xx_hal_tim.o
    0x0800232a   0x0800232a   0x00000002   Code   RO         1666    i.HAL_TIM_OC_MspInit  stm32f1xx_hal_tim.o
    0x0800232c   0x0800232c   0x000000d0   Code   RO         1683    i.HAL_TIM_PWM_ConfigChannel  stm32f1xx_hal_tim.o
    0x080023fc   0x080023fc   0x00000036   Code   RO         1686    i.HAL_TIM_PWM_Init  stm32f1xx_hal_tim.o
    0x08002432   0x08002432   0x00000002   Code   RO         1688    i.HAL_TIM_PWM_MspInit  stm32f1xx_hal_tim.o
    0x08002434   0x08002434   0x00000002   Code   RO         1689    i.HAL_TIM_PWM_PulseFinishedCallback  stm32f1xx_hal_tim.o
    0x08002436   0x08002436   0x00000002   PAD
    0x08002438   0x08002438   0x00000030   Code   RO         1690    i.HAL_TIM_PWM_Start  stm32f1xx_hal_tim.o
    0x08002468   0x08002468   0x00000002   Code   RO         1696    i.HAL_TIM_PeriodElapsedCallback  stm32f1xx_hal_tim.o
    0x0800246a   0x0800246a   0x00000002   Code   RO         1700    i.HAL_TIM_TriggerCallback  stm32f1xx_hal_tim.o
    0x0800246c   0x0800246c   0x00000002   Code   RO          297    i.HardFault_Handler  stm32f1xx_it.o
    0x0800246e   0x0800246e   0x00000002   PAD
    0x08002470   0x08002470   0x00000064   Code   RO          175    i.MX_GPIO_Init      gpio.o
    0x080024d4   0x080024d4   0x00000064   Code   RO          201    i.MX_SPI1_Init      spi.o
    0x08002538   0x08002538   0x00000100   Code   RO          244    i.MX_TIM1_Init      tim.o
    0x08002638   0x08002638   0x000000ac   Code   RO          245    i.MX_TIM3_Init      tim.o
    0x080026e4   0x080026e4   0x00000038   Code   RO          434    i.MX_USB_DEVICE_Init  usb_device.o
    0x0800271c   0x0800271c   0x00000002   Code   RO          298    i.MemManage_Handler  stm32f1xx_it.o
    0x0800271e   0x0800271e   0x00000002   Code   RO          299    i.NMI_Handler       stm32f1xx_it.o
    0x08002720   0x08002720   0x00000020   Code   RO         2952    i.NVIC_SetPriority  stm32f1xx_hal_cortex.o
    0x08002740   0x08002740   0x00000362   Code   RO          863    i.PCD_EP_ISR_Handler  stm32f1xx_hal_pcd.o
    0x08002aa2   0x08002aa2   0x00000002   Code   RO          300    i.PendSV_Handler    stm32f1xx_it.o
    0x08002aa4   0x08002aa4   0x00000020   Code   RO         1303    i.SPI_CheckFlag_BSY  stm32f1xx_hal_spi.o
    0x08002ac4   0x08002ac4   0x00000096   Code   RO         1322    i.SPI_WaitFlagStateUntilTimeout  stm32f1xx_hal_spi.o
    0x08002b5a   0x08002b5a   0x00000002   Code   RO          301    i.SVC_Handler       stm32f1xx_it.o
    0x08002b5c   0x08002b5c   0x00000090   Code   RO          302    i.SysTick_Handler   stm32f1xx_it.o
    0x08002bec   0x08002bec   0x00000078   Code   RO           13    i.SystemClock_Config  main.o
    0x08002c64   0x08002c64   0x00000048   Code   RO         3368    i.SystemInit        system_stm32f1xx.o
    0x08002cac   0x08002cac   0x00000040   Code   RO          303    i.TIM1_UP_IRQHandler  stm32f1xx_it.o
    0x08002cec   0x08002cec   0x00000070   Code   RO          304    i.TIM3_IRQHandler   stm32f1xx_it.o
    0x08002d5c   0x08002d5c   0x0000006c   Code   RO         1701    i.TIM_Base_SetConfig  stm32f1xx_hal_tim.o
    0x08002dc8   0x08002dc8   0x00000016   Code   RO         1702    i.TIM_CCxChannelCmd  stm32f1xx_hal_tim.o
    0x08002dde   0x08002dde   0x00000016   Code   RO         2281    i.TIM_CCxNChannelCmd  stm32f1xx_hal_tim_ex.o
    0x08002df4   0x08002df4   0x00000014   Code   RO         1708    i.TIM_ETR_SetConfig  stm32f1xx_hal_tim.o
    0x08002e08   0x08002e08   0x00000010   Code   RO         1709    i.TIM_ITRx_SetConfig  stm32f1xx_hal_tim.o
    0x08002e18   0x08002e18   0x00000050   Code   RO         1710    i.TIM_OC1_SetConfig  stm32f1xx_hal_tim.o
    0x08002e68   0x08002e68   0x00000058   Code   RO         1711    i.TIM_OC2_SetConfig  stm32f1xx_hal_tim.o
    0x08002ec0   0x08002ec0   0x00000058   Code   RO         1712    i.TIM_OC3_SetConfig  stm32f1xx_hal_tim.o
    0x08002f18   0x08002f18   0x00000044   Code   RO         1713    i.TIM_OC4_SetConfig  stm32f1xx_hal_tim.o
    0x08002f5c   0x08002f5c   0x00000022   Code   RO         1715    i.TIM_TI1_ConfigInputStage  stm32f1xx_hal_tim.o
    0x08002f7e   0x08002f7e   0x00000024   Code   RO         1717    i.TIM_TI2_ConfigInputStage  stm32f1xx_hal_tim.o
    0x08002fa2   0x08002fa2   0x00000014   Code   RO         3668    i.USBD_CDC_DataIn   usbd_cdc.o
    0x08002fb6   0x08002fb6   0x0000002e   Code   RO         3669    i.USBD_CDC_DataOut  usbd_cdc.o
    0x08002fe4   0x08002fe4   0x0000003c   Code   RO         3670    i.USBD_CDC_DeInit   usbd_cdc.o
    0x08003020   0x08003020   0x00000024   Code   RO         3671    i.USBD_CDC_EP0_RxReady  usbd_cdc.o
    0x08003044   0x08003044   0x0000000c   Code   RO         3672    i.USBD_CDC_GetDeviceQualifierDescriptor  usbd_cdc.o
    0x08003050   0x08003050   0x0000000c   Code   RO         3673    i.USBD_CDC_GetFSCfgDesc  usbd_cdc.o
    0x0800305c   0x0800305c   0x0000000c   Code   RO         3674    i.USBD_CDC_GetHSCfgDesc  usbd_cdc.o
    0x08003068   0x08003068   0x0000000c   Code   RO         3675    i.USBD_CDC_GetOtherSpeedCfgDesc  usbd_cdc.o
    0x08003074   0x08003074   0x00000088   Code   RO         3676    i.USBD_CDC_Init     usbd_cdc.o
    0x080030fc   0x080030fc   0x00000028   Code   RO         3677    i.USBD_CDC_ReceivePacket  usbd_cdc.o
    0x08003124   0x08003124   0x00000010   Code   RO         3678    i.USBD_CDC_RegisterInterface  usbd_cdc.o
    0x08003134   0x08003134   0x0000000c   Code   RO         3679    i.USBD_CDC_SetRxBuffer  usbd_cdc.o
    0x08003140   0x08003140   0x00000010   Code   RO         3680    i.USBD_CDC_SetTxBuffer  usbd_cdc.o
    0x08003150   0x08003150   0x00000070   Code   RO         3681    i.USBD_CDC_Setup    usbd_cdc.o
    0x080031c0   0x080031c0   0x00000030   Code   RO         3682    i.USBD_CDC_TransmitPacket  usbd_cdc.o
    0x080031f0   0x080031f0   0x0000000e   Code   RO         3405    i.USBD_ClrClassConfig  usbd_core.o
    0x080031fe   0x080031fe   0x00000010   Code   RO         3608    i.USBD_CtlContinueRx  usbd_ioreq.o
    0x0800320e   0x0800320e   0x00000010   Code   RO         3609    i.USBD_CtlContinueSendData  usbd_ioreq.o
    0x0800321e   0x0800321e   0x00000016   Code   RO         3543    i.USBD_CtlError     usbd_ctlreq.o
    0x08003234   0x08003234   0x0000001e   Code   RO         3610    i.USBD_CtlPrepareRx  usbd_ioreq.o
    0x08003252   0x08003252   0x00000016   Code   RO         3611    i.USBD_CtlReceiveStatus  usbd_ioreq.o
    0x08003268   0x08003268   0x0000001a   Code   RO         3612    i.USBD_CtlSendData  usbd_ioreq.o
    0x08003282   0x08003282   0x00000016   Code   RO         3613    i.USBD_CtlSendStatus  usbd_ioreq.o
    0x08003298   0x08003298   0x00000020   Code   RO          675    i.USBD_FS_ConfigStrDescriptor  usbd_desc.o
    0x080032b8   0x080032b8   0x0000000c   Code   RO          676    i.USBD_FS_DeviceDescriptor  usbd_desc.o
    0x080032c4   0x080032c4   0x00000024   Code   RO          677    i.USBD_FS_InterfaceStrDescriptor  usbd_desc.o
    0x080032e8   0x080032e8   0x0000000c   Code   RO          678    i.USBD_FS_LangIDStrDescriptor  usbd_desc.o
    0x080032f4   0x080032f4   0x00000028   Code   RO          679    i.USBD_FS_ManufacturerStrDescriptor  usbd_desc.o
    0x0800331c   0x0800331c   0x0000002c   Code   RO          680    i.USBD_FS_ProductStrDescriptor  usbd_desc.o
    0x08003348   0x08003348   0x00000024   Code   RO          681    i.USBD_FS_SerialStrDescriptor  usbd_desc.o
    0x0800336c   0x0800336c   0x000000e0   Code   RO         3544    i.USBD_GetDescriptor  usbd_ctlreq.o
    0x0800344c   0x0800344c   0x00000046   Code   RO         3545    i.USBD_GetString    usbd_ctlreq.o
    0x08003492   0x08003492   0x0000002a   Code   RO         3407    i.USBD_Init         usbd_core.o
    0x080034bc   0x080034bc   0x00000020   Code   RO          482    i.USBD_LL_ClearStallEP  usbd_conf.o
    0x080034dc   0x080034dc   0x00000020   Code   RO          483    i.USBD_LL_CloseEP   usbd_conf.o
    0x080034fc   0x080034fc   0x000000aa   Code   RO         3408    i.USBD_LL_DataInStage  usbd_core.o
    0x080035a6   0x080035a6   0x0000006a   Code   RO         3409    i.USBD_LL_DataOutStage  usbd_core.o
    0x08003610   0x08003610   0x00000008   Code   RO          487    i.USBD_LL_GetRxDataSize  usbd_conf.o
    0x08003618   0x08003618   0x000000a8   Code   RO          488    i.USBD_LL_Init      usbd_conf.o
    0x080036c0   0x080036c0   0x0000001c   Code   RO          489    i.USBD_LL_IsStallEP  usbd_conf.o
    0x080036dc   0x080036dc   0x00000026   Code   RO          490    i.USBD_LL_OpenEP    usbd_conf.o
    0x08003702   0x08003702   0x00000020   Code   RO          491    i.USBD_LL_PrepareReceive  usbd_conf.o
    0x08003722   0x08003722   0x0000003e   Code   RO         3414    i.USBD_LL_Reset     usbd_core.o
    0x08003760   0x08003760   0x0000000c   Code   RO         3415    i.USBD_LL_Resume    usbd_core.o
    0x0800376c   0x0800376c   0x00000018   Code   RO         3416    i.USBD_LL_SOF       usbd_core.o
    0x08003784   0x08003784   0x00000006   Code   RO         3417    i.USBD_LL_SetSpeed  usbd_core.o
    0x0800378a   0x0800378a   0x00000020   Code   RO          492    i.USBD_LL_SetUSBAddress  usbd_conf.o
    0x080037aa   0x080037aa   0x0000005a   Code   RO         3418    i.USBD_LL_SetupStage  usbd_core.o
    0x08003804   0x08003804   0x00000020   Code   RO          493    i.USBD_LL_StallEP   usbd_conf.o
    0x08003824   0x08003824   0x00000020   Code   RO          494    i.USBD_LL_Start     usbd_conf.o
    0x08003844   0x08003844   0x00000012   Code   RO         3419    i.USBD_LL_Suspend   usbd_core.o
    0x08003856   0x08003856   0x00000020   Code   RO          496    i.USBD_LL_Transmit  usbd_conf.o
    0x08003876   0x08003876   0x00000028   Code   RO         3546    i.USBD_ParseSetupRequest  usbd_ctlreq.o
    0x0800389e   0x0800389e   0x00000010   Code   RO         3420    i.USBD_RegisterClass  usbd_core.o
    0x080038ae   0x080038ae   0x00000016   Code   RO         3422    i.USBD_SetClassConfig  usbd_core.o
    0x080038c4   0x080038c4   0x00000074   Code   RO         3547    i.USBD_SetConfig    usbd_ctlreq.o
    0x08003938   0x08003938   0x0000000a   Code   RO         3423    i.USBD_Start        usbd_core.o
    0x08003942   0x08003942   0x000000f2   Code   RO         3548    i.USBD_StdDevReq    usbd_ctlreq.o
    0x08003a34   0x08003a34   0x000000dc   Code   RO         3549    i.USBD_StdEPReq     usbd_ctlreq.o
    0x08003b10   0x08003b10   0x00000034   Code   RO         3550    i.USBD_StdItfReq    usbd_ctlreq.o
    0x08003b44   0x08003b44   0x00000002   Code   RO          497    i.USBD_static_free  usbd_conf.o
    0x08003b46   0x08003b46   0x00000002   PAD
    0x08003b48   0x08003b48   0x00000008   Code   RO          498    i.USBD_static_malloc  usbd_conf.o
    0x08003b50   0x08003b50   0x0000025c   Code   RO         1076    i.USB_ActivateEndpoint  stm32f1xx_ll_usb.o
    0x08003dac   0x08003dac   0x00000004   Code   RO         1079    i.USB_CoreInit      stm32f1xx_ll_usb.o
    0x08003db0   0x08003db0   0x00000124   Code   RO         1081    i.USB_DeactivateEndpoint  stm32f1xx_ll_usb.o
    0x08003ed4   0x08003ed4   0x00000004   Code   RO         1082    i.USB_DevConnect    stm32f1xx_ll_usb.o
    0x08003ed8   0x08003ed8   0x00000004   Code   RO         1083    i.USB_DevDisconnect  stm32f1xx_ll_usb.o
    0x08003edc   0x08003edc   0x0000001e   Code   RO         1084    i.USB_DevInit       stm32f1xx_ll_usb.o
    0x08003efa   0x08003efa   0x0000000e   Code   RO         1085    i.USB_DisableGlobalInt  stm32f1xx_ll_usb.o
    0x08003f08   0x08003f08   0x00000004   Code   RO         1086    i.USB_EP0_OutStart  stm32f1xx_ll_usb.o
    0x08003f0c   0x08003f0c   0x0000006a   Code   RO         1087    i.USB_EPClearStall  stm32f1xx_ll_usb.o
    0x08003f76   0x08003f76   0x0000004a   Code   RO         1088    i.USB_EPSetStall    stm32f1xx_ll_usb.o
    0x08003fc0   0x08003fc0   0x000001aa   Code   RO         1089    i.USB_EPStartXfer   stm32f1xx_ll_usb.o
    0x0800416a   0x0800416a   0x0000000e   Code   RO         1090    i.USB_EnableGlobalInt  stm32f1xx_ll_usb.o
    0x08004178   0x08004178   0x0000000c   Code   RO          305    i.USB_LP_CAN1_RX0_IRQHandler  stm32f1xx_it.o
    0x08004184   0x08004184   0x00000006   Code   RO         1097    i.USB_ReadInterrupts  stm32f1xx_ll_usb.o
    0x0800418a   0x0800418a   0x00000002   PAD
    0x0800418c   0x0800418c   0x0000001e   Code   RO         1098    i.USB_ReadPMA       stm32f1xx_ll_usb.o
    0x080041aa   0x080041aa   0x00000004   Code   RO         1100    i.USB_SetCurrentMode  stm32f1xx_ll_usb.o
    0x080041ae   0x080041ae   0x0000000c   Code   RO         1101    i.USB_SetDevAddress  stm32f1xx_ll_usb.o
    0x080041ba   0x080041ba   0x00000026   Code   RO         1103    i.USB_WritePMA      stm32f1xx_ll_usb.o
    0x080041e0   0x080041e0   0x00000002   Code   RO          306    i.UsageFault_Handler  stm32f1xx_it.o
    0x080041e2   0x080041e2   0x00000002   Code   RO           14    i._Error_Handler    main.o
    0x080041e4   0x080041e4   0x00000028   Code   RO         4027    i.__0sprintf        mc_w.l(printfa.o)
    0x0800420c   0x0800420c   0x00000028   Code   RO         4166    i.__ARM_fpclassify  m_ws.l(fpclassify.o)
    0x08004234   0x08004234   0x00000388   Code   RO         4110    i.__ieee754_rem_pio2  m_ws.l(rred.o)
    0x080045bc   0x080045bc   0x000000fc   Code   RO         4093    i.__kernel_cos      m_ws.l(cos_i.o)
    0x080046b8   0x080046b8   0x000000aa   Code   RO         4168    i.__kernel_poly     m_ws.l(poly.o)
    0x08004762   0x08004762   0x00000002   PAD
    0x08004764   0x08004764   0x000000ec   Code   RO         4115    i.__kernel_sin      m_ws.l(sin_i.o)
    0x08004850   0x08004850   0x00000006   Code   RO         4097    i.__mathlib_dbl_infnan  m_ws.l(dunder.o)
    0x08004856   0x08004856   0x0000000c   Code   RO         4099    i.__mathlib_dbl_invalid  m_ws.l(dunder.o)
    0x08004862   0x08004862   0x00000002   PAD
    0x08004864   0x08004864   0x00000010   Code   RO         4102    i.__mathlib_dbl_underflow  m_ws.l(dunder.o)
    0x08004874   0x08004874   0x0000000c   Code   RO         4149    i.__read_errno      mc_w.l(errno.o)
    0x08004880   0x08004880   0x0000000e   Code   RO         4197    i.__scatterload_copy  mc_w.l(handlers.o)
    0x0800488e   0x0800488e   0x00000002   Code   RO         4198    i.__scatterload_null  mc_w.l(handlers.o)
    0x08004890   0x08004890   0x0000000e   Code   RO         4199    i.__scatterload_zeroinit  mc_w.l(handlers.o)
    0x0800489e   0x0800489e   0x00000002   PAD
    0x080048a0   0x080048a0   0x0000000c   Code   RO         4150    i.__set_errno       mc_w.l(errno.o)
    0x080048ac   0x080048ac   0x00000184   Code   RO         4032    i._fp_digits        mc_w.l(printfa.o)
    0x08004a30   0x08004a30   0x0000000e   Code   RO         4177    i._is_digit         mc_w.l(scanf_fp.o)
    0x08004a3e   0x08004a3e   0x00000002   PAD
    0x08004a40   0x08004a40   0x000006dc   Code   RO         4033    i._printf_core      mc_w.l(printfa.o)
    0x0800511c   0x0800511c   0x00000024   Code   RO         4034    i._printf_post_padding  mc_w.l(printfa.o)
    0x08005140   0x08005140   0x0000002e   Code   RO         4035    i._printf_pre_padding  mc_w.l(printfa.o)
    0x0800516e   0x0800516e   0x0000000a   Code   RO         4037    i._sputc            mc_w.l(printfa.o)
    0x08005178   0x08005178   0x0000002a   Code   RO         3772    i.atof              m_ws.l(atof.o)
    0x080051a2   0x080051a2   0x00000002   PAD
    0x080051a4   0x080051a4   0x00000050   Code   RO         4053    i.free              mc_w.l(malloc.o)
    0x080051f4   0x080051f4   0x0000015c   Code   RO           15    i.main              main.o
    0x08005350   0x08005350   0x0000006c   Code   RO         4054    i.malloc            mc_w.l(malloc.o)
    0x080053bc   0x080053bc   0x000000a0   Code   RO         3776    i.sin               m_ws.l(sin.o)
    0x0800545c   0x0800545c   0x00000010   Data   RO         3369    .constdata          system_stm32f1xx.o
    0x0800546c   0x0800546c   0x00000004   PAD
    0x08005470   0x08005470   0x00000030   Data   RO         4094    .constdata          m_ws.l(cos_i.o)
    0x080054a0   0x080054a0   0x000000c8   Data   RO         4112    .constdata          m_ws.l(rred.o)
    0x08005568   0x08005568   0x00000028   Data   RO         4116    .constdata          m_ws.l(sin_i.o)
    0x08005590   0x08005590   0x00000040   Data   RO         4187    .constdata          mc_w.l(ctype_c.o)
    0x080055d0   0x080055d0   0x00000020   Data   RO         4195    Region$$Table       anon$$obj.o


    Execution Region RW_IRAM1 (Exec base: 0x20000000, Load base: 0x080055f0, Size: 0x00001ff0, Max: 0x00005000, ABSOLUTE, COMPRESSED[0x000000c8])

    Exec Addr    Load Addr    Size         Type   Attr      Idx    E Section Name        Object

    0x20000000   COMPRESSED   0x00000010   Data   RW           16    .data               main.o
    0x20000010   COMPRESSED   0x00000008   Data   RW           17    .data               main.o
    0x20000018   COMPRESSED   0x00000010   Data   RW          308    .data               stm32f1xx_it.o
    0x20000028   COMPRESSED   0x0000001c   Data   RW          683    .data               usbd_desc.o
    0x20000044   COMPRESSED   0x00000016   Data   RW          684    .data               usbd_desc.o
    0x2000005a   COMPRESSED   0x00000002   PAD
    0x2000005c   COMPRESSED   0x00000010   Data   RW          749    .data               usbd_cdc_if.o
    0x2000006c   COMPRESSED   0x0000000c   Data   RW         2502    .data               stm32f1xx_hal.o
    0x20000078   COMPRESSED   0x00000004   Data   RW         3371    .data               system_stm32f1xx.o
    0x2000007c   COMPRESSED   0x00000001   Data   RW         3551    .data               usbd_ctlreq.o
    0x2000007d   COMPRESSED   0x00000003   PAD
    0x20000080   COMPRESSED   0x000000db   Data   RW         3683    .data               usbd_cdc.o
    0x2000015b   COMPRESSED   0x00000001   PAD
    0x2000015c   COMPRESSED   0x00000038   Data   RW         3684    .data               usbd_cdc.o
    0x20000194   COMPRESSED   0x00000004   Data   RW         4146    .data               mc_w.l(mvars.o)
    0x20000198   COMPRESSED   0x00000004   Data   RW         4147    .data               mc_w.l(mvars.o)
    0x2000019c   COMPRESSED   0x00000004   Data   RW         4151    .data               mc_w.l(errno.o)
    0x200001a0        -       0x00000058   Zero   RW          202    .bss                spi.o
    0x200001f8        -       0x00000080   Zero   RW          246    .bss                tim.o
    0x20000278        -       0x00000100   Zero   RW          307    .bss                stm32f1xx_it.o
    0x20000378        -       0x00000224   Zero   RW          435    .bss                usb_device.o
    0x2000059c        -       0x00000680   Zero   RW          499    .bss                usbd_conf.o
    0x20000c1c        -       0x00000200   Zero   RW          682    .bss                usbd_desc.o
    0x20000e1c        -       0x000007d0   Zero   RW          748    .bss                usbd_cdc_if.o
    0x200015ec   COMPRESSED   0x00000004   PAD
    0x200015f0        -       0x00000400   Zero   RW            2    HEAP                startup_stm32f103xb.o
    0x200019f0        -       0x00000600   Zero   RW            1    STACK               startup_stm32f103xb.o


==============================================================================

Image component sizes


      Code (inc. data)   RO Data    RW Data    ZI Data      Debug   Object Name

       100          8          0          0          0        879   gpio.o
       470         26          0         24          0     447552   main.o
       188         44          0          0         88       1581   spi.o
        36          8        236          0       2560        780   startup_stm32f103xb.o
       128         24          0         12          0       3149   stm32f1xx_hal.o
       228         14          0          0          0      27261   stm32f1xx_hal_cortex.o
       454         36          0          0          0       2836   stm32f1xx_hal_gpio.o
       144         10          0          0          0        902   stm32f1xx_hal_msp.o
      1810          0          0          0          0       9829   stm32f1xx_hal_pcd.o
        52          0          0          0          0       1142   stm32f1xx_hal_pcd_ex.o
      1232         80          0          0          0       4442   stm32f1xx_hal_rcc.o
       236         12          0          0          0       1360   stm32f1xx_hal_rcc_ex.o
       654          0          0          0          0       3550   stm32f1xx_hal_spi.o
       130          0          0          0          0       1035   stm32f1xx_hal_spi_ex.o
      1702         40          0          0          0      17522   stm32f1xx_hal_tim.o
       232          0          0          0          0       4245   stm32f1xx_hal_tim_ex.o
       348        100          0         16        256       7996   stm32f1xx_it.o
      1666          0          0          0          0      12359   stm32f1xx_ll_usb.o
        72         16         16          4          0       1135   system_stm32f1xx.o
       640         90          0          0        128       3045   tim.o
        56         18          0          0        548        700   usb_device.o
       590         22          0        275          0      12390   usbd_cdc.o
       128         26          0         16       2000       3189   usbd_cdc_if.o
       660         58          0          0       1664      13125   usbd_conf.o
       592          0          0          0          0       8944   usbd_core.o
       986         30          0          1          0       7604   usbd_ctlreq.o
       212        116          0         50        512       4915   usbd_desc.o
       132          0          0          0          0       4220   usbd_ioreq.o

    ----------------------------------------------------------------------
     13904        778        288        404       7760     607687   Object Totals
         0          0         32          0          0          0   (incl. Generated)
        26          0          4          6          4          0   (incl. Padding)

    ----------------------------------------------------------------------

      Code (inc. data)   RO Data    RW Data    ZI Data      Debug   Library Member Name

        42          0          0          0          0         84   atof.o
       252         22         48          0          0        124   cos_i.o
        34          6          0          0          0        204   dunder.o
        40          0          0          0          0         68   fpclassify.o
       170          0          0          0          0         96   poly.o
       904         76        200          0          0        140   rred.o
       160         10          0          0          0        108   sin.o
       236         12         40          0          0        128   sin_i.o
        86          0          0          0          0          0   __dczerorl2.o
        64          0          0          0          0         84   _sgetc.o
        40          6         64          0          0         68   ctype_c.o
         0          0          0          0          0          0   entry.o
         0          0          0          0          0          0   entry10a.o
         0          0          0          0          0          0   entry11a.o
         8          4          0          0          0          0   entry2.o
         4          0          0          0          0          0   entry5.o
         0          0          0          0          0          0   entry7b.o
         0          0          0          0          0          0   entry8b.o
         8          4          0          0          0          0   entry9a.o
        24         12          0          4          0        136   errno.o
        30          0          0          0          0          0   handlers.o
        36          8          0          0          0         68   init.o
        10          0          0          0          0         68   isspace_c.o
         0          0          0          0          0          0   iusefp.o
        30          0          0          0          0         68   llshl.o
        36          0          0          0          0         68   llsshr.o
        32          0          0          0          0         68   llushr.o
       188         20          0          0          0        160   malloc.o
        36          0          0          0          0         68   memcpya.o
         0          0          0          8          0          0   mvars.o
      2276         86          0          0          0        520   printfa.o
       878         12          0          0          0        216   scanf_fp.o
       156         12          0          0          0        120   strtod.o
        44          0          0          0          0         80   uidiv.o
        98          0          0          0          0         92   uldiv.o
        48          0          0          0          0         68   cdcmple.o
        48          0          0          0          0         68   cdrcmple.o
        56          0          0          0          0         88   d2f.o
       334          0          0          0          0        148   dadd.o
       222          0          0          0          0        100   ddiv.o
       186          0          0          0          0        176   depilogue.o
        62          0          0          0          0         80   dfixi.o
        50          0          0          0          0         76   dfixui.o
        48          0          0          0          0         68   dfixul.o
        34          0          0          0          0         76   dflti.o
        26          0          0          0          0         76   dfltui.o
        24          0          0          0          0         76   dfltul.o
       228          0          0          0          0         96   dmul.o
        46          0          0          0          0         80   dscalb.o
       110          0          0          0          0        168   fepilogue.o

    ----------------------------------------------------------------------
      7456        290        352         12          0       4280   Library Totals
        12          0          0          0          0          0   (incl. Padding)

    ----------------------------------------------------------------------

      Code (inc. data)   RO Data    RW Data    ZI Data      Debug   Library Name

      1838        126        288          0          0        952   m_ws.l
      4084        164         64         12          0       1884   mc_w.l
      1522          0          0          0          0       1444   mf_w.l

    ----------------------------------------------------------------------
      7456        290        352         12          0       4280   Library Totals

    ----------------------------------------------------------------------

==============================================================================


      Code (inc. data)   RO Data    RW Data    ZI Data      Debug   

     21360       1068        640        416       7760     600291   Grand Totals
     21360       1068        640        200       7760     600291   ELF Image Totals (compressed)
     21360       1068        640        200          0          0   ROM Totals

==============================================================================

    Total RO  Size (Code + RO Data)                22000 (  21.48kB)
    Total RW  Size (RW Data + ZI Data)              8176 (   7.98kB)
    Total ROM Size (Code + RO Data + RW Data)      22200 (  21.68kB)

==============================================================================

